11-03 17:22:29.314 I/ActivityManager( 1866): START u0 {flg=0x18000000 cmp=com.tencent.mm/.plugin.base.stub.WXEntryActivity (has extras)} from uid 10339

11-03 17:22:30.348 W/BaseMiuiPhoneWindowManager( 1866): keyCode:166 down:true eventTime:9539284 downTime:9539284 policyFlags:2b000000 flags:8 deviceId:-1 isScreenOn:true keyguardActive:false repeatCount:0

11-03 17:22:30.359 W/BaseMiuiPhoneWindowManager( 1866): keyCode:166 down:false eventTime:9539295 downTime:9539295 policyFlags:2b000000 flags:8 deviceId:-1 isScreenOn:true keyguardActive:false repeatCount:0

11-03 17:22:30.872 W/BaseMiuiPhoneWindowManager( 1866): keyCode:82 down:true eventTime:9539806 downTime:9539806 policyFlags:2b000000 flags:8 deviceId:-1 isScreenOn:true keyguardActive:false repeatCount:0

11-03 17:22:30.880 W/BaseMiuiPhoneWindowManager( 1866): keyCode:82 down:false eventTime:9539815 downTime:9539815 policyFlags:2b000000 flags:8 deviceId:-1 isScreenOn:true keyguardActive:false repeatCount:0

11-03 17:22:30.951 I/ActivityManager( 1866): START u0 {flg=0x10884000 cmp=com.android.systemui/.recents.RecentsActivity} from uid 1000

11-03 17:22:31.910 W/BaseMiuiPhoneWindowManager( 1866): keyCode:167 down:true eventTime:9540846 downTime:9540846 policyFlags:2b000000 flags:8 deviceId:-1 isScreenOn:true keyguardActive:false repeatCount:0

11-03 17:22:31.914 W/BaseMiuiPhoneWindowManager( 1866): keyCode:167 down:false eventTime:9540849 downTime:9540849 policyFlags:2b000000 flags:8 deviceId:-1 isScreenOn:true keyguardActive:false repeatCount:0

11-03 17:22:32.930 W/BaseMiuiPhoneWindowManager( 1866): keyCode:23 down:true eventTime:9541865 downTime:9541865 policyFlags:2b000000 flags:8 deviceId:-1 isScreenOn:true keyguardActive:false repeatCount:0

11-03 17:22:32.936 W/BaseMiuiPhoneWindowManager( 1866): keyCode:23 down:false eventTime:9541871 downTime:9541871 policyFlags:2b000000 flags:8 deviceId:-1 isScreenOn:true keyguardActive:false repeatCount:0

11-03 17:22:33.441 W/BaseMiuiPhoneWindowManager( 1866): keyCode:82 down:true eventTime:9542376 downTime:9542376 policyFlags:2b000000 flags:8 deviceId:-1 isScreenOn:true keyguardActive:false repeatCount:0

11-03 17:22:33.445 W/BaseMiuiPhoneWindowManager( 1866): keyCode:82 down:false eventTime:9542380 downTime:9542380 policyFlags:2b000000 flags:8 deviceId:-1 isScreenOn:true keyguardActive:false repeatCount:0

11-03 17:22:33.496 I/ActivityManager( 1866): START u0 {flg=0x10884000 cmp=com.android.systemui/.recents.RecentsActivity} from uid 1000

11-03 17:22:33.960 W/BaseMiuiPhoneWindowManager( 1866): keyCode:29 down:true eventTime:9542894 downTime:9542894 policyFlags:2b000000 flags:8 deviceId:-1 isScreenOn:true keyguardActive:false repeatCount:0

11-03 17:22:33.966 W/BaseMiuiPhoneWindowManager( 1866): keyCode:29 down:false eventTime:9542902 downTime:9542902 policyFlags:2b000000 flags:8 deviceId:-1 isScreenOn:true keyguardActive:false repeatCount:0

11-03 17:22:34.476 W/BaseMiuiPhoneWindowManager( 1866): keyCode:3 down:true eventTime:9543410 downTime:9543410 policyFlags:2b000000 flags:8 deviceId:-1 isScreenOn:true keyguardActive:false repeatCount:0

11-03 17:22:34.486 W/BaseMiuiPhoneWindowManager( 1866): keyCode:3 down:false eventTime:9543421 downTime:9543421 policyFlags:2b000000 flags:8 deviceId:-1 isScreenOn:true keyguardActive:false repeatCount:0

11-03 17:22:34.501 I/ActivityManager( 1866): START u0 {act=android.intent.action.MAIN cat=[android.intent.category.HOME] flg=0x10200000 cmp=com.miui.home/.launcher.Launcher (has extras)} from uid 1000

11-03 17:22:34.520 I/set_top_app( 1866): success /proc/2664/task/2664/top_app:1

11-03 17:22:34.520 I/set_top_app( 1866): success /proc/2664/task/2974/top_app:2

11-03 17:22:34.526 I/set_top_app( 1866): success /proc/6801/task/6801/top_app:0

11-03 17:22:34.526 I/set_top_app( 1866): success /proc/6801/task/8733/top_app:0

11-03 17:22:34.527 I/set_top_app( 1866): success /proc/8247/task/8247/top_app:0

11-03 17:22:34.531 I/Timeline( 1866): Timeline: App_transition_ready time:9543467

11-03 17:22:34.533 I/Timeline( 1866): Timeline: App_transition_ready time:9543469

11-03 17:22:34.535 I/Timeline( 1866): Timeline: App_transition_ready time:9543471

11-03 17:22:34.536 I/Timeline( 1866): Timeline: App_transition_ready time:9543472

11-03 17:22:34.536 D/ActivityManager( 1866): Raise procstate to external provider: ProcessRecord{329313c 6879:com.guokr.mentor:pushcore/u0a339}

11-03 17:22:34.546 D/ActivityManager( 1866): Raise procstate to external provider: ProcessRecord{329313c 6879:com.guokr.mentor:pushcore/u0a339}

11-03 17:22:34.556 V/UiModeManager( 1866): switch night mode to 1

11-03 17:22:34.560 I/Timeline( 1866): Timeline: App_transition_ready time:9543496

11-03 17:22:34.570 I/Timeline( 1866): Timeline: App_transition_ready time:9543506

11-03 17:22:34.595 I/Timeline( 1866): Timeline: App_transition_ready time:9543531

11-03 17:22:34.902 I/Timeline( 1866): Timeline: Activity_windows_visible id: ActivityRecord{c2822f7 u0 com.miui.home/.launcher.Launcher t1} time:9543838

11-03 17:22:34.904 I/Timeline( 1866): Timeline: App_transition_stopped time:9543840

11-03 17:22:35.561 W/BaseMiuiPhoneWindowManager( 1866): keyCode:22 down:true eventTime:9544495 downTime:9544495 policyFlags:2b000000 flags:8 deviceId:-1 isScreenOn:true keyguardActive:false repeatCount:0

11-03 17:22:35.566 W/BaseMiuiPhoneWindowManager( 1866): keyCode:22 down:false eventTime:9544501 downTime:9544501 policyFlags:2b000000 flags:8 deviceId:-1 isScreenOn:true keyguardActive:false repeatCount:0

11-03 17:22:36.600 W/BaseMiuiPhoneWindowManager( 1866): keyCode:23 down:true eventTime:9545536 downTime:9545536 policyFlags:2b000000 flags:8 deviceId:-1 isScreenOn:true keyguardActive:false repeatCount:0

11-03 17:22:36.625 I/Timeline( 2664): Timeline: Activity_launch_request time:9545561

11-03 17:22:36.625 W/BaseMiuiPhoneWindowManager( 1866): keyCode:23 down:false eventTime:9545561 downTime:9545561 policyFlags:2b000000 flags:8 deviceId:-1 isScreenOn:true keyguardActive:false repeatCount:0

11-03 17:22:36.631 I/ActivityManager( 1866): START u0 {act=android.intent.action.VIEW dat=http://www.miui.com/... cmp=android/com.android.internal.app.ResolverActivity (has extras)} from uid 10046

11-03 17:22:37.146 I/ActivityManager( 1866): START u0 {act=android.intent.action.MAIN cat=[android.intent.category.LAUNCHER] flg=0x10200000 cmp=com.guokr.mentor/.activity.MainActivity} from uid 2000

11-03 17:22:37.177 I/set_top_app( 1866): success /proc/2664/task/2664/top_app:0

11-03 17:22:37.178 I/set_top_app( 1866): success /proc/2664/task/2974/top_app:0

11-03 17:22:37.181 I/set_top_app( 1866): success /proc/6801/task/6801/top_app:1

11-03 17:22:37.182 I/set_top_app( 1866): success /proc/6801/task/8733/top_app:2

11-03 17:22:37.186 I/Timeline( 1866): Timeline: App_transition_ready time:9546122

11-03 17:22:37.190 I/Timeline( 1866): Timeline: App_transition_ready time:9546126

11-03 17:22:37.198 V/UiModeManager( 1866): switch night mode to 1

11-03 17:22:37.200 I/Timeline( 1866): Timeline: App_transition_ready time:9546136

11-03 17:22:37.224 I/Timeline( 1866): Timeline: App_transition_ready time:9546160

11-03 17:22:37.778 I/Timeline( 1866): Timeline: Activity_windows_visible id: ActivityRecord{54a903 u0 com.guokr.mentor/.activity.MainActivity t1489} time:9546714

11-03 17:22:37.778 I/Timeline( 1866): Timeline: App_transition_stopped time:9546714

11-03 17:22:38.701 W/BaseMiuiPhoneWindowManager( 1866): keyCode:20 down:true eventTime:9547636 downTime:9547636 policyFlags:2b000000 flags:8 deviceId:-1 isScreenOn:true keyguardActive:false repeatCount:0

11-03 17:22:38.704 W/BaseMiuiPhoneWindowManager( 1866): keyCode:20 down:false eventTime:9547640 downTime:9547640 policyFlags:2b000000 flags:8 deviceId:-1 isScreenOn:true keyguardActive:false repeatCount:0

11-03 17:22:39.210 W/BaseMiuiPhoneWindowManager( 1866): keyCode:21 down:true eventTime:9548144 downTime:9548144 policyFlags:2b000000 flags:8 deviceId:-1 isScreenOn:true keyguardActive:false repeatCount:0

11-03 17:22:39.217 W/BaseMiuiPhoneWindowManager( 1866): keyCode:21 down:false eventTime:9548152 downTime:9548152 policyFlags:2b000000 flags:8 deviceId:-1 isScreenOn:true keyguardActive:false repeatCount:0

11-03 17:22:39.726 W/BaseMiuiPhoneWindowManager( 1866): keyCode:19 down:true eventTime:9548662 downTime:9548662 policyFlags:2b000000 flags:8 deviceId:-1 isScreenOn:true keyguardActive:false repeatCount:0

11-03 17:22:39.731 W/BaseMiuiPhoneWindowManager( 1866): keyCode:19 down:false eventTime:9548666 downTime:9548666 policyFlags:2b000000 flags:8 deviceId:-1 isScreenOn:true keyguardActive:false repeatCount:0

11-03 17:22:40.760 W/BaseMiuiPhoneWindowManager( 1866): keyCode:20 down:true eventTime:9549696 downTime:9549696 policyFlags:2b000000 flags:8 deviceId:-1 isScreenOn:true keyguardActive:false repeatCount:0

11-03 17:22:40.763 W/BaseMiuiPhoneWindowManager( 1866): keyCode:20 down:false eventTime:9549699 downTime:9549699 policyFlags:2b000000 flags:8 deviceId:-1 isScreenOn:true keyguardActive:false repeatCount:0

11-03 17:22:41.365 I/set_top_app( 1866): success /proc/2280/task/2280/top_app:0

11-03 17:22:41.366 I/set_top_app( 1866): success /proc/2280/task/2461/top_app:0

11-03 17:22:43.357 W/BaseMiuiPhoneWindowManager( 1866): keyCode:20 down:true eventTime:9552293 downTime:9552293 policyFlags:2b000000 flags:8 deviceId:-1 isScreenOn:true keyguardActive:false repeatCount:0

11-03 17:22:43.390 W/BaseMiuiPhoneWindowManager( 1866): keyCode:20 down:false eventTime:9552326 downTime:9552326 policyFlags:2b000000 flags:8 deviceId:-1 isScreenOn:true keyguardActive:false repeatCount:0

11-03 17:22:43.969 I/set_top_app( 1866): success /proc/2280/task/2280/top_app:0

11-03 17:22:43.969 I/set_top_app( 1866): success /proc/2280/task/2461/top_app:0

11-03 17:22:44.177 E/storaged(  935): getDiskStats failed with result NOT_SUPPORTED and size 0

11-03 17:22:44.414 W/BaseMiuiPhoneWindowManager( 1866): keyCode:23 down:true eventTime:9553349 downTime:9553349 policyFlags:2b000000 flags:8 deviceId:-1 isScreenOn:true keyguardActive:false repeatCount:0

11-03 17:22:44.417 W/BaseMiuiPhoneWindowManager( 1866): keyCode:23 down:false eventTime:9553353 downTime:9553353 policyFlags:2b000000 flags:8 deviceId:-1 isScreenOn:true keyguardActive:false repeatCount:0

11-03 17:22:45.442 W/BaseMiuiPhoneWindowManager( 1866): keyCode:23 down:true eventTime:9554377 downTime:9554377 policyFlags:2b000000 flags:8 deviceId:-1 isScreenOn:true keyguardActive:false repeatCount:0

11-03 17:22:45.446 W/BaseMiuiPhoneWindowManager( 1866): keyCode:23 down:false eventTime:9554381 downTime:9554381 policyFlags:2b000000 flags:8 deviceId:-1 isScreenOn:true keyguardActive:false repeatCount:0

11-03 17:22:45.954 W/BaseMiuiPhoneWindowManager( 1866): keyCode:21 down:true eventTime:9554889 downTime:9554889 policyFlags:2b000000 flags:8 deviceId:-1 isScreenOn:true keyguardActive:false repeatCount:0

11-03 17:22:45.963 W/BaseMiuiPhoneWindowManager( 1866): keyCode:21 down:false eventTime:9554895 downTime:9554895 policyFlags:2b000000 flags:8 deviceId:-1 isScreenOn:true keyguardActive:false repeatCount:0

11-03 17:22:46.991 W/BaseMiuiPhoneWindowManager( 1866): keyCode:22 down:true eventTime:9555926 downTime:9555926 policyFlags:2b000000 flags:8 deviceId:-1 isScreenOn:true keyguardActive:false repeatCount:0

11-03 17:22:46.994 W/BaseMiuiPhoneWindowManager( 1866): keyCode:22 down:false eventTime:9555929 downTime:9555929 policyFlags:2b000000 flags:8 deviceId:-1 isScreenOn:true keyguardActive:false repeatCount:0

11-03 17:22:47.500 W/BaseMiuiPhoneWindowManager( 1866): keyCode:22 down:true eventTime:9556434 downTime:9556434 policyFlags:2b000000 flags:8 deviceId:-1 isScreenOn:true keyguardActive:false repeatCount:0

11-03 17:22:47.508 W/BaseMiuiPhoneWindowManager( 1866): keyCode:22 down:false eventTime:9556443 downTime:9556443 policyFlags:2b000000 flags:8 deviceId:-1 isScreenOn:true keyguardActive:false repeatCount:0

11-03 17:22:48.015 W/BaseMiuiPhoneWindowManager( 1866): keyCode:19 down:true eventTime:9556949 downTime:9556949 policyFlags:2b000000 flags:8 deviceId:-1 isScreenOn:true keyguardActive:false repeatCount:0

11-03 17:22:48.020 W/BaseMiuiPhoneWindowManager( 1866): keyCode:19 down:false eventTime:9556955 downTime:9556955 policyFlags:2b000000 flags:8 deviceId:-1 isScreenOn:true keyguardActive:false repeatCount:0

11-03 17:22:48.535 I/ActivityManager( 1866): START u0 {act=android.intent.action.MAIN cat=[android.intent.category.LAUNCHER] flg=0x10200000 cmp=com.guokr.mentor/.activity.MainActivity} from uid 2000

11-03 17:22:48.556 D/ActivityManager( 1866): Raise procstate to external provider: ProcessRecord{329313c 6879:com.guokr.mentor:pushcore/u0a339}

11-03 17:22:48.558 D/ActivityManager( 1866): Raise procstate to external provider: ProcessRecord{329313c 6879:com.guokr.mentor:pushcore/u0a339}

11-03 17:22:48.562 D/ActivityManager( 1866): Raise procstate to external provider: ProcessRecord{329313c 6879:com.guokr.mentor:pushcore/u0a339}

11-03 17:22:49.577 W/BaseMiuiPhoneWindowManager( 1866): keyCode:82 down:true eventTime:9558512 downTime:9558512 policyFlags:2b000000 flags:8 deviceId:-1 isScreenOn:true keyguardActive:false repeatCount:0

11-03 17:22:49.581 W/BaseMiuiPhoneWindowManager( 1866): keyCode:82 down:false eventTime:9558516 downTime:9558516 policyFlags:2b000000 flags:8 deviceId:-1 isScreenOn:true keyguardActive:false repeatCount:0

11-03 17:22:49.620 I/ActivityManager( 1866): START u0 {flg=0x10884000 cmp=com.android.systemui/.recents.RecentsActivity} from uid 1000

11-03 17:22:50.090 I/ActivityManager( 1866): START u0 {act=android.intent.action.MAIN cat=[android.intent.category.LAUNCHER] flg=0x10200000 cmp=com.guokr.mentor/.activity.MainActivity} from uid 2000

11-03 17:22:50.098 D/ActivityManager( 1866): Raise procstate to external provider: ProcessRecord{329313c 6879:com.guokr.mentor:pushcore/u0a339}

11-03 17:22:50.101 D/ActivityManager( 1866): Raise procstate to external provider: ProcessRecord{329313c 6879:com.guokr.mentor:pushcore/u0a339}

11-03 17:22:50.602 W/BaseMiuiPhoneWindowManager( 1866): keyCode:23 down:true eventTime:9559537 downTime:9559537 policyFlags:2b000000 flags:8 deviceId:-1 isScreenOn:true keyguardActive:false repeatCount:0

11-03 17:22:50.606 W/BaseMiuiPhoneWindowManager( 1866): keyCode:23 down:false eventTime:9559542 downTime:9559542 policyFlags:2b000000 flags:8 deviceId:-1 isScreenOn:true keyguardActive:false repeatCount:0

11-03 17:22:51.143 W/BaseMiuiPhoneWindowManager( 1866): keyCode:82 down:true eventTime:9560079 downTime:9560079 policyFlags:2b000000 flags:8 deviceId:-1 isScreenOn:true keyguardActive:false repeatCount:0

11-03 17:22:51.148 W/BaseMiuiPhoneWindowManager( 1866): keyCode:82 down:false eventTime:9560084 downTime:9560084 policyFlags:2b000000 flags:8 deviceId:-1 isScreenOn:true keyguardActive:false repeatCount:0

11-03 17:22:51.187 I/ActivityManager( 1866): START u0 {flg=0x10884000 cmp=com.android.systemui/.recents.RecentsActivity} from uid 1000

11-03 17:22:51.693 W/BaseMiuiPhoneWindowManager( 1866): keyCode:255 down:true eventTime:9560629 downTime:9560629 policyFlags:2b000000 flags:8 deviceId:-1 isScreenOn:true keyguardActive:false repeatCount:0

11-03 17:22:51.717 W/BaseMiuiPhoneWindowManager( 1866): keyCode:255 down:false eventTime:9560653 downTime:9560653 policyFlags:2b000000 flags:8 deviceId:-1 isScreenOn:true keyguardActive:false repeatCount:0

11-03 17:22:52.223 W/BaseMiuiPhoneWindowManager( 1866): keyCode:22 down:true eventTime:9561158 downTime:9561158 policyFlags:2b000000 flags:8 deviceId:-1 isScreenOn:true keyguardActive:false repeatCount:0

11-03 17:22:52.227 W/BaseMiuiPhoneWindowManager( 1866): keyCode:22 down:false eventTime:9561162 downTime:9561162 policyFlags:2b000000 flags:8 deviceId:-1 isScreenOn:true keyguardActive:false repeatCount:0

11-03 17:22:52.732 W/BaseMiuiPhoneWindowManager( 1866): keyCode:21 down:true eventTime:9561667 downTime:9561667 policyFlags:2b000000 flags:8 deviceId:-1 isScreenOn:true keyguardActive:false repeatCount:0

11-03 17:22:52.738 W/BaseMiuiPhoneWindowManager( 1866): keyCode:21 down:false eventTime:9561673 downTime:9561673 policyFlags:2b000000 flags:8 deviceId:-1 isScreenOn:true keyguardActive:false repeatCount:0

11-03 17:22:53.261 W/BaseMiuiPhoneWindowManager( 1866): keyCode:20 down:true eventTime:9562196 downTime:9562196 policyFlags:2b000000 flags:8 deviceId:-1 isScreenOn:true keyguardActive:false repeatCount:0

11-03 17:22:53.267 W/BaseMiuiPhoneWindowManager( 1866): keyCode:20 down:false eventTime:9562202 downTime:9562202 policyFlags:2b000000 flags:8 deviceId:-1 isScreenOn:true keyguardActive:false repeatCount:0

11-03 17:22:54.315 W/BaseMiuiPhoneWindowManager( 1866): keyCode:202 down:true eventTime:9563248 downTime:9563248 policyFlags:2b000000 flags:8 deviceId:-1 isScreenOn:true keyguardActive:false repeatCount:0

11-03 17:22:54.321 W/BaseMiuiPhoneWindowManager( 1866): keyCode:23 down:true eventTime:9563248 downTime:9563248 policyFlags:6b000000 flags:408 deviceId:-1 isScreenOn:true keyguardActive:false repeatCount:0

11-03 17:22:54.322 W/BaseMiuiPhoneWindowManager( 1866): keyCode:202 down:false eventTime:9563257 downTime:9563257 policyFlags:2b000000 flags:8 deviceId:-1 isScreenOn:true keyguardActive:false repeatCount:0

11-03 17:22:54.330 W/BaseMiuiPhoneWindowManager( 1866): keyCode:23 down:false eventTime:9563257 downTime:9563257 policyFlags:6b000000 flags:408 deviceId:-1 isScreenOn:true keyguardActive:false repeatCount:0

11-03 17:22:54.832 W/BaseMiuiPhoneWindowManager( 1866): keyCode:205 down:true eventTime:9563766 downTime:9563766 policyFlags:2b000000 flags:8 deviceId:-1 isScreenOn:true keyguardActive:false repeatCount:0

11-03 17:22:54.840 W/BaseMiuiPhoneWindowManager( 1866): keyCode:205 down:false eventTime:9563774 downTime:9563774 policyFlags:2b000000 flags:8 deviceId:-1 isScreenOn:true keyguardActive:false repeatCount:0

11-03 17:22:56.881 W/BaseMiuiPhoneWindowManager( 1866): keyCode:19 down:true eventTime:9565815 downTime:9565815 policyFlags:2b000000 flags:8 deviceId:-1 isScreenOn:true keyguardActive:false repeatCount:0

11-03 17:22:56.886 W/BaseMiuiPhoneWindowManager( 1866): keyCode:19 down:false eventTime:9565821 downTime:9565821 policyFlags:2b000000 flags:8 deviceId:-1 isScreenOn:true keyguardActive:false repeatCount:0

11-03 17:22:57.425 W/BaseMiuiPhoneWindowManager( 1866): keyCode:19 down:true eventTime:9566360 downTime:9566360 policyFlags:2b000000 flags:8 deviceId:-1 isScreenOn:true keyguardActive:false repeatCount:0

11-03 17:22:57.433 W/BaseMiuiPhoneWindowManager( 1866): keyCode:19 down:false eventTime:9566369 downTime:9566369 policyFlags:2b000000 flags:8 deviceId:-1 isScreenOn:true keyguardActive:false repeatCount:0

11-03 17:22:57.946 W/BaseMiuiPhoneWindowManager( 1866): keyCode:21 down:true eventTime:9566880 downTime:9566880 policyFlags:2b000000 flags:8 deviceId:-1 isScreenOn:true keyguardActive:false repeatCount:0

11-03 17:22:57.953 W/BaseMiuiPhoneWindowManager( 1866): keyCode:21 down:false eventTime:9566886 downTime:9566886 policyFlags:2b000000 flags:8 deviceId:-1 isScreenOn:true keyguardActive:false repeatCount:0

11-03 17:22:58.460 W/BaseMiuiPhoneWindowManager( 1866): keyCode:25 down:true eventTime:9567396 downTime:9567396 policyFlags:2b000000 flags:8 deviceId:-1 isScreenOn:true keyguardActive:false repeatCount:0

11-03 17:22:58.614 W/BaseMiuiPhoneWindowManager( 1866): keyCode:25 down:false eventTime:9567549 downTime:9567549 policyFlags:2b000000 flags:8 deviceId:-1 isScreenOn:true keyguardActive:false repeatCount:0

11-03 17:22:59.123 W/BaseMiuiPhoneWindowManager( 1866): keyCode:101 down:true eventTime:9568059 downTime:9568059 policyFlags:2b000000 flags:8 deviceId:-1 isScreenOn:true keyguardActive:false repeatCount:0

11-03 17:22:59.126 W/BaseMiuiPhoneWindowManager( 1866): keyCode:101 down:false eventTime:9568062 downTime:9568062 policyFlags:2b000000 flags:8 deviceId:-1 isScreenOn:true keyguardActive:false repeatCount:0

11-03 17:22:59.127 W/BaseMiuiPhoneWindowManager( 1866): keyCode:23 down:true eventTime:9568059 downTime:9568059 policyFlags:6b000000 flags:408 deviceId:-1 isScreenOn:true keyguardActive:false repeatCount:0

11-03 17:22:59.130 W/BaseMiuiPhoneWindowManager( 1866): keyCode:23 down:false eventTime:9568062 downTime:9568062 policyFlags:6b000000 flags:408 deviceId:-1 isScreenOn:true keyguardActive:false repeatCount:0

11-03 17:22:59.632 W/BaseMiuiPhoneWindowManager( 1866): keyCode:19 down:true eventTime:9568567 downTime:9568567 policyFlags:2b000000 flags:8 deviceId:-1 isScreenOn:true keyguardActive:false repeatCount:0

11-03 17:22:59.642 W/BaseMiuiPhoneWindowManager( 1866): keyCode:19 down:false eventTime:9568577 downTime:9568577 policyFlags:2b000000 flags:8 deviceId:-1 isScreenOn:true keyguardActive:false repeatCount:0

11-03 17:23:00.175 W/BaseMiuiPhoneWindowManager( 1866): keyCode:22 down:true eventTime:9569111 downTime:9569111 policyFlags:2b000000 flags:8 deviceId:-1 isScreenOn:true keyguardActive:false repeatCount:0

11-03 17:23:00.180 W/BaseMiuiPhoneWindowManager( 1866): keyCode:22 down:false eventTime:9569115 downTime:9569115 policyFlags:2b000000 flags:8 deviceId:-1 isScreenOn:true keyguardActive:false repeatCount:0

11-03 17:23:00.693 W/BaseMiuiPhoneWindowManager( 1866): keyCode:19 down:true eventTime:9569627 downTime:9569627 policyFlags:2b000000 flags:8 deviceId:-1 isScreenOn:true keyguardActive:false repeatCount:0

11-03 17:23:00.702 W/BaseMiuiPhoneWindowManager( 1866): keyCode:19 down:false eventTime:9569636 downTime:9569636 policyFlags:2b000000 flags:8 deviceId:-1 isScreenOn:true keyguardActive:false repeatCount:0

11-03 17:23:02.260 W/BaseMiuiPhoneWindowManager( 1866): keyCode:22 down:true eventTime:9571194 downTime:9571194 policyFlags:2b000000 flags:8 deviceId:-1 isScreenOn:true keyguardActive:false repeatCount:0

11-03 17:23:02.264 W/BaseMiuiPhoneWindowManager( 1866): keyCode:22 down:false eventTime:9571199 downTime:9571199 policyFlags:2b000000 flags:8 deviceId:-1 isScreenOn:true keyguardActive:false repeatCount:0

11-03 17:23:03.335 W/BaseMiuiPhoneWindowManager( 1866): keyCode:20 down:true eventTime:9572270 downTime:9572270 policyFlags:2b000000 flags:8 deviceId:-1 isScreenOn:true keyguardActive:false repeatCount:0

11-03 17:23:03.359 W/BaseMiuiPhoneWindowManager( 1866): keyCode:20 down:false eventTime:9572294 downTime:9572294 policyFlags:2b000000 flags:8 deviceId:-1 isScreenOn:true keyguardActive:false repeatCount:0

11-03 17:23:04.381 W/BaseMiuiPhoneWindowManager( 1866): keyCode:20 down:true eventTime:9573315 downTime:9573315 policyFlags:2b000000 flags:8 deviceId:-1 isScreenOn:true keyguardActive:false repeatCount:0

11-03 17:23:04.389 W/BaseMiuiPhoneWindowManager( 1866): keyCode:20 down:false eventTime:9573324 downTime:9573324 policyFlags:2b000000 flags:8 deviceId:-1 isScreenOn:true keyguardActive:false repeatCount:0

11-03 17:23:04.899 W/BaseMiuiPhoneWindowManager( 1866): keyCode:23 down:true eventTime:9573833 downTime:9573833 policyFlags:2b000000 flags:8 deviceId:-1 isScreenOn:true keyguardActive:false repeatCount:0

11-03 17:23:04.908 W/BaseMiuiPhoneWindowManager( 1866): keyCode:23 down:false eventTime:9573842 downTime:9573842 policyFlags:2b000000 flags:8 deviceId:-1 isScreenOn:true keyguardActive:false repeatCount:0

11-03 17:23:05.920 W/BaseMiuiPhoneWindowManager( 1866): keyCode:22 down:true eventTime:9574854 downTime:9574854 policyFlags:2b000000 flags:8 deviceId:-1 isScreenOn:true keyguardActive:false repeatCount:0

11-03 17:23:05.928 W/BaseMiuiPhoneWindowManager( 1866): keyCode:22 down:false eventTime:9574863 downTime:9574863 policyFlags:2b000000 flags:8 deviceId:-1 isScreenOn:true keyguardActive:false repeatCount:0

11-03 17:23:06.959 W/BaseMiuiPhoneWindowManager( 1866): keyCode:21 down:true eventTime:9575895 downTime:9575895 policyFlags:2b000000 flags:8 deviceId:-1 isScreenOn:true keyguardActive:false repeatCount:0

11-03 17:23:06.962 W/BaseMiuiPhoneWindowManager( 1866): keyCode:21 down:false eventTime:9575897 downTime:9575897 policyFlags:2b000000 flags:8 deviceId:-1 isScreenOn:true keyguardActive:false repeatCount:0

11-03 17:23:07.467 W/BaseMiuiPhoneWindowManager( 1866): keyCode:3 down:true eventTime:9576402 downTime:9576402 policyFlags:2b000000 flags:8 deviceId:-1 isScreenOn:true keyguardActive:false repeatCount:0

11-03 17:23:07.471 W/BaseMiuiPhoneWindowManager( 1866): keyCode:3 down:false eventTime:9576406 downTime:9576406 policyFlags:2b000000 flags:8 deviceId:-1 isScreenOn:true keyguardActive:false repeatCount:0

11-03 17:23:07.478 I/ActivityManager( 1866): START u0 {act=android.intent.action.MAIN cat=[android.intent.category.HOME] flg=0x10200000 cmp=com.miui.home/.launcher.Launcher (has extras)} from uid 1000

11-03 17:23:07.490 I/set_top_app( 1866): success /proc/2664/task/2664/top_app:1

11-03 17:23:07.490 I/set_top_app( 1866): success /proc/2664/task/2974/top_app:2

11-03 17:23:07.496 I/set_top_app( 1866): success /proc/6801/task/6801/top_app:0

11-03 17:23:07.496 I/set_top_app( 1866): success /proc/6801/task/8733/top_app:0

11-03 17:23:07.497 I/set_top_app( 1866): success /proc/8247/task/8247/top_app:0

11-03 17:23:07.503 I/Timeline( 1866): Timeline: App_transition_ready time:9576439

11-03 17:23:07.504 I/Timeline( 1866): Timeline: App_transition_ready time:9576440

11-03 17:23:07.505 I/Timeline( 1866): Timeline: App_transition_ready time:9576441

11-03 17:23:07.505 D/ActivityManager( 1866): Raise procstate to external provider: ProcessRecord{329313c 6879:com.guokr.mentor:pushcore/u0a339}

11-03 17:23:07.514 D/ActivityManager( 1866): Raise procstate to external provider: ProcessRecord{329313c 6879:com.guokr.mentor:pushcore/u0a339}

11-03 17:23:07.525 V/UiModeManager( 1866): switch night mode to 1

11-03 17:23:07.529 I/Timeline( 1866): Timeline: App_transition_ready time:9576465

11-03 17:23:07.531 I/Timeline( 1866): Timeline: App_transition_ready time:9576467

11-03 17:23:07.559 I/Timeline( 1866): Timeline: App_transition_ready time:9576495

11-03 17:23:07.862 I/Timeline( 1866): Timeline: Activity_windows_visible id: ActivityRecord{c2822f7 u0 com.miui.home/.launcher.Launcher t1} time:9576798

11-03 17:23:07.866 I/Timeline( 1866): Timeline: App_transition_stopped time:9576802

11-03 17:23:08.005 W/BaseMiuiPhoneWindowManager( 1866): keyCode:82 down:true eventTime:9576941 downTime:9576941 policyFlags:2b000000 flags:8 deviceId:-1 isScreenOn:true keyguardActive:false repeatCount:0

11-03 17:23:08.007 W/BaseMiuiPhoneWindowManager( 1866): keyCode:82 down:false eventTime:9576943 downTime:9576943 policyFlags:2b000000 flags:8 deviceId:-1 isScreenOn:true keyguardActive:false repeatCount:0

11-03 17:23:08.019 I/ActivityManager( 1866): START u0 {flg=0x10884000 cmp=com.android.systemui/.recents.RecentsActivity} from uid 1000

11-03 17:23:08.514 W/BaseMiuiPhoneWindowManager( 1866): keyCode:20 down:true eventTime:9577448 downTime:9577448 policyFlags:2b000000 flags:8 deviceId:-1 isScreenOn:true keyguardActive:false repeatCount:0

11-03 17:23:08.520 W/BaseMiuiPhoneWindowManager( 1866): keyCode:20 down:false eventTime:9577455 downTime:9577455 policyFlags:2b000000 flags:8 deviceId:-1 isScreenOn:true keyguardActive:false repeatCount:0

11-03 17:23:09.586 I/Timeline( 2664): Timeline: Activity_launch_request time:9578522

11-03 17:23:09.590 I/ActivityManager( 1866): START u0 {act=android.intent.action.SEARCH dat=qsb://query?ref=home_search_home_search_theme_provision flg=0x10200000 cmp=com.android.quicksearchbox/.SearchActivity} from uid 10046

11-03 17:23:10.068 W/BaseMiuiPhoneWindowManager( 1866): keyCode:100 down:true eventTime:9579003 downTime:9579003 policyFlags:2b000000 flags:8 deviceId:-1 isScreenOn:true keyguardActive:false repeatCount:0

11-03 17:23:10.069 W/BaseMiuiPhoneWindowManager( 1866): keyCode:4 down:true eventTime:9579003 downTime:9579003 policyFlags:6b000000 flags:408 deviceId:-1 isScreenOn:true keyguardActive:false repeatCount:0

11-03 17:23:10.069 W/BaseMiuiPhoneWindowManager( 1866): keyCode:100 down:false eventTime:9579005 downTime:9579005 policyFlags:2b000000 flags:8 deviceId:-1 isScreenOn:true keyguardActive:false repeatCount:0

11-03 17:23:10.071 W/BaseMiuiPhoneWindowManager( 1866): keyCode:4 down:false eventTime:9579005 downTime:9579005 policyFlags:6b000000 flags:408 deviceId:-1 isScreenOn:true keyguardActive:false repeatCount:0

11-03 17:23:10.601 I/Timeline( 2664): Timeline: Activity_launch_request time:9579537

11-03 17:23:10.604 I/ActivityManager( 1866): START u0 {act=android.intent.action.MAIN cat=[android.intent.category.LAUNCHER] flg=0x10200000 cmp=com.android.mms/.ui.MmsTabActivity bnds=[331,1533][499,1701] (has extras)} from uid 10046

11-03 17:23:11.101 W/BaseMiuiPhoneWindowManager( 1866): keyCode:4 down:true eventTime:9580036 downTime:9580036 policyFlags:2b000000 flags:8 deviceId:-1 isScreenOn:true keyguardActive:false repeatCount:0

11-03 17:23:11.106 W/BaseMiuiPhoneWindowManager( 1866): keyCode:4 down:false eventTime:9580042 downTime:9580042 policyFlags:2b000000 flags:8 deviceId:-1 isScreenOn:true keyguardActive:false repeatCount:0

11-03 17:23:11.611 W/BaseMiuiPhoneWindowManager( 1866): keyCode:21 down:true eventTime:9580546 downTime:9580546 policyFlags:2b000000 flags:8 deviceId:-1 isScreenOn:true keyguardActive:false repeatCount:0

11-03 17:23:11.617 W/BaseMiuiPhoneWindowManager( 1866): keyCode:21 down:false eventTime:9580552 downTime:9580552 policyFlags:2b000000 flags:8 deviceId:-1 isScreenOn:true keyguardActive:false repeatCount:0

11-03 17:23:12.128 W/BaseMiuiPhoneWindowManager( 1866): keyCode:82 down:true eventTime:9581062 downTime:9581062 policyFlags:2b000000 flags:8 deviceId:-1 isScreenOn:true keyguardActive:false repeatCount:0

11-03 17:23:12.137 W/BaseMiuiPhoneWindowManager( 1866): keyCode:82 down:false eventTime:9581072 downTime:9581072 policyFlags:2b000000 flags:8 deviceId:-1 isScreenOn:true keyguardActive:false repeatCount:0

11-03 17:23:12.162 I/ActivityManager( 1866): START u0 {flg=0x10884000 cmp=com.android.systemui/.recents.RecentsActivity} from uid 1000

11-03 17:23:12.648 W/BaseMiuiPhoneWindowManager( 1866): keyCode:19 down:true eventTime:9581583 downTime:9581583 policyFlags:2b000000 flags:8 deviceId:-1 isScreenOn:true keyguardActive:false repeatCount:0

11-03 17:23:12.651 W/BaseMiuiPhoneWindowManager( 1866): keyCode:19 down:false eventTime:9581586 downTime:9581586 policyFlags:2b000000 flags:8 deviceId:-1 isScreenOn:true keyguardActive:false repeatCount:0

11-03 17:23:13.663 W/BaseMiuiPhoneWindowManager( 1866): keyCode:23 down:true eventTime:9582598 downTime:9582598 policyFlags:2b000000 flags:8 deviceId:-1 isScreenOn:true keyguardActive:false repeatCount:0

11-03 17:23:13.667 W/BaseMiuiPhoneWindowManager( 1866): keyCode:23 down:false eventTime:9582603 downTime:9582603 policyFlags:2b000000 flags:8 deviceId:-1 isScreenOn:true keyguardActive:false repeatCount:0

11-03 17:23:14.173 W/BaseMiuiPhoneWindowManager( 1866): keyCode:21 down:true eventTime:9583108 downTime:9583108 policyFlags:2b000000 flags:8 deviceId:-1 isScreenOn:true keyguardActive:false repeatCount:0

11-03 17:23:14.178 W/BaseMiuiPhoneWindowManager( 1866): keyCode:21 down:false eventTime:9583113 downTime:9583113 policyFlags:2b000000 flags:8 deviceId:-1 isScreenOn:true keyguardActive:false repeatCount:0

11-03 17:23:14.685 W/BaseMiuiPhoneWindowManager( 1866): keyCode:24 down:true eventTime:9583620 downTime:9583620 policyFlags:2b000000 flags:8 deviceId:-1 isScreenOn:true keyguardActive:false repeatCount:0

11-03 17:23:14.837 W/BaseMiuiPhoneWindowManager( 1866): keyCode:24 down:false eventTime:9583772 downTime:9583772 policyFlags:2b000000 flags:8 deviceId:-1 isScreenOn:true keyguardActive:false repeatCount:0

11-03 17:23:15.880 W/BaseMiuiPhoneWindowManager( 1866): keyCode:23 down:true eventTime:9584815 downTime:9584815 policyFlags:2b000000 flags:8 deviceId:-1 isScreenOn:true keyguardActive:false repeatCount:0

11-03 17:23:15.887 W/BaseMiuiPhoneWindowManager( 1866): keyCode:23 down:false eventTime:9584822 downTime:9584822 policyFlags:2b000000 flags:8 deviceId:-1 isScreenOn:true keyguardActive:false repeatCount:0

11-03 17:23:16.391 W/BaseMiuiPhoneWindowManager( 1866): keyCode:21 down:true eventTime:9585326 downTime:9585326 policyFlags:2b000000 flags:8 deviceId:-1 isScreenOn:true keyguardActive:false repeatCount:0

11-03 17:23:16.394 W/BaseMiuiPhoneWindowManager( 1866): keyCode:21 down:false eventTime:9585329 downTime:9585329 policyFlags:2b000000 flags:8 deviceId:-1 isScreenOn:true keyguardActive:false repeatCount:0

11-03 17:23:16.902 W/BaseMiuiPhoneWindowManager( 1866): keyCode:21 down:true eventTime:9585835 downTime:9585835 policyFlags:2b000000 flags:8 deviceId:-1 isScreenOn:true keyguardActive:false repeatCount:0

11-03 17:23:16.911 W/BaseMiuiPhoneWindowManager( 1866): keyCode:21 down:false eventTime:9585845 downTime:9585845 policyFlags:2b000000 flags:8 deviceId:-1 isScreenOn:true keyguardActive:false repeatCount:0

11-03 17:23:17.216 I/Timeline( 2664): Timeline: Activity_launch_request time:9586152

11-03 17:23:17.221 I/ActivityManager( 1866): START u0 {flg=0x10008000 cmp=com.miui.personalassistant/.fake.FakeStartActivity} from uid 10046

11-03 17:23:17.236 D/Boost   ( 1866): hostingType=service, hostingName=com.miui.personalassistant/.services.TransmissionService, callerPackage=com.miui.home, isSystem=true, isBoostNeeded=false.

11-03 17:23:17.237 I/ActivityManager( 1866): Start proc 22071:com.miui.personalassistant/u0a55 for service com.miui.personalassistant/.services.TransmissionService caller=com.miui.home

11-03 17:23:17.418 W/BaseMiuiPhoneWindowManager( 1866): keyCode:281 down:true eventTime:9586354 downTime:9586354 policyFlags:2b000000 flags:8 deviceId:-1 isScreenOn:true keyguardActive:false repeatCount:0

11-03 17:23:17.420 W/BaseMiuiPhoneWindowManager( 1866): keyCode:281 down:false eventTime:9586355 downTime:9586355 policyFlags:2b000000 flags:8 deviceId:-1 isScreenOn:true keyguardActive:false repeatCount:0

11-03 17:23:17.924 W/BaseMiuiPhoneWindowManager( 1866): keyCode:19 down:true eventTime:9586859 downTime:9586859 policyFlags:2b000000 flags:8 deviceId:-1 isScreenOn:true keyguardActive:false repeatCount:0

11-03 17:23:17.928 W/BaseMiuiPhoneWindowManager( 1866): keyCode:19 down:false eventTime:9586863 downTime:9586863 policyFlags:2b000000 flags:8 deviceId:-1 isScreenOn:true keyguardActive:false repeatCount:0

11-03 17:23:18.435 W/BaseMiuiPhoneWindowManager( 1866): keyCode:259 down:true eventTime:9587370 downTime:9587370 policyFlags:2b000000 flags:8 deviceId:-1 isScreenOn:true keyguardActive:false repeatCount:0

11-03 17:23:18.444 W/BaseMiuiPhoneWindowManager( 1866): keyCode:259 down:false eventTime:9587378 downTime:9587378 policyFlags:2b000000 flags:8 deviceId:-1 isScreenOn:true keyguardActive:false repeatCount:0

11-03 17:23:18.951 W/BaseMiuiPhoneWindowManager( 1866): keyCode:23 down:true eventTime:9587885 downTime:9587885 policyFlags:2b000000 flags:8 deviceId:-1 isScreenOn:true keyguardActive:false repeatCount:0

11-03 17:23:18.959 W/BaseMiuiPhoneWindowManager( 1866): keyCode:23 down:false eventTime:9587894 downTime:9587894 policyFlags:2b000000 flags:8 deviceId:-1 isScreenOn:true keyguardActive:false repeatCount:0

11-03 17:23:19.986 W/BaseMiuiPhoneWindowManager( 1866): keyCode:19 down:true eventTime:9588920 downTime:9588920 policyFlags:2b000000 flags:8 deviceId:-1 isScreenOn:true keyguardActive:false repeatCount:0

11-03 17:23:19.991 W/BaseMiuiPhoneWindowManager( 1866): keyCode:19 down:false eventTime:9588926 downTime:9588926 policyFlags:2b000000 flags:8 deviceId:-1 isScreenOn:true keyguardActive:false repeatCount:0

11-03 17:23:20.497 W/BaseMiuiPhoneWindowManager( 1866): keyCode:123 down:true eventTime:9589432 downTime:9589432 policyFlags:2b000000 flags:8 deviceId:-1 isScreenOn:true keyguardActive:false repeatCount:0

11-03 17:23:20.499 W/BaseMiuiPhoneWindowManager( 1866): keyCode:123 down:false eventTime:9589435 downTime:9589435 policyFlags:2b000000 flags:8 deviceId:-1 isScreenOn:true keyguardActive:false repeatCount:0

11-03 17:23:23.070 W/BaseMiuiPhoneWindowManager( 1866): keyCode:21 down:true eventTime:9592005 downTime:9592005 policyFlags:2b000000 flags:8 deviceId:-1 isScreenOn:true keyguardActive:false repeatCount:0

11-03 17:23:23.073 W/BaseMiuiPhoneWindowManager( 1866): keyCode:21 down:false eventTime:9592009 downTime:9592009 policyFlags:2b000000 flags:8 deviceId:-1 isScreenOn:true keyguardActive:false repeatCount:0

11-03 17:23:24.091 W/BaseMiuiPhoneWindowManager( 1866): keyCode:22 down:true eventTime:9593024 downTime:9593024 policyFlags:2b000000 flags:8 deviceId:-1 isScreenOn:true keyguardActive:false repeatCount:0

11-03 17:23:24.098 W/BaseMiuiPhoneWindowManager( 1866): keyCode:22 down:false eventTime:9593034 downTime:9593034 policyFlags:2b000000 flags:8 deviceId:-1 isScreenOn:true keyguardActive:false repeatCount:0

11-03 17:23:24.606 W/BaseMiuiPhoneWindowManager( 1866): keyCode:3 down:true eventTime:9593541 downTime:9593541 policyFlags:2b000000 flags:8 deviceId:-1 isScreenOn:true keyguardActive:false repeatCount:0

11-03 17:23:24.612 W/BaseMiuiPhoneWindowManager( 1866): keyCode:3 down:false eventTime:9593547 downTime:9593547 policyFlags:2b000000 flags:8 deviceId:-1 isScreenOn:true keyguardActive:false repeatCount:0

11-03 17:23:24.625 I/ActivityManager( 1866): START u0 {act=android.intent.action.MAIN cat=[android.intent.category.HOME] flg=0x10200000 cmp=com.miui.home/.launcher.Launcher (has extras)} from uid 1000

11-03 17:23:24.892 I/Timeline( 2664): Timeline: Activity_launch_request time:9593828

11-03 17:23:24.896 I/ActivityManager( 1866): START u0 {flg=0x10008000 cmp=com.miui.personalassistant/.fake.FakeEndActivity} from uid 10046

11-03 17:23:25.145 W/BaseMiuiPhoneWindowManager( 1866): keyCode:20 down:true eventTime:9594078 downTime:9594078 policyFlags:2b000000 flags:8 deviceId:-1 isScreenOn:true keyguardActive:false repeatCount:0

11-03 17:23:25.155 W/BaseMiuiPhoneWindowManager( 1866): keyCode:20 down:false eventTime:9594088 downTime:9594088 policyFlags:2b000000 flags:8 deviceId:-1 isScreenOn:true keyguardActive:false repeatCount:0

11-03 17:23:25.661 W/BaseMiuiPhoneWindowManager( 1866): keyCode:23 down:true eventTime:9594596 downTime:9594596 policyFlags:2b000000 flags:8 deviceId:-1 isScreenOn:true keyguardActive:false repeatCount:0

11-03 17:23:25.663 W/BaseMiuiPhoneWindowManager( 1866): keyCode:23 down:false eventTime:9594599 downTime:9594599 policyFlags:2b000000 flags:8 deviceId:-1 isScreenOn:true keyguardActive:false repeatCount:0

11-03 17:23:26.167 W/BaseMiuiPhoneWindowManager( 1866): keyCode:67 down:true eventTime:9595102 downTime:9595102 policyFlags:2b000000 flags:8 deviceId:-1 isScreenOn:true keyguardActive:false repeatCount:0

11-03 17:23:26.171 W/BaseMiuiPhoneWindowManager( 1866): keyCode:67 down:false eventTime:9595107 downTime:9595107 policyFlags:2b000000 flags:8 deviceId:-1 isScreenOn:true keyguardActive:false repeatCount:0

11-03 17:23:26.721 I/Timeline( 2664): Timeline: Activity_launch_request time:9595657

11-03 17:23:26.724 I/ActivityManager( 1866): START u0 {act=android.intent.action.MAIN cat=[android.intent.category.LAUNCHER] flg=0x10200000 cmp=com.android.settings/.MainSettings bnds=[148,1201][316,1369] (has extras)} from uid 10046

11-03 17:23:26.978 I/Timeline( 2664): Timeline: Activity_launch_request time:9595914

11-03 17:23:26.980 I/ActivityManager( 1866): START u0 {flg=0x10008000 cmp=com.miui.personalassistant/.fake.FakeStartActivity} from uid 10046

11-03 17:23:27.221 W/BaseMiuiPhoneWindowManager( 1866): keyCode:22 down:true eventTime:9596156 downTime:9596156 policyFlags:2b000000 flags:8 deviceId:-1 isScreenOn:true keyguardActive:false repeatCount:0

11-03 17:23:27.229 W/BaseMiuiPhoneWindowManager( 1866): keyCode:22 down:false eventTime:9596162 downTime:9596162 policyFlags:2b000000 flags:8 deviceId:-1 isScreenOn:true keyguardActive:false repeatCount:0

11-03 17:23:28.256 W/BaseMiuiPhoneWindowManager( 1866): keyCode:145 down:true eventTime:9597188 downTime:9597188 policyFlags:2b000000 flags:8 deviceId:-1 isScreenOn:true keyguardActive:false repeatCount:0

11-03 17:23:28.263 W/BaseMiuiPhoneWindowManager( 1866): keyCode:123 down:true eventTime:9597188 downTime:9597188 policyFlags:6b000000 flags:408 deviceId:-1 isScreenOn:true keyguardActive:false repeatCount:0

11-03 17:23:28.265 W/BaseMiuiPhoneWindowManager( 1866): keyCode:145 down:false eventTime:9597198 downTime:9597198 policyFlags:2b000000 flags:8 deviceId:-1 isScreenOn:true keyguardActive:false repeatCount:0

11-03 17:23:28.272 W/BaseMiuiPhoneWindowManager( 1866): keyCode:123 down:false eventTime:9597198 downTime:9597198 policyFlags:6b000000 flags:408 deviceId:-1 isScreenOn:true keyguardActive:false repeatCount:0

11-03 17:23:28.777 W/BaseMiuiPhoneWindowManager( 1866): keyCode:120 down:true eventTime:9597711 downTime:9597711 policyFlags:2b000000 flags:8 deviceId:-1 isScreenOn:true keyguardActive:false repeatCount:0

11-03 17:23:28.784 W/BaseMiuiPhoneWindowManager( 1866): keyCode:120 down:false eventTime:9597718 downTime:9597718 policyFlags:2b000000 flags:8 deviceId:-1 isScreenOn:true keyguardActive:false repeatCount:0

11-03 17:23:28.807 D/Boost   ( 1866): hostingType=service, hostingName=com.android.systemui/.screenshot.TakeScreenshotService, callerPackage=android, isSystem=true, isBoostNeeded=false.

11-03 17:23:28.811 I/ActivityManager( 1866): Start proc 22214:com.android.systemui:screenshot/1000 for service com.android.systemui/.screenshot.TakeScreenshotService caller=android

11-03 17:23:29.011 D/Boost   ( 1866): hostingType=broadcast, hostingName=com.miui.gallery/.receiver.StatReceiver, callerPackage=com.android.systemui, isSystem=true, isBoostNeeded=false.

11-03 17:23:29.013 I/ActivityManager( 1866): Start proc 22237:com.miui.gallery/u0a38 for broadcast com.miui.gallery/.receiver.StatReceiver caller=com.android.systemui

11-03 17:23:29.288 W/BaseMiuiPhoneWindowManager( 1866): keyCode:82 down:true eventTime:9598224 downTime:9598224 policyFlags:2b000000 flags:8 deviceId:-1 isScreenOn:true keyguardActive:false repeatCount:0

11-03 17:23:29.294 W/BaseMiuiPhoneWindowManager( 1866): keyCode:82 down:false eventTime:9598229 downTime:9598229 policyFlags:2b000000 flags:8 deviceId:-1 isScreenOn:true keyguardActive:false repeatCount:0

11-03 17:23:29.312 I/ActivityManager( 1866): START u0 {flg=0x10884000 cmp=com.android.systemui/.recents.RecentsActivity} from uid 1000

11-03 17:23:29.798 W/BaseMiuiPhoneWindowManager( 1866): keyCode:19 down:true eventTime:9598734 downTime:9598734 policyFlags:2b000000 flags:8 deviceId:-1 isScreenOn:true keyguardActive:false repeatCount:0

11-03 17:23:29.801 W/BaseMiuiPhoneWindowManager( 1866): keyCode:19 down:false eventTime:9598736 downTime:9598736 policyFlags:2b000000 flags:8 deviceId:-1 isScreenOn:true keyguardActive:false repeatCount:0

11-03 17:23:30.316 W/BaseMiuiPhoneWindowManager( 1866): keyCode:82 down:true eventTime:9599252 downTime:9599252 policyFlags:2b000000 flags:8 deviceId:-1 isScreenOn:true keyguardActive:false repeatCount:0

11-03 17:23:30.319 W/BaseMiuiPhoneWindowManager( 1866): keyCode:82 down:false eventTime:9599254 downTime:9599254 policyFlags:2b000000 flags:8 deviceId:-1 isScreenOn:true keyguardActive:false repeatCount:0

11-03 17:23:30.336 I/ActivityManager( 1866): START u0 {flg=0x10884000 cmp=com.android.systemui/.recents.RecentsActivity} from uid 1000

11-03 17:23:31.861 W/BaseMiuiPhoneWindowManager( 1866): keyCode:20 down:true eventTime:9600796 downTime:9600796 policyFlags:2b000000 flags:8 deviceId:-1 isScreenOn:true keyguardActive:false repeatCount:0

11-03 17:23:31.867 W/BaseMiuiPhoneWindowManager( 1866): keyCode:20 down:false eventTime:9600802 downTime:9600802 policyFlags:2b000000 flags:8 deviceId:-1 isScreenOn:true keyguardActive:false repeatCount:0

11-03 17:23:32.378 W/BaseMiuiPhoneWindowManager( 1866): keyCode:23 down:true eventTime:9601313 downTime:9601313 policyFlags:2b000000 flags:8 deviceId:-1 isScreenOn:true keyguardActive:false repeatCount:0

11-03 17:23:32.385 W/BaseMiuiPhoneWindowManager( 1866): keyCode:23 down:false eventTime:9601319 downTime:9601319 policyFlags:2b000000 flags:8 deviceId:-1 isScreenOn:true keyguardActive:false repeatCount:0

11-03 17:23:32.966 V/ActivityManager( 1866): Attempted to start a foreground service (ComponentInfo{com.miui.gallery/com.miui.gallery.scanner.MediaScannerService}) with a broken notification (no icon: Notification(channel=com.miui.gallery.MIN pri=0 contentView=null vibrate=null sound=null defaults=0x0 flags=0x40 color=0x00000000 vis=PRIVATE))

11-03 17:23:32.975 V/ActivityManager( 1866): Attempted to start a foreground service (ComponentInfo{com.miui.gallery/com.miui.gallery.scanner.MediaScannerService}) with a broken notification (no icon: Notification(channel=com.miui.gallery.MIN pri=0 contentView=null vibrate=null sound=null defaults=0x0 flags=0x40 color=0x00000000 vis=PRIVATE))

11-03 17:23:33.022 D/ActivityManager( 1866): Raise procstate to external provider: ProcessRecord{ac3f5e7 3387:android.process.media/u0a31}

11-03 17:23:33.071 I/NotificationService( 1866): Cannot find enqueued record for key: 0|com.miui.gallery|8|null|10038

11-03 17:23:33.079 I/NotificationService( 1866): Cannot find enqueued record for key: 0|com.miui.gallery|8|null|10038

11-03 17:23:33.415 V/SettingsProvider( 1866): Notifying for 0: content://settings/system/accelerometer_rotation

11-03 17:23:33.423 V/SettingsProvider( 1866): Notifying for 0: content://settings/system/accelerometer_rotation

11-03 17:23:44.177 E/storaged(  935): getDiskStats failed with result NOT_SUPPORTED and size 0

11-03 17:23:57.004 I/ActivityManager( 1866): Killing 17381:com.android.camera/u0a48 (adj 906): empty for 3300s

11-03 17:23:57.009 I/ActivityManager( 1866): Killing 18166:com.miui.systemAdSolution:ui/u0a86 (adj 906): empty for 2783s

11-03 17:23:59.092 D/Boost   ( 1866): hostingType=FastRestart, hostingName=null, callerPackage=system, isSystem=true, isBoostNeeded=false.

11-03 17:23:59.097 I/ActivityManager( 1866): Start proc 22588:com.android.camera/u0a48 for FastRestart caller=system

11-03 17:23:59.135 I/ActivityManager( 1866): Killing 18674:com.miui.weather2/u0a56 (adj 906): empty for 2389s

11-03 17:24:07.519 W/ActivityManager( 1866): Stopping service due to app idle: u0a339 -3m45s315ms com.guokr.mentor/com.hyphenate.chat.EMChatService

11-03 17:24:07.519 W/ActivityManager( 1866): Stopping service due to app idle: u0a339 -3m45s312ms com.guokr.mentor/com.hyphenate.chat.EMJobService

11-03 17:24:07.530 W/ActivityManager( 1866): Background start not allowed: service Intent { cmp=com.guokr.mentor/com.hyphenate.chat.EMChatService } to com.guokr.mentor/com.hyphenate.chat.EMChatService from pid=6801 uid=10339 pkg=com.guokr.mentor startFg?=false

11-03 17:24:07.590 V/LocationPolicy( 1866): writePolicyLocked()

11-03 17:24:07.616 D/PowerKeeper.FrozenApp( 3465): updateWakelockBlockedUid, uid = 10339, isBlocked = true

11-03 17:24:07.616 V/LocationPolicy( 1866): writePolicyLocked()

11-03 17:24:07.618 D/PowerKeeperPolicy( 1866): Caller[1000] updateWakelockBlockedUid:uid=10339, tag=null, block=true

11-03 17:24:19.568 D/ConnectivityService( 1866): Returning BLOCKED NetworkInfo to uid=10339

11-03 17:24:19.578 D/ActivityManager( 1866): Raise procstate to external provider: ProcessRecord{329313c 6879:com.guokr.mentor:pushcore/u0a339}

11-03 17:24:19.587 D/ActivityManager( 1866): Raise procstate to external provider: ProcessRecord{329313c 6879:com.guokr.mentor:pushcore/u0a339}

11-03 17:24:19.591 D/ActivityManager( 1866): Raise procstate to external provider: ProcessRecord{329313c 6879:com.guokr.mentor:pushcore/u0a339}

11-03 17:24:19.599 D/ActivityManager( 1866): Raise procstate to external provider: ProcessRecord{329313c 6879:com.guokr.mentor:pushcore/u0a339}

11-03 17:24:44.182 E/storaged(  935): getDiskStats failed with result NOT_SUPPORTED and size 0

11-03 17:25:08.318 D/PowerManagerServiceInjector( 1866): wakeLock:[PARTIAL_WAKE_LOCK              '*alarm*' (uid=1000 pid=1866 ws=WorkSource{10339})] is disabled by policy

11-03 17:25:08.324 D/ConnectivityService( 1866): Returning UNBLOCKED NetworkInfo to uid=10339

11-03 17:25:08.335 D/PowerManagerServiceInjector( 1866): wakeLock:[PARTIAL_WAKE_LOCK              'heartbeatlock' (uid=10339 pid=6801)] is disabled by policy

11-03 17:25:33.302 D/PowerManagerServiceInjector( 1866): wakeLock:[PARTIAL_WAKE_LOCK              '*alarm*' ACQ=0 (uid=1000 pid=1866 ws=WorkSource{10174 com.qihoo.appstore})] is disabled by policy

11-03 17:25:33.330 D/PowerManagerServiceInjector( 1866): wakeLock:[PARTIAL_WAKE_LOCK              '*job*/com.qihoo.appstore/.keepalive.scheduler.CoreJobService' (uid=1000 pid=1866 ws=WorkSource{10174})] is disabled by policy

11-03 17:25:44.184 E/storaged(  935): getDiskStats failed with result NOT_SUPPORTED and size 0

11-03 17:26:18.369 W/ActivityManager( 1866): Stopping service due to app idle: u0a339 -2m10s839ms com.guokr.mentor/com.hyphenate.chat.EMChatService

11-03 17:26:18.377 W/ActivityManager( 1866): Background start not allowed: service Intent { cmp=com.guokr.mentor/com.hyphenate.chat.EMChatService } to com.guokr.mentor/com.hyphenate.chat.EMChatService from pid=6801 uid=10339 pkg=com.guokr.mentor startFg?=false

11-03 17:26:44.186 E/storaged(  935): getDiskStats failed with result NOT_SUPPORTED and size 0

11-03 17:27:00.109 E/SchedPolicy( 1866): set_timerslack_ns write failed: No such process

11-03 17:27:44.191 E/storaged(  935): getDiskStats failed with result NOT_SUPPORTED and size 0

11-03 17:28:39.452 D/PowerManagerServiceInjector( 1866): wakeLock:[PARTIAL_WAKE_LOCK              '*alarm*' (uid=1000 pid=1866 ws=WorkSource{10339})] is disabled by policy

11-03 17:28:39.467 D/PowerManagerServiceInjector( 1866): wakeLock:[PARTIAL_WAKE_LOCK              'heartbeatlock' (uid=10339 pid=6801)] is disabled by policy

