11-03 16:50:44.050 E/storaged(  935): getDiskStats failed with result NOT_SUPPORTED and size 0

11-03 16:51:12.343 W/ActivityManager( 1866): Background start not allowed: service Intent { cmp=com.guokr.mentor/com.hyphenate.chat.EMChatService } to com.guokr.mentor/com.hyphenate.chat.EMChatService from pid=6801 uid=10339 pkg=com.guokr.mentor startFg?=false

11-03 16:51:12.840 E/BatteryExternalStatsWorker( 1866): no controller energy info supplied for bluetooth

11-03 16:51:44.054 E/storaged(  935): getDiskStats failed with result NOT_SUPPORTED and size 0

11-03 16:52:44.060 E/storaged(  935): getDiskStats failed with result NOT_SUPPORTED and size 0

11-03 16:53:22.743 E/BatteryExternalStatsWorker( 1866): no controller energy info supplied for bluetooth

11-03 16:53:44.063 E/storaged(  935): getDiskStats failed with result NOT_SUPPORTED and size 0

11-03 16:54:35.453 W/ActivityManager( 1866): Background start not allowed: service Intent { cmp=com.guokr.mentor/com.hyphenate.chat.EMChatService } to com.guokr.mentor/com.hyphenate.chat.EMChatService from pid=19263 uid=10339 pkg=com.android.shell startFg?=false

11-03 16:54:44.068 E/storaged(  935): getDiskStats failed with result NOT_SUPPORTED and size 0

11-03 16:55:15.809 E/BatteryExternalStatsWorker( 1866): no controller energy info supplied for bluetooth

11-03 16:55:19.186 D/ActivityManager( 1866): Raise procstate to external provider: ProcessRecord{329313c 6879:com.guokr.mentor:pushcore/u0a339}

11-03 16:55:19.201 D/ActivityManager( 1866): Raise procstate to external provider: ProcessRecord{329313c 6879:com.guokr.mentor:pushcore/u0a339}

11-03 16:55:33.127 D/PowerManagerServiceInjector( 1866): wakeLock:[PARTIAL_WAKE_LOCK              '*alarm*' (uid=1000 pid=1866 ws=WorkSource{10174 com.qihoo.appstore})] is disabled by policy

11-03 16:55:33.155 D/PowerManagerServiceInjector( 1866): wakeLock:[PARTIAL_WAKE_LOCK              '*alarm*' (uid=1000 pid=1866 ws=WorkSource{10174 com.qihoo.appstore})] is disabled by policy

11-03 16:55:33.159 D/PowerManagerServiceInjector( 1866): wakeLock:[PARTIAL_WAKE_LOCK              '*job*/com.qihoo.appstore/.keepalive.scheduler.CoreJobService' (uid=1000 pid=1866 ws=WorkSource{10174})] is disabled by policy

11-03 16:55:44.071 E/storaged(  935): getDiskStats failed with result NOT_SUPPORTED and size 0

11-03 16:56:44.073 E/storaged(  935): getDiskStats failed with result NOT_SUPPORTED and size 0

11-03 16:57:32.966 I/ProcessManager( 1866): Kill reason AutoLockOffCleanByPriority from pid=3465

11-03 16:57:32.980 I/ProcessManager( 1866): AutoLockOffCleanByPriority: kill com.android.settings:remote Adj=906 State=9

11-03 16:57:32.988 I/ActivityManager( 1866): Killing 2424:com.android.settings:remote/1000 (adj 906): AutoLockOffCleanByPriority

11-03 16:57:32.998 I/ProcessManager( 1866): AutoLockOffCleanByPriority: kill com.qualcomm.telephony Adj=906 State=9

11-03 16:57:32.998 I/ActivityManager( 1866): Killing 6515:com.qualcomm.telephony/u0a105 (adj 906): AutoLockOffCleanByPriority

11-03 16:57:33.002 I/ProcessManager( 1866): AutoLockOffCleanByPriority: kill com.xiaomi.mi_connect_service Adj=906 State=9

11-03 16:57:33.002 I/ActivityManager( 1866): Killing 6755:com.xiaomi.mi_connect_service/1000 (adj 906): AutoLockOffCleanByPriority

11-03 16:57:33.003 I/ProcessManager( 1866): AutoLockOffCleanByPriority: kill com.qualcomm.qti.autoregistration Adj=906 State=9

11-03 16:57:33.003 I/ActivityManager( 1866): Killing 6537:com.qualcomm.qti.autoregistration/1001 (adj 906): AutoLockOffCleanByPriority

11-03 16:57:33.004 I/ProcessManager( 1866): AutoLockOffCleanByPriority: kill com.qualcomm.qti.smcinvokepkgmgr Adj=906 State=9

11-03 16:57:33.004 I/ActivityManager( 1866): Killing 6605:com.qualcomm.qti.smcinvokepkgmgr/1000 (adj 906): AutoLockOffCleanByPriority

11-03 16:57:33.005 I/ProcessManager( 1866): AutoLockOffCleanByPriority: kill com.android.quicksearchbox Adj=906 State=18

11-03 16:57:33.005 I/ActivityManager( 1866): Killing 17078:com.android.quicksearchbox/u0a27 (adj 906): AutoLockOffCleanByPriority

11-03 16:57:33.005 I/ProcessManager( 1866): AutoLockOffCleanByPriority: kill com.miui.player Adj=906 State=9

11-03 16:57:33.005 I/ActivityManager( 1866): Killing 4268:com.miui.player/u0a26 (adj 906): AutoLockOffCleanByPriority

11-03 16:57:33.006 I/ProcessManager( 1866): AutoLockOffCleanByPriority: kill com.xiaomi.misettings Adj=906 State=9

11-03 16:57:33.006 I/ActivityManager( 1866): Killing 3055:com.xiaomi.misettings/1000 (adj 906): AutoLockOffCleanByPriority

11-03 16:57:33.007 I/ProcessManager( 1866): AutoLockOffCleanByPriority: kill com.miui.hybrid.accessory Adj=904 State=18

11-03 16:57:33.007 I/ActivityManager( 1866): Killing 17344:com.miui.hybrid.accessory/u0a98 (adj 904): AutoLockOffCleanByPriority

11-03 16:57:33.007 I/ProcessManager( 1866): AutoLockOffCleanByPriority: kill com.miui.player:stat Adj=906 State=9

11-03 16:57:33.007 I/ActivityManager( 1866): Killing 4717:com.miui.player:stat/u0a26 (adj 906): AutoLockOffCleanByPriority

11-03 16:57:33.028 D/NsdService( 1866): Client disconnected

11-03 16:57:33.028 D/NsdService( 1866): mdnssd [stop-service]

11-03 16:57:33.058 W/ActivityManager( 1866): Scheduling restart of crashed service com.xiaomi.mi_connect_service/.MiConnectService in 1000ms

11-03 16:57:33.062 W/ActivityManager( 1866): Scheduling restart of crashed service com.android.settings/.wifi.MiuiWifiService in 10996ms

11-03 16:57:33.062 W/ActivityManager( 1866): Scheduling restart of crashed service com.android.settings/.dangerousoptions.DangerousOptionsWarningService in 10996ms

11-03 16:57:33.065 W/ActivityManager( 1866): Scheduling restart of crashed service com.qualcomm.atfwd/.AtFwdService in 20993ms

11-03 16:57:33.070 D/ProcessRecordInjector( 1866): Begin to report kill process events...

11-03 16:57:33.086 W/ActivityManager( 1866): Scheduling restart of crashed service com.xiaomi.misettings/.usagestats.UsageCacheService in 30972ms

11-03 16:57:33.089 W/ActivityManager( 1866): Scheduling restart of crashed service com.qualcomm.qti.smcinvokepkgmgr/.SmcInvokeService in 40969ms

11-03 16:57:33.097 I/AutoStartManagerService( 1866): MIUILOG- Reject RestartService packageName :com.miui.player uid : 10026

11-03 16:57:33.097 I/AutoStartManagerService( 1866): MIUILOG- Reject RestartService packageName :com.miui.player uid : 10026

11-03 16:57:33.110 I/AutoStartManagerService( 1866): MIUILOG- Reject RestartService packageName :com.miui.player uid : 10026

11-03 16:57:33.114 W/ActivityManager( 1866): Scheduling restart of crashed service com.qualcomm.qti.autoregistration/.ModemDebugService in 50944ms

11-03 16:57:33.114 W/ActivityManager( 1866): Scheduling restart of crashed service com.qualcomm.qti.autoregistration/.RegistrationService in 60944ms

11-03 16:57:33.492 E/BatteryExternalStatsWorker( 1866): no controller energy info supplied for bluetooth

11-03 16:57:34.089 D/Boost   ( 1866): hostingType=service, hostingName=com.xiaomi.mi_connect_service/.MiConnectService, callerPackage=com.xiaomi.mi_connect_service, isSystem=true, isBoostNeeded=false.

11-03 16:57:34.092 I/ActivityManager( 1866): Start proc 19445:com.xiaomi.mi_connect_service/1000 for service com.xiaomi.mi_connect_service/.MiConnectService caller=com.xiaomi.mi_connect_service

11-03 16:57:34.270 D/NsdService( 1866): mdnssd [start-service]

11-03 16:57:34.475 D/NsdService( 1866): New client listening to asynchronous messages

11-03 16:57:34.476 D/NsdService( 1866): New client, channel: com.android.internal.util.AsyncChannel@8ec0778 messenger: android.os.Messenger@595ee51

11-03 16:57:44.075 E/storaged(  935): getDiskStats failed with result NOT_SUPPORTED and size 0

11-03 16:57:44.121 D/Boost   ( 1866): hostingType=service, hostingName=com.android.settings/.dangerousoptions.DangerousOptionsWarningService, callerPackage=com.android.settings, isSystem=true, isBoostNeeded=false.

11-03 16:57:44.125 I/ActivityManager( 1866): Start proc 19489:com.android.settings:remote/1000 for service com.android.settings/.dangerousoptions.DangerousOptionsWarningService caller=com.android.settings

11-03 16:57:54.095 D/Boost   ( 1866): hostingType=service, hostingName=com.qualcomm.atfwd/.AtFwdService, callerPackage=com.qualcomm.atfwd, isSystem=true, isBoostNeeded=false.

11-03 16:57:54.097 I/ActivityManager( 1866): Start proc 19521:com.qualcomm.telephony/u0a105 for service com.qualcomm.atfwd/.AtFwdService caller=com.qualcomm.atfwd

11-03 16:58:04.093 D/Boost   ( 1866): hostingType=service, hostingName=com.xiaomi.misettings/.usagestats.UsageCacheService, callerPackage=com.android.settings, isSystem=true, isBoostNeeded=false.

11-03 16:58:04.097 I/ActivityManager( 1866): Start proc 19547:com.xiaomi.misettings/1000 for service com.xiaomi.misettings/.usagestats.UsageCacheService caller=com.android.settings

11-03 16:58:04.208 E/LoadedApk(19547): Unable to instantiate appComponentFactory

11-03 16:58:04.208 E/LoadedApk(19547): java.lang.ClassNotFoundException: Didn't find class "com.xiaomi.misettings.lottie" on path: DexPathList[[zip file "/system/priv-app/MiSettings/MiSettings.apk"],nativeLibraryDirectories=[/system/priv-app/MiSettings/lib/arm64, /system/lib64, /system/vendor/lib64, /system/lib64, /system/vendor/lib64]]

11-03 16:58:04.208 E/LoadedApk(19547): 	at dalvik.system.BaseDexClassLoader.findClass(BaseDexClassLoader.java:171)

11-03 16:58:04.208 E/LoadedApk(19547): 	at java.lang.ClassLoader.loadClass(ClassLoader.java:379)

11-03 16:58:04.208 E/LoadedApk(19547): 	at java.lang.ClassLoader.loadClass(ClassLoader.java:312)

11-03 16:58:04.208 E/LoadedApk(19547): 	at android.app.LoadedApk.createAppFactory(LoadedApk.java:228)

11-03 16:58:04.208 E/LoadedApk(19547): 	at android.app.LoadedApk.createOrUpdateClassLoaderLocked(LoadedApk.java:733)

11-03 16:58:04.208 E/LoadedApk(19547): 	at android.app.LoadedApk.getClassLoader(LoadedApk.java:812)

11-03 16:58:04.208 E/LoadedApk(19547): 	at android.app.LoadedApk.getResources(LoadedApk.java:1034)

11-03 16:58:04.208 E/LoadedApk(19547): 	at android.app.ContextImpl.createAppContext(ContextImpl.java:2357)

11-03 16:58:04.208 E/LoadedApk(19547): 	at android.app.ActivityThread.handleBindApplication(ActivityThread.java:5884)

11-03 16:58:04.208 E/LoadedApk(19547): 	at android.app.ActivityThread.access$1200(ActivityThread.java:202)

11-03 16:58:04.208 E/LoadedApk(19547): 	at android.app.ActivityThread$H.handleMessage(ActivityThread.java:1680)

11-03 16:58:04.208 E/LoadedApk(19547): 	at android.os.Handler.dispatchMessage(Handler.java:106)

11-03 16:58:04.208 E/LoadedApk(19547): 	at android.os.Looper.loop(Looper.java:207)

11-03 16:58:04.208 E/LoadedApk(19547): 	at android.app.ActivityThread.main(ActivityThread.java:6878)

11-03 16:58:04.208 E/LoadedApk(19547): 	at java.lang.reflect.Method.invoke(Native Method)

11-03 16:58:04.208 E/LoadedApk(19547): 	at com.android.internal.os.RuntimeInit$MethodAndArgsCaller.run(RuntimeInit.java:547)

11-03 16:58:04.208 E/LoadedApk(19547): 	at com.android.internal.os.ZygoteInit.main(ZygoteInit.java:876)

11-03 16:58:14.108 D/Boost   ( 1866): hostingType=service, hostingName=com.qualcomm.qti.smcinvokepkgmgr/.SmcInvokeService, callerPackage=com.qualcomm.qti.smcinvokepkgmgr, isSystem=true, isBoostNeeded=false.

11-03 16:58:14.111 I/ActivityManager( 1866): Start proc 19586:com.qualcomm.qti.smcinvokepkgmgr/1000 for service com.qualcomm.qti.smcinvokepkgmgr/.SmcInvokeService caller=com.qualcomm.qti.smcinvokepkgmgr

11-03 16:58:24.111 D/Boost   ( 1866): hostingType=service, hostingName=com.qualcomm.qti.autoregistration/.ModemDebugService, callerPackage=com.qualcomm.qti.autoregistration, isSystem=true, isBoostNeeded=false.

11-03 16:58:24.113 I/ActivityManager( 1866): Start proc 19610:com.qualcomm.qti.autoregistration/1001 for service com.qualcomm.qti.autoregistration/.ModemDebugService caller=com.qualcomm.qti.autoregistration

11-03 16:58:31.619 E/BatteryExternalStatsWorker( 1866): no controller energy info supplied for bluetooth

11-03 16:58:44.080 E/storaged(  935): getDiskStats failed with result NOT_SUPPORTED and size 0

11-03 16:59:35.581 W/ActivityManager( 1866): Background start not allowed: service Intent { cmp=com.guokr.mentor/com.hyphenate.chat.EMChatService } to com.guokr.mentor/com.hyphenate.chat.EMChatService from pid=19696 uid=10339 pkg=com.android.shell startFg?=false

11-03 16:59:44.085 E/storaged(  935): getDiskStats failed with result NOT_SUPPORTED and size 0

11-03 17:00:09.301 D/ActivityManager( 1866): Raise procstate to external provider: ProcessRecord{329313c 6879:com.guokr.mentor:pushcore/u0a339}

11-03 17:00:09.316 D/ActivityManager( 1866): Raise procstate to external provider: ProcessRecord{329313c 6879:com.guokr.mentor:pushcore/u0a339}

11-03 17:00:09.357 I/LocationManagerInjector( 1866): com.guokr.mentor(10339) Request[POWER_LOW network requested=+2s0ms fastest=+2s0ms lowPowerMode=false] is blocked by policy

11-03 17:00:29.402 I/LocationManagerInjector( 1866): com.guokr.mentor(10339) Request[ACCURACY_FINE gps requested=+2s0ms fastest=+2s0ms lowPowerMode=false] is blocked by policy

11-03 17:00:44.086 E/storaged(  935): getDiskStats failed with result NOT_SUPPORTED and size 0

11-03 17:00:47.980 E/BatteryExternalStatsWorker( 1866): no controller energy info supplied for bluetooth

11-03 17:01:44.088 E/storaged(  935): getDiskStats failed with result NOT_SUPPORTED and size 0

11-03 17:02:24.992 E/BatteryExternalStatsWorker( 1866): no controller energy info supplied for bluetooth

11-03 17:02:44.091 E/storaged(  935): getDiskStats failed with result NOT_SUPPORTED and size 0

11-03 17:03:19.287 W/FileUtils( 8950): Failed to chmod(/data/user/0/com.miui.systemAdSolution/shared_prefs/mi_stat_pref.xml): android.system.ErrnoException: chmod failed: ENOENT (No such file or directory)

11-03 17:03:31.608 E/BatteryExternalStatsWorker( 1866): no controller energy info supplied for bluetooth

11-03 17:03:44.096 E/storaged(  935): getDiskStats failed with result NOT_SUPPORTED and size 0

11-03 17:04:13.819 D/PowerManagerServiceInjector( 1866): wakeLock:[PARTIAL_WAKE_LOCK              '*job*/com.qihoo.appstore/.keepalive.scheduler.CoreJobService' (uid=1000 pid=1866 ws=WorkSource{10174})] is disabled by policy

11-03 17:04:14.338 E/BatteryExternalStatsWorker( 1866): no controller energy info supplied for bluetooth

11-03 17:04:35.717 W/ActivityManager( 1866): Background start not allowed: service Intent { cmp=com.guokr.mentor/com.hyphenate.chat.EMChatService } to com.guokr.mentor/com.hyphenate.chat.EMChatService from pid=19968 uid=10339 pkg=com.android.shell startFg?=false

11-03 17:04:44.100 E/storaged(  935): getDiskStats failed with result NOT_SUPPORTED and size 0

11-03 17:04:59.385 D/ActivityManager( 1866): Raise procstate to external provider: ProcessRecord{329313c 6879:com.guokr.mentor:pushcore/u0a339}

11-03 17:04:59.399 D/ActivityManager( 1866): Raise procstate to external provider: ProcessRecord{329313c 6879:com.guokr.mentor:pushcore/u0a339}

11-03 17:05:33.227 D/PowerManagerServiceInjector( 1866): wakeLock:[PARTIAL_WAKE_LOCK              '*job*/com.qihoo.appstore/.keepalive.scheduler.CoreJobService' (uid=1000 pid=1866 ws=WorkSource{10174})] is disabled by policy

11-03 17:05:33.730 E/BatteryExternalStatsWorker( 1866): no controller energy info supplied for bluetooth

11-03 17:05:39.022 I/UsageStatsService( 1866): User[0] Flushing usage stats to disk

11-03 17:05:44.103 E/storaged(  935): getDiskStats failed with result NOT_SUPPORTED and size 0

11-03 17:06:12.363 W/ActivityManager( 1866): Background start not allowed: service Intent { cmp=com.guokr.mentor/com.hyphenate.chat.EMChatService } to com.guokr.mentor/com.hyphenate.chat.EMChatService from pid=6801 uid=10339 pkg=com.guokr.mentor startFg?=false

11-03 17:06:12.837 E/BatteryExternalStatsWorker( 1866): no controller energy info supplied for bluetooth

11-03 17:06:44.108 E/storaged(  935): getDiskStats failed with result NOT_SUPPORTED and size 0

11-03 17:07:44.113 E/storaged(  935): getDiskStats failed with result NOT_SUPPORTED and size 0

11-03 17:08:31.616 E/BatteryExternalStatsWorker( 1866): no controller energy info supplied for bluetooth

11-03 17:08:44.120 E/storaged(  935): getDiskStats failed with result NOT_SUPPORTED and size 0

11-03 17:09:35.850 W/ActivityManager( 1866): Background start not allowed: service Intent { cmp=com.guokr.mentor/com.hyphenate.chat.EMChatService } to com.guokr.mentor/com.hyphenate.chat.EMChatService from pid=20227 uid=10339 pkg=com.android.shell startFg?=false

11-03 17:09:44.126 E/storaged(  935): getDiskStats failed with result NOT_SUPPORTED and size 0

11-03 17:09:49.392 D/ActivityManager( 1866): Raise procstate to external provider: ProcessRecord{329313c 6879:com.guokr.mentor:pushcore/u0a339}

11-03 17:09:49.407 D/ActivityManager( 1866): Raise procstate to external provider: ProcessRecord{329313c 6879:com.guokr.mentor:pushcore/u0a339}

11-03 17:10:44.130 E/storaged(  935): getDiskStats failed with result NOT_SUPPORTED and size 0

11-03 17:10:50.318 E/BatteryExternalStatsWorker( 1866): no controller energy info supplied for bluetooth

11-03 17:11:27.238 E/BatteryExternalStatsWorker( 1866): no controller energy info supplied for bluetooth

11-03 17:11:44.132 E/storaged(  935): getDiskStats failed with result NOT_SUPPORTED and size 0

11-03 17:12:42.913 E/BatteryExternalStatsWorker( 1866): no controller energy info supplied for bluetooth

11-03 17:12:44.137 E/storaged(  935): getDiskStats failed with result NOT_SUPPORTED and size 0

11-03 17:13:31.247 E/BatteryExternalStatsWorker( 1866): no controller energy info supplied for bluetooth

11-03 17:13:31.619 E/BatteryExternalStatsWorker( 1866): no controller energy info supplied for bluetooth

11-03 17:13:44.142 E/storaged(  935): getDiskStats failed with result NOT_SUPPORTED and size 0

11-03 17:14:35.993 W/ActivityManager( 1866): Background start not allowed: service Intent { cmp=com.guokr.mentor/com.hyphenate.chat.EMChatService } to com.guokr.mentor/com.hyphenate.chat.EMChatService from pid=20511 uid=10339 pkg=com.android.shell startFg?=false

11-03 17:14:39.433 D/ActivityManager( 1866): Raise procstate to external provider: ProcessRecord{329313c 6879:com.guokr.mentor:pushcore/u0a339}

11-03 17:14:39.447 D/ActivityManager( 1866): Raise procstate to external provider: ProcessRecord{329313c 6879:com.guokr.mentor:pushcore/u0a339}

11-03 17:14:44.145 E/storaged(  935): getDiskStats failed with result NOT_SUPPORTED and size 0

11-03 17:15:33.279 D/PowerManagerServiceInjector( 1866): wakeLock:[PARTIAL_WAKE_LOCK              '*job*/com.qihoo.appstore/.keepalive.scheduler.CoreJobService' (uid=1000 pid=1866 ws=WorkSource{10174})] is disabled by policy

11-03 17:15:33.801 E/BatteryExternalStatsWorker( 1866): no controller energy info supplied for bluetooth

11-03 17:15:44.149 E/storaged(  935): getDiskStats failed with result NOT_SUPPORTED and size 0

11-03 17:16:44.155 E/storaged(  935): getDiskStats failed with result NOT_SUPPORTED and size 0

11-03 17:16:50.921 W/BaseMiuiPhoneWindowManager( 1866): keyCode:26 down:true eventTime:9199856 downTime:9199856 policyFlags:2000000 flags:8 deviceId:5 isScreenOn:false keyguardActive:true repeatCount:0

11-03 17:16:50.923 E/systemui_boost( 1866): render-thread tid = 0, do not boost

11-03 17:16:50.928 I/PowerManagerService( 1866): Waking up from sleep (uid=1000 reason=android.policy:POWER)...

11-03 17:16:50.928 I/PowerManagerService( 1866): waking up from opPackageName = android opUid = 1000

11-03 17:16:50.929 W/UsageStatsService( 1866): Event reported without a package name

11-03 17:16:50.929 I/DisplayPowerController( 1866): Blocking screen on until initial contents have been drawn.

11-03 17:16:50.929 I/WindowManager( 1866): Screen turning on...

11-03 17:16:50.936 I/WindowManager( 1866): Started waking up...

11-03 17:16:50.937 W/KeyguardViewMediator( 2280): notifyScreenOn

11-03 17:16:50.937 W/KeyguardViewMediator( 2280): handleNotifyScreenTurningOn

11-03 17:16:50.937 W/KeyguardViewMediator( 2280): notifyDrawn

11-03 17:16:50.937 I/WindowManager( 1866): mKeyguardDelegate.ShowListener.onDrawn.

11-03 17:16:50.937 W/WindowManager( 1866): Setting mKeyguardDrawComplete

11-03 17:16:50.938 I/WindowManager( 1866): All windows ready for display!

11-03 17:16:50.938 W/WindowManager( 1866): Setting mWindowManagerDrawComplete

11-03 17:16:50.947 D/AutomaticBrightnessControllerInjector( 1866): setProximitySensorEnabled enable

11-03 17:16:50.951 I/WindowManager( 1866): finishScreenTurningOn: mAwake=true, mScreenOnEarly=true, mScreenOnFully=false, mKeyguardDrawComplete=true, mWindowManagerDrawComplete=true

11-03 17:16:50.951 I/WindowManager( 1866): Finished screen turning on...

11-03 17:16:50.954 D/AutomaticBrightnessControllerInjector( 1866): setAccSensorEnabled enable

11-03 17:16:50.954 I/DisplayPowerController( 1866): Unblocked screen on after 24 ms

11-03 17:16:50.955 I/LocalDisplayAdapter( 1866): setDisplayState(id=0, state=ON)

11-03 17:16:50.955 I/DisplayManagerService( 1866): Display device changed state: "内置屏幕", ON

11-03 17:16:50.971 D/StorageManagerService( 1866): Get the action of screen on

11-03 17:16:50.971 D/vold    (  618): The trim thread is not running

11-03 17:16:50.979 V/LocationPolicy( 1866): Screen state changed

11-03 17:16:50.998 V/LocationPolicy( 1866): writePolicyLocked()

11-03 17:16:51.004 W/BaseMiuiPhoneWindowManager( 1866): keyCode:26 down:false eventTime:9199940 downTime:9199856 policyFlags:22000000 flags:8 deviceId:5 isScreenOn:true keyguardActive:true repeatCount:0

11-03 17:16:51.118 D/LocationPolicy( 1866): [uid = 10174, op = 1] is blocked by location policy

11-03 17:16:51.125 D/AutomaticBrightnessControllerInjector( 1866): sProximity=0, lux=846.20844

11-03 17:16:51.125 D/AutomaticBrightnessControllerInjector( 1866): AmbientLux=846.2085, mDarkeningLuxThreshold=423.10425, mBrighteningLuxThreshold=1269.3127, angle_xy2horizon=0.6040875

11-03 17:16:51.125 D/AutomaticBrightnessController( 1866): updateAutoBrightness: mScreenAutoBrightness=-1, newScreenAutoBrightness=1188

11-03 17:16:51.125 D/AutomaticBrightnessControllerInjector( 1866): skip debounce!

11-03 17:16:51.125 D/AutomaticBrightnessControllerInjector( 1866): AmbientLux=846.2085, mDarkeningLuxThreshold=423.10425, mBrighteningLuxThreshold=1269.3127, angle_xy2horizon=0.6040875

11-03 17:16:51.126 V/SettingsProvider( 1866): Notifying for 0: content://settings/system/screen_brightness

11-03 17:16:51.127 D/LocationPolicy( 1866): [uid = 10174, op = 1] is blocked by location policy

11-03 17:16:51.139 D/LocationPolicy( 1866): [uid = 10174, op = 1] is blocked by location policy

11-03 17:16:51.140 D/DisplayFeatureManager( 1866): setScreenEffect mode=3 value=20

11-03 17:16:51.140 W/PowerManagerService( 1866): Screen on took 220 ms

11-03 17:16:51.140 I/WindowManager( 1866): Finished waking up...

11-03 17:16:51.142 D/LocationPolicy( 1866): [uid = 10174, op = 1] is blocked by location policy

11-03 17:16:51.713 E/BatteryExternalStatsWorker( 1866): no controller energy info supplied for bluetooth

11-03 17:16:52.253 E/BatteryExternalStatsWorker( 1866): no controller energy info supplied for bluetooth

11-03 17:16:54.591 W/miui_keyguard( 2280): unlock keyguard by pw

11-03 17:16:54.687 I/LockSettingsService( 1866): Unlocking user 0 with secret only, length 64

11-03 17:16:54.687 I/LockSettingsService( 1866): Disabling escrow token on user 0

11-03 17:16:54.688 I/LockSettingsService( 1866): Caching SP for user 0

11-03 17:16:54.690 I/LockSettingsService( 1866): Removing SP from cache for user 0

11-03 17:16:54.928 I/set_top_app( 1866): success /proc/6801/task/6801/top_app:1

11-03 17:16:54.929 I/set_top_app( 1866): success /proc/6801/task/8733/top_app:2

11-03 17:16:54.934 I/Timeline( 1866): Timeline: App_transition_ready time:9203870

11-03 17:16:54.934 I/Timeline( 1866): Timeline: App_transition_stopped time:9203870

11-03 17:16:54.935 I/face_unlock( 2280): keyguard dismiss time=1635931014935

11-03 17:16:54.935 I/face_unlock( 2280): face unlock time=1635931014935

11-03 17:16:54.941 W/UsageStatsService( 1866): Event reported without a package name

11-03 17:16:54.953 V/UiModeManager( 1866): switch night mode to 1

11-03 17:16:54.958 I/Timeline( 1866): Timeline: Activity_windows_visible id: ActivityRecord{54a903 u0 com.guokr.mentor/.activity.MainActivity t1489} time:9203894

11-03 17:16:54.959 D/ActivityManager( 1866): Raise procstate to external provider: ProcessRecord{329313c 6879:com.guokr.mentor:pushcore/u0a339}

11-03 17:16:54.960 V/KeyguardDisplayManager( 2280): hide

11-03 17:16:54.960 I/face_unlock( 2280): keyguard exit time=1635931014960

11-03 17:16:54.963 D/PowerKeeper.AppStandby( 3465): disable standby chain

11-03 17:16:54.971 W/BroadcastQueue( 1866): Background execution not allowed: receiving Intent { act=android.intent.action.USER_PRESENT flg=0x24200010 } to com.guokr.mentor/com.hyphenate.chat.EMMonitorReceiver

11-03 17:16:54.974 D/miui.face.FaceService( 3374): lock screen passed

11-03 17:16:54.976 W/BroadcastQueue( 1866): Background execution not allowed: receiving Intent { act=android.intent.action.USER_PRESENT flg=0x24200010 } to com.guokr.mentor/cn.jpush.android.service.PushReceiver

11-03 17:16:54.994 D/ActivityManager( 1866): Raise procstate to external provider: ProcessRecord{329313c 6879:com.guokr.mentor:pushcore/u0a339}

11-03 17:16:54.995 D/ActivityManager( 1866): Raise procstate to external provider: ProcessRecord{329313c 6879:com.guokr.mentor:pushcore/u0a339}

11-03 17:16:54.996 D/LocationPolicy( 1866): [uid = 10174, op = 1] is blocked by location policy

11-03 17:16:55.000 D/ActivityManager( 1866): Raise procstate to external provider: ProcessRecord{329313c 6879:com.guokr.mentor:pushcore/u0a339}

11-03 17:16:55.002 D/ActivityManager( 1866): Raise procstate to external provider: ProcessRecord{329313c 6879:com.guokr.mentor:pushcore/u0a339}

11-03 17:16:55.002 D/ActivityManager( 1866): Raise procstate to external provider: ProcessRecord{329313c 6879:com.guokr.mentor:pushcore/u0a339}

11-03 17:16:55.002 D/ActivityManager( 1866): Raise procstate to external provider: ProcessRecord{329313c 6879:com.guokr.mentor:pushcore/u0a339}

11-03 17:16:55.003 D/ActivityManager( 1866): Raise procstate to external provider: ProcessRecord{329313c 6879:com.guokr.mentor:pushcore/u0a339}

11-03 17:16:55.003 D/ActivityManager( 1866): Raise procstate to external provider: ProcessRecord{329313c 6879:com.guokr.mentor:pushcore/u0a339}

11-03 17:16:55.009 D/LocationPolicy( 1866): [uid = 10174, op = 1] is blocked by location policy

11-03 17:16:55.009 D/ActivityManager( 1866): Raise procstate to external provider: ProcessRecord{329313c 6879:com.guokr.mentor:pushcore/u0a339}

11-03 17:16:55.012 D/ActivityManager( 1866): Raise procstate to external provider: ProcessRecord{329313c 6879:com.guokr.mentor:pushcore/u0a339}

11-03 17:16:55.013 D/ActivityManager( 1866): Raise procstate to external provider: ProcessRecord{329313c 6879:com.guokr.mentor:pushcore/u0a339}

11-03 17:16:55.015 I/chatty  ( 1866): uid=1000(system) Binder:1866_2 identical 1 line

11-03 17:16:55.015 D/ActivityManager( 1866): Raise procstate to external provider: ProcessRecord{329313c 6879:com.guokr.mentor:pushcore/u0a339}

11-03 17:16:55.016 D/ActivityManager( 1866): Raise procstate to external provider: ProcessRecord{329313c 6879:com.guokr.mentor:pushcore/u0a339}

11-03 17:16:55.017 I/chatty  ( 1866): uid=1000(system) Binder:1866_C identical 1 line

11-03 17:16:55.019 D/ActivityManager( 1866): Raise procstate to external provider: ProcessRecord{329313c 6879:com.guokr.mentor:pushcore/u0a339}

11-03 17:16:55.022 D/ActivityManager( 1866): Raise procstate to external provider: ProcessRecord{329313c 6879:com.guokr.mentor:pushcore/u0a339}

11-03 17:16:55.064 W/ActivityManager( 1866): Unable to start service Intent { act=com.az1.do1 pkg=com.az1.do1 } U=0: not found

11-03 17:16:55.067 I/set_top_app( 1866): success /proc/2280/task/2280/top_app:0

11-03 17:16:55.068 I/set_top_app( 1866): success /proc/2280/task/2461/top_app:0

11-03 17:16:55.472 E/BatteryExternalStatsWorker( 1866): no controller energy info supplied for bluetooth

11-03 17:16:58.160 D/LocationPolicy( 1866): [uid = 10174, op = 1] is blocked by location policy

11-03 17:17:00.319 W/BaseMiuiPhoneWindowManager( 1866): keyCode:4 down:true eventTime:9209255 downTime:9209255 policyFlags:22000002 flags:48 deviceId:4 isScreenOn:true keyguardActive:false repeatCount:0

11-03 17:17:00.391 W/BaseMiuiPhoneWindowManager( 1866): keyCode:4 down:false eventTime:9209326 downTime:9209255 policyFlags:22000002 flags:48 deviceId:4 isScreenOn:true keyguardActive:false repeatCount:0

11-03 17:17:00.677 W/BaseMiuiPhoneWindowManager( 1866): keyCode:4 down:true eventTime:9209613 downTime:9209613 policyFlags:22000002 flags:48 deviceId:4 isScreenOn:true keyguardActive:false repeatCount:0

11-03 17:17:00.734 W/BaseMiuiPhoneWindowManager( 1866): keyCode:4 down:false eventTime:9209670 downTime:9209613 policyFlags:22000002 flags:48 deviceId:4 isScreenOn:true keyguardActive:false repeatCount:0

11-03 17:17:00.809 W/BaseMiuiPhoneWindowManager( 1866): keyCode:4 down:true eventTime:9209745 downTime:9209745 policyFlags:22000002 flags:48 deviceId:4 isScreenOn:true keyguardActive:false repeatCount:0

11-03 17:17:00.885 W/BaseMiuiPhoneWindowManager( 1866): keyCode:4 down:false eventTime:9209820 downTime:9209745 policyFlags:22000002 flags:48 deviceId:4 isScreenOn:true keyguardActive:false repeatCount:0

11-03 17:17:00.926 W/BaseMiuiPhoneWindowManager( 1866): keyCode:4 down:true eventTime:9209861 downTime:9209861 policyFlags:22000002 flags:48 deviceId:4 isScreenOn:true keyguardActive:false repeatCount:0

11-03 17:17:00.985 W/BaseMiuiPhoneWindowManager( 1866): keyCode:4 down:false eventTime:9209920 downTime:9209861 policyFlags:22000002 flags:48 deviceId:4 isScreenOn:true keyguardActive:false repeatCount:0

11-03 17:17:00.990 I/ActivityManager( 1866): moveTaskToBack: TaskRecord{f6c3694 #1489 A=com.guokr.mentor U=0 StackId=3 sz=1}

11-03 17:17:01.012 I/set_top_app( 1866): success /proc/2664/task/2664/top_app:1

11-03 17:17:01.012 I/set_top_app( 1866): success /proc/2664/task/2974/top_app:2

11-03 17:17:01.016 I/set_top_app( 1866): success /proc/6801/task/6801/top_app:0

11-03 17:17:01.016 I/set_top_app( 1866): success /proc/6801/task/8733/top_app:0

11-03 17:17:01.017 I/set_top_app( 1866): success /proc/8247/task/8247/top_app:0

11-03 17:17:01.024 I/Timeline( 1866): Timeline: App_transition_ready time:9209960

11-03 17:17:01.029 D/ActivityManager( 1866): Raise procstate to external provider: ProcessRecord{329313c 6879:com.guokr.mentor:pushcore/u0a339}

11-03 17:17:01.030 D/ActivityManager( 1866): Raise procstate to external provider: ProcessRecord{329313c 6879:com.guokr.mentor:pushcore/u0a339}

11-03 17:17:01.035 I/Timeline( 1866): Timeline: App_transition_ready time:9209971

11-03 17:17:01.035 V/SettingsProvider( 1866): Notifying for 0: content://settings/secure/com.miui.newhome.preferences.key_tips_show_time

11-03 17:17:01.037 V/UiModeManager( 1866): switch night mode to 1

11-03 17:17:01.040 W/BaseMiuiPhoneWindowManager( 1866): keyCode:4 down:true eventTime:9209975 downTime:9209975 policyFlags:22000002 flags:48 deviceId:4 isScreenOn:true keyguardActive:false repeatCount:0

11-03 17:17:01.043 I/Timeline( 1866): Timeline: App_transition_ready time:9209979

11-03 17:17:01.047 I/Timeline( 1866): Timeline: App_transition_ready time:9209983

11-03 17:17:01.094 I/Timeline( 1866): Timeline: App_transition_ready time:9210030

11-03 17:17:01.114 W/BaseMiuiPhoneWindowManager( 1866): keyCode:4 down:false eventTime:9210050 downTime:9209975 policyFlags:22000002 flags:48 deviceId:4 isScreenOn:true keyguardActive:false repeatCount:0

11-03 17:17:01.243 D/Boost   ( 1866): hostingType=content provider, hostingName=com.android.quicksearchbox/.xiaomi.XiaomiSuggestionProvider, callerPackage=com.miui.home, isSystem=true, isBoostNeeded=false.

11-03 17:17:01.244 I/ActivityManager( 1866): Start proc 20743:com.android.quicksearchbox/u0a27 for content provider com.android.quicksearchbox/.xiaomi.XiaomiSuggestionProvider caller=com.miui.home

11-03 17:17:01.301 I/Timeline( 1866): Timeline: App_transition_ready time:9210238

11-03 17:17:01.320 W/BaseMiuiPhoneWindowManager( 1866): keyCode:4 down:true eventTime:9210256 downTime:9210256 policyFlags:22000002 flags:48 deviceId:4 isScreenOn:true keyguardActive:false repeatCount:0

11-03 17:17:01.361 W/BaseMiuiPhoneWindowManager( 1866): keyCode:4 down:false eventTime:9210297 downTime:9210256 policyFlags:22000002 flags:48 deviceId:4 isScreenOn:true keyguardActive:false repeatCount:0

11-03 17:17:01.445 W/BaseMiuiPhoneWindowManager( 1866): keyCode:4 down:true eventTime:9210380 downTime:9210380 policyFlags:22000002 flags:48 deviceId:4 isScreenOn:true keyguardActive:false repeatCount:0

11-03 17:17:01.503 W/BaseMiuiPhoneWindowManager( 1866): keyCode:4 down:false eventTime:9210439 downTime:9210380 policyFlags:22000002 flags:48 deviceId:4 isScreenOn:true keyguardActive:false repeatCount:0

11-03 17:17:01.585 W/BaseMiuiPhoneWindowManager( 1866): keyCode:4 down:true eventTime:9210521 downTime:9210521 policyFlags:22000002 flags:48 deviceId:4 isScreenOn:true keyguardActive:false repeatCount:0

11-03 17:17:01.610 I/Timeline( 1866): Timeline: Activity_windows_visible id: ActivityRecord{c2822f7 u0 com.miui.home/.launcher.Launcher t1} time:9210546

11-03 17:17:01.612 I/Timeline( 1866): Timeline: App_transition_stopped time:9210548

11-03 17:17:01.643 W/BaseMiuiPhoneWindowManager( 1866): keyCode:4 down:false eventTime:9210578 downTime:9210521 policyFlags:22000002 flags:48 deviceId:4 isScreenOn:true keyguardActive:false repeatCount:0

11-03 17:17:01.692 W/BaseMiuiPhoneWindowManager( 1866): keyCode:4 down:true eventTime:9210628 downTime:9210628 policyFlags:22000002 flags:48 deviceId:4 isScreenOn:true keyguardActive:false repeatCount:0

11-03 17:17:01.768 W/BaseMiuiPhoneWindowManager( 1866): keyCode:4 down:false eventTime:9210703 downTime:9210628 policyFlags:22000002 flags:48 deviceId:4 isScreenOn:true keyguardActive:false repeatCount:0

11-03 17:17:06.813 I/ActivityManager( 1866): Waited long enough for: ServiceRecord{1e8d412 u0 com.qihoo.appstore/com.qihoo.sdk.report.network.NetworkService}

11-03 17:17:44.160 E/storaged(  935): getDiskStats failed with result NOT_SUPPORTED and size 0

11-03 17:18:01.181 V/LocationPolicy( 1866): writePolicyLocked()

11-03 17:18:01.210 D/PowerKeeper.FrozenApp( 3465): updateWakelockBlockedUid, uid = 10339, isBlocked = true

11-03 17:18:01.211 V/LocationPolicy( 1866): writePolicyLocked()

11-03 17:18:01.212 D/PowerKeeperPolicy( 1866): Caller[1000] updateWakelockBlockedUid:uid=10339, tag=null, block=true

11-03 17:18:44.165 E/storaged(  935): getDiskStats failed with result NOT_SUPPORTED and size 0

11-03 17:19:13.786 D/PowerManagerServiceInjector( 1866): wakeLock:[PARTIAL_WAKE_LOCK              '*alarm*' ACQ=0 (uid=1000 pid=1866 ws=WorkSource{10174 com.qihoo.appstore})] is disabled by policy

11-03 17:19:13.806 D/PowerManagerServiceInjector( 1866): wakeLock:[PARTIAL_WAKE_LOCK              '*job*/com.qihoo.appstore/.keepalive.scheduler.CoreJobService' (uid=1000 pid=1866 ws=WorkSource{10174})] is disabled by policy

11-03 17:19:29.473 D/ActivityManager( 1866): Raise procstate to external provider: ProcessRecord{329313c 6879:com.guokr.mentor:pushcore/u0a339}

11-03 17:19:29.488 D/ActivityManager( 1866): Raise procstate to external provider: ProcessRecord{329313c 6879:com.guokr.mentor:pushcore/u0a339}

11-03 17:19:29.491 D/LocationPolicy( 1866): [uid = 10339, op = 1] is blocked by location policy

11-03 17:19:29.496 D/LocationPolicy( 1866): [uid = 10339, op = 1] is blocked by location policy

11-03 17:19:29.505 D/LocationPolicy( 1866): [uid = 10339, op = 1] is blocked by location policy

11-03 17:19:29.524 I/LocationManagerInjector( 1866): com.guokr.mentor(10339) Request[POWER_LOW network requested=+2s0ms fastest=+2s0ms lowPowerMode=false] is blocked by policy

11-03 17:19:36.121 W/ActivityManager( 1866): Background start not allowed: service Intent { cmp=com.guokr.mentor/com.hyphenate.chat.EMChatService } to com.guokr.mentor/com.hyphenate.chat.EMChatService from pid=20919 uid=10339 pkg=com.android.shell startFg?=false

11-03 17:19:44.170 E/storaged(  935): getDiskStats failed with result NOT_SUPPORTED and size 0

11-03 17:19:49.546 I/LocationManagerInjector( 1866): com.guokr.mentor(10339) Request[ACCURACY_FINE gps requested=+2s0ms fastest=+2s0ms lowPowerMode=false] is blocked by policy

11-03 17:19:52.065 W/BroadcastQueue( 1866): Skipping deliver [background] BroadcastRecord{b3797e7 u-1 android.net.conn.CONNECTIVITY_CHANGE} to ReceiverList{a9e3f94 20978 (unknown name)/2000/u-1 remote:32ecf01}: process gone or crashing

11-03 17:19:52.103 I/ActivityManager( 1866): START u0 {act=android.intent.action.MAIN cat=[android.intent.category.LAUNCHER] flg=0x10200000 cmp=com.guokr.mentor/.activity.MainActivity} from uid 2000

11-03 17:19:52.109 D/PowerManagerServiceInjector( 1866): wakeLock:[PARTIAL_WAKE_LOCK              '*launch*' (uid=1000 pid=1866 ws=WorkSource{10339})] is disabled by policy

11-03 17:19:52.120 I/set_top_app( 1866): success /proc/2664/task/2664/top_app:0

11-03 17:19:52.120 I/set_top_app( 1866): success /proc/2664/task/2974/top_app:0

11-03 17:19:52.124 I/set_top_app( 1866): success /proc/6801/task/6801/top_app:1

11-03 17:19:52.124 I/set_top_app( 1866): success /proc/6801/task/8733/top_app:2

11-03 17:19:52.128 I/Timeline( 1866): Timeline: App_transition_ready time:9381064

11-03 17:19:52.129 V/LocationPolicy( 1866): writePolicyLocked()

11-03 17:19:52.132 I/Timeline( 1866): Timeline: App_transition_ready time:9381068

11-03 17:19:52.137 D/PowerKeeper.FrozenApp( 3465): updateWakelockBlockedUid, uid = 10339, isBlocked = false

11-03 17:19:52.138 D/PowerKeeperPolicy( 1866): Caller[1000] updateWakelockBlockedUid:uid=10339, tag=null, block=false

11-03 17:19:52.138 D/PowerManagerServiceInjector( 1866): set partial wakelock enabled:[PARTIAL_WAKE_LOCK              '*launch*' (uid=1000 pid=1866 ws=WorkSource{10339})]

11-03 17:19:52.146 V/UiModeManager( 1866): switch night mode to 1

11-03 17:19:52.149 I/Timeline( 1866): Timeline: App_transition_ready time:9381085

11-03 17:19:52.153 D/ActivityManager( 1866): Raise procstate to external provider: ProcessRecord{329313c 6879:com.guokr.mentor:pushcore/u0a339}

11-03 17:19:52.159 I/chatty  ( 1866): uid=1000(system) Binder:1866_5 identical 2 lines

11-03 17:19:52.161 D/ActivityManager( 1866): Raise procstate to external provider: ProcessRecord{329313c 6879:com.guokr.mentor:pushcore/u0a339}

11-03 17:19:52.161 D/ActivityManager( 1866): Raise procstate to external provider: ProcessRecord{329313c 6879:com.guokr.mentor:pushcore/u0a339}

11-03 17:19:52.161 D/ActivityManager( 1866): Raise procstate to external provider: ProcessRecord{329313c 6879:com.guokr.mentor:pushcore/u0a339}

11-03 17:19:52.162 D/ActivityManager( 1866): Raise procstate to external provider: ProcessRecord{329313c 6879:com.guokr.mentor:pushcore/u0a339}

11-03 17:19:52.162 D/ActivityManager( 1866): Raise procstate to external provider: ProcessRecord{329313c 6879:com.guokr.mentor:pushcore/u0a339}

11-03 17:19:52.163 D/ActivityManager( 1866): Raise procstate to external provider: ProcessRecord{329313c 6879:com.guokr.mentor:pushcore/u0a339}

11-03 17:19:52.163 D/ActivityManager( 1866): Raise procstate to external provider: ProcessRecord{329313c 6879:com.guokr.mentor:pushcore/u0a339}

11-03 17:19:52.168 I/chatty  ( 1866): uid=1000(system) Binder:1866_14 identical 2 lines

11-03 17:19:52.170 D/ActivityManager( 1866): Raise procstate to external provider: ProcessRecord{329313c 6879:com.guokr.mentor:pushcore/u0a339}

11-03 17:19:52.171 D/ActivityManager( 1866): Raise procstate to external provider: ProcessRecord{329313c 6879:com.guokr.mentor:pushcore/u0a339}

11-03 17:19:52.176 I/Timeline( 1866): Timeline: App_transition_ready time:9381112

11-03 17:19:52.185 D/ActivityManager( 1866): Raise procstate to external provider: ProcessRecord{329313c 6879:com.guokr.mentor:pushcore/u0a339}

11-03 17:19:52.621 W/BaseMiuiPhoneWindowManager( 1866): keyCode:19 down:true eventTime:9381556 downTime:9381556 policyFlags:2b000000 flags:8 deviceId:-1 isScreenOn:true keyguardActive:false repeatCount:0

11-03 17:19:52.630 W/BaseMiuiPhoneWindowManager( 1866): keyCode:19 down:false eventTime:9381566 downTime:9381566 policyFlags:2b000000 flags:8 deviceId:-1 isScreenOn:true keyguardActive:false repeatCount:0

11-03 17:19:52.741 I/Timeline( 1866): Timeline: Activity_windows_visible id: ActivityRecord{54a903 u0 com.guokr.mentor/.activity.MainActivity t1489} time:9381677

11-03 17:19:52.742 I/Timeline( 1866): Timeline: App_transition_stopped time:9381678

11-03 17:19:53.135 W/BaseMiuiPhoneWindowManager( 1866): keyCode:20 down:true eventTime:9382070 downTime:9382070 policyFlags:2b000000 flags:8 deviceId:-1 isScreenOn:true keyguardActive:false repeatCount:0

11-03 17:19:53.138 W/BaseMiuiPhoneWindowManager( 1866): keyCode:20 down:false eventTime:9382074 downTime:9382074 policyFlags:2b000000 flags:8 deviceId:-1 isScreenOn:true keyguardActive:false repeatCount:0

11-03 17:19:53.646 W/BaseMiuiPhoneWindowManager( 1866): keyCode:22 down:true eventTime:9382581 downTime:9382581 policyFlags:2b000000 flags:8 deviceId:-1 isScreenOn:true keyguardActive:false repeatCount:0

11-03 17:19:53.650 W/BaseMiuiPhoneWindowManager( 1866): keyCode:22 down:false eventTime:9382586 downTime:9382586 policyFlags:2b000000 flags:8 deviceId:-1 isScreenOn:true keyguardActive:false repeatCount:0

11-03 17:19:54.163 W/BaseMiuiPhoneWindowManager( 1866): keyCode:23 down:true eventTime:9383098 downTime:9383098 policyFlags:2b000000 flags:8 deviceId:-1 isScreenOn:true keyguardActive:false repeatCount:0

11-03 17:19:54.169 W/BaseMiuiPhoneWindowManager( 1866): keyCode:23 down:false eventTime:9383104 downTime:9383104 policyFlags:2b000000 flags:8 deviceId:-1 isScreenOn:true keyguardActive:false repeatCount:0

11-03 17:19:55.223 W/BaseMiuiPhoneWindowManager( 1866): keyCode:23 down:true eventTime:9384158 downTime:9384158 policyFlags:2b000000 flags:8 deviceId:-1 isScreenOn:true keyguardActive:false repeatCount:0

11-03 17:19:55.236 W/BaseMiuiPhoneWindowManager( 1866): keyCode:23 down:false eventTime:9384171 downTime:9384171 policyFlags:2b000000 flags:8 deviceId:-1 isScreenOn:true keyguardActive:false repeatCount:0

11-03 17:19:55.744 W/BaseMiuiPhoneWindowManager( 1866): keyCode:38 down:true eventTime:9384677 downTime:9384677 policyFlags:2b000000 flags:8 deviceId:-1 isScreenOn:true keyguardActive:false repeatCount:0

11-03 17:19:55.751 W/BaseMiuiPhoneWindowManager( 1866): keyCode:38 down:false eventTime:9384685 downTime:9384685 policyFlags:2b000000 flags:8 deviceId:-1 isScreenOn:true keyguardActive:false repeatCount:0

11-03 17:19:56.258 W/BaseMiuiPhoneWindowManager( 1866): keyCode:92 down:true eventTime:9385193 downTime:9385193 policyFlags:2b000000 flags:8 deviceId:-1 isScreenOn:true keyguardActive:false repeatCount:0

11-03 17:19:56.263 W/BaseMiuiPhoneWindowManager( 1866): keyCode:92 down:false eventTime:9385198 downTime:9385198 policyFlags:2b000000 flags:8 deviceId:-1 isScreenOn:true keyguardActive:false repeatCount:0

11-03 17:19:57.279 W/BaseMiuiPhoneWindowManager( 1866): keyCode:20 down:true eventTime:9386214 downTime:9386214 policyFlags:2b000000 flags:8 deviceId:-1 isScreenOn:true keyguardActive:false repeatCount:0

11-03 17:19:57.284 W/BaseMiuiPhoneWindowManager( 1866): keyCode:20 down:false eventTime:9386219 downTime:9386219 policyFlags:2b000000 flags:8 deviceId:-1 isScreenOn:true keyguardActive:false repeatCount:0

11-03 17:19:57.795 W/BaseMiuiPhoneWindowManager( 1866): keyCode:201 down:true eventTime:9386729 downTime:9386729 policyFlags:2b000000 flags:8 deviceId:-1 isScreenOn:true keyguardActive:false repeatCount:0

11-03 17:19:57.802 W/BaseMiuiPhoneWindowManager( 1866): keyCode:23 down:true eventTime:9386729 downTime:9386729 policyFlags:6b000000 flags:408 deviceId:-1 isScreenOn:true keyguardActive:false repeatCount:0

11-03 17:19:57.802 W/BaseMiuiPhoneWindowManager( 1866): keyCode:201 down:false eventTime:9386737 downTime:9386737 policyFlags:2b000000 flags:8 deviceId:-1 isScreenOn:true keyguardActive:false repeatCount:0

11-03 17:19:57.813 W/BaseMiuiPhoneWindowManager( 1866): keyCode:23 down:false eventTime:9386737 downTime:9386737 policyFlags:6b000000 flags:408 deviceId:-1 isScreenOn:true keyguardActive:false repeatCount:0

11-03 17:19:58.867 W/BaseMiuiPhoneWindowManager( 1866): keyCode:274 down:true eventTime:9387803 downTime:9387803 policyFlags:2b000000 flags:8 deviceId:-1 isScreenOn:true keyguardActive:false repeatCount:0

11-03 17:19:58.874 W/BaseMiuiPhoneWindowManager( 1866): keyCode:274 down:false eventTime:9387809 downTime:9387809 policyFlags:2b000000 flags:8 deviceId:-1 isScreenOn:true keyguardActive:false repeatCount:0

11-03 17:19:59.394 W/BaseMiuiPhoneWindowManager( 1866): keyCode:111 down:true eventTime:9388329 downTime:9388329 policyFlags:2b000000 flags:8 deviceId:-1 isScreenOn:true keyguardActive:false repeatCount:0

11-03 17:19:59.399 W/BaseMiuiPhoneWindowManager( 1866): keyCode:111 down:false eventTime:9388334 downTime:9388334 policyFlags:2b000000 flags:8 deviceId:-1 isScreenOn:true keyguardActive:false repeatCount:0

11-03 17:19:59.939 W/BaseMiuiPhoneWindowManager( 1866): keyCode:20 down:true eventTime:9388874 downTime:9388874 policyFlags:2b000000 flags:8 deviceId:-1 isScreenOn:true keyguardActive:false repeatCount:0

11-03 17:19:59.948 W/BaseMiuiPhoneWindowManager( 1866): keyCode:20 down:false eventTime:9388883 downTime:9388883 policyFlags:2b000000 flags:8 deviceId:-1 isScreenOn:true keyguardActive:false repeatCount:0

11-03 17:20:00.459 W/BaseMiuiPhoneWindowManager( 1866): keyCode:21 down:true eventTime:9389393 downTime:9389393 policyFlags:2b000000 flags:8 deviceId:-1 isScreenOn:true keyguardActive:false repeatCount:0

11-03 17:20:00.467 W/BaseMiuiPhoneWindowManager( 1866): keyCode:21 down:false eventTime:9389402 downTime:9389402 policyFlags:2b000000 flags:8 deviceId:-1 isScreenOn:true keyguardActive:false repeatCount:0

11-03 17:20:01.512 W/BaseMiuiPhoneWindowManager( 1866): keyCode:21 down:true eventTime:9390445 downTime:9390445 policyFlags:2b000000 flags:8 deviceId:-1 isScreenOn:true keyguardActive:false repeatCount:0

11-03 17:20:01.520 W/BaseMiuiPhoneWindowManager( 1866): keyCode:21 down:false eventTime:9390455 downTime:9390455 policyFlags:2b000000 flags:8 deviceId:-1 isScreenOn:true keyguardActive:false repeatCount:0

11-03 17:20:02.118 W/BaseMiuiPhoneWindowManager( 1866): keyCode:20 down:true eventTime:9391053 downTime:9391053 policyFlags:2b000000 flags:8 deviceId:-1 isScreenOn:true keyguardActive:false repeatCount:0

11-03 17:20:02.132 W/BaseMiuiPhoneWindowManager( 1866): keyCode:20 down:false eventTime:9391068 downTime:9391068 policyFlags:2b000000 flags:8 deviceId:-1 isScreenOn:true keyguardActive:false repeatCount:0

11-03 17:20:03.186 W/BaseMiuiPhoneWindowManager( 1866): keyCode:19 down:true eventTime:9392121 downTime:9392121 policyFlags:2b000000 flags:8 deviceId:-1 isScreenOn:true keyguardActive:false repeatCount:0

11-03 17:20:03.192 W/BaseMiuiPhoneWindowManager( 1866): keyCode:19 down:false eventTime:9392127 downTime:9392127 policyFlags:2b000000 flags:8 deviceId:-1 isScreenOn:true keyguardActive:false repeatCount:0

11-03 17:20:03.707 W/BaseMiuiPhoneWindowManager( 1866): keyCode:23 down:true eventTime:9392641 downTime:9392641 policyFlags:2b000000 flags:8 deviceId:-1 isScreenOn:true keyguardActive:false repeatCount:0

11-03 17:20:03.715 W/BaseMiuiPhoneWindowManager( 1866): keyCode:23 down:false eventTime:9392650 downTime:9392650 policyFlags:2b000000 flags:8 deviceId:-1 isScreenOn:true keyguardActive:false repeatCount:0

11-03 17:20:04.854 I/set_top_app( 1866): success /proc/2280/task/2280/top_app:0

11-03 17:20:04.854 I/set_top_app( 1866): success /proc/2280/task/2461/top_app:0

11-03 17:20:05.251 W/BaseMiuiPhoneWindowManager( 1866): keyCode:125 down:true eventTime:9394186 downTime:9394186 policyFlags:2b000000 flags:8 deviceId:-1 isScreenOn:true keyguardActive:false repeatCount:0

11-03 17:20:05.258 W/BaseMiuiPhoneWindowManager( 1866): keyCode:125 down:false eventTime:9394193 downTime:9394193 policyFlags:2b000000 flags:8 deviceId:-1 isScreenOn:true keyguardActive:false repeatCount:0

11-03 17:20:05.789 W/BaseMiuiPhoneWindowManager( 1866): keyCode:23 down:true eventTime:9394725 downTime:9394725 policyFlags:2b000000 flags:8 deviceId:-1 isScreenOn:true keyguardActive:false repeatCount:0

11-03 17:20:05.803 W/BaseMiuiPhoneWindowManager( 1866): keyCode:23 down:false eventTime:9394738 downTime:9394738 policyFlags:2b000000 flags:8 deviceId:-1 isScreenOn:true keyguardActive:false repeatCount:0

11-03 17:20:06.311 W/BaseMiuiPhoneWindowManager( 1866): keyCode:21 down:true eventTime:9395245 downTime:9395245 policyFlags:2b000000 flags:8 deviceId:-1 isScreenOn:true keyguardActive:false repeatCount:0

11-03 17:20:06.318 W/BaseMiuiPhoneWindowManager( 1866): keyCode:21 down:false eventTime:9395253 downTime:9395253 policyFlags:2b000000 flags:8 deviceId:-1 isScreenOn:true keyguardActive:false repeatCount:0

11-03 17:20:06.891 W/BaseMiuiPhoneWindowManager( 1866): keyCode:19 down:true eventTime:9395826 downTime:9395826 policyFlags:2b000000 flags:8 deviceId:-1 isScreenOn:true keyguardActive:false repeatCount:0

11-03 17:20:06.907 W/BaseMiuiPhoneWindowManager( 1866): keyCode:19 down:false eventTime:9395842 downTime:9395842 policyFlags:2b000000 flags:8 deviceId:-1 isScreenOn:true keyguardActive:false repeatCount:0

