11-03 16:26:19.773 D/ActivityManager( 1866): Raise procstate to external provider: ProcessRecord{329313c 6879:com.guokr.mentor:pushcore/u0a339}

11-03 16:26:19.774 V/UiModeManager( 1866): switch night mode to 1

11-03 16:26:19.776 D/ActivityManager( 1866): Raise procstate to external provider: ProcessRecord{329313c 6879:com.guokr.mentor:pushcore/u0a339}

11-03 16:26:19.780 I/Timeline( 1866): Timeline: App_transition_ready time:6168716

11-03 16:26:19.782 I/Timeline( 1866): Timeline: App_transition_ready time:6168719

11-03 16:26:19.817 I/Timeline( 1866): Timeline: App_transition_ready time:6168753

11-03 16:26:19.933 W/BaseMiuiPhoneWindowManager( 1866): keyCode:4 down:true eventTime:6168869 downTime:6168869 policyFlags:22000002 flags:48 deviceId:4 isScreenOn:true keyguardActive:false repeatCount:0

11-03 16:26:19.984 D/Boost   ( 1866): hostingType=content provider, hostingName=com.android.quicksearchbox/.xiaomi.XiaomiSuggestionProvider, callerPackage=com.miui.home, isSystem=true, isBoostNeeded=false.

11-03 16:26:19.986 I/ActivityManager( 1866): Start proc 17078:com.android.quicksearchbox/u0a27 for content provider com.android.quicksearchbox/.xiaomi.XiaomiSuggestionProvider caller=com.miui.home

11-03 16:26:20.041 W/BaseMiuiPhoneWindowManager( 1866): keyCode:4 down:false eventTime:6168977 downTime:6168869 policyFlags:22000002 flags:48 deviceId:4 isScreenOn:true keyguardActive:false repeatCount:0

11-03 16:26:20.126 I/Timeline( 1866): Timeline: Activity_windows_visible id: ActivityRecord{c2822f7 u0 com.miui.home/.launcher.Launcher t1} time:6169062

11-03 16:26:20.130 I/Timeline( 1866): Timeline: App_transition_stopped time:6169066

11-03 16:26:20.718 I/Timeline( 2664): Timeline: Activity_launch_request time:6169654

11-03 16:26:20.722 I/ActivityManager( 1866): START u0 {act=android.intent.action.MAIN cat=[android.intent.category.LAUNCHER] flg=0x10200000 cmp=com.guokr.mentor/.activity.MainActivity bnds=[82,926][250,1094] (has extras)} from uid 10046

11-03 16:26:20.742 I/set_top_app( 1866): success /proc/2664/task/2664/top_app:0

11-03 16:26:20.742 I/set_top_app( 1866): success /proc/2664/task/2974/top_app:0

11-03 16:26:20.745 I/set_top_app( 1866): success /proc/6801/task/6801/top_app:1

11-03 16:26:20.746 I/set_top_app( 1866): success /proc/6801/task/8733/top_app:2

11-03 16:26:20.750 I/Timeline( 1866): Timeline: App_transition_ready time:6169686

11-03 16:26:20.751 I/Timeline( 1866): Timeline: App_transition_ready time:6169687

11-03 16:26:20.752 I/Timeline( 1866): Timeline: App_transition_ready time:6169688

11-03 16:26:20.760 V/UiModeManager( 1866): switch night mode to 1

11-03 16:26:20.769 I/Timeline( 1866): Timeline: App_transition_ready time:6169705

11-03 16:26:20.795 I/Timeline( 1866): Timeline: App_transition_ready time:6169731

11-03 16:26:21.099 I/Timeline( 1866): Timeline: Activity_windows_visible id: ActivityRecord{54a903 u0 com.guokr.mentor/.activity.MainActivity t1489} time:6170035

11-03 16:26:21.104 I/Timeline( 1866): Timeline: App_transition_stopped time:6170040

11-03 16:26:29.724 W/BaseMiuiPhoneWindowManager( 1866): keyCode:4 down:true eventTime:6178660 downTime:6178660 policyFlags:22000002 flags:48 deviceId:4 isScreenOn:true keyguardActive:false repeatCount:0

11-03 16:26:29.873 W/BaseMiuiPhoneWindowManager( 1866): keyCode:4 down:false eventTime:6178809 downTime:6178660 policyFlags:22000002 flags:48 deviceId:4 isScreenOn:true keyguardActive:false repeatCount:0

11-03 16:26:43.205 E/storaged(  935): getDiskStats failed with result NOT_SUPPORTED and size 0

11-03 16:27:00.010 I/ActivityManager( 1866): Killing 11583:com.miui.systemAdSolution:ui/u0a86 (adj 906): empty for 4362s

11-03 16:27:26.876 W/BaseMiuiPhoneWindowManager( 1866): keyCode:4 down:true eventTime:6235812 downTime:6235812 policyFlags:22000002 flags:48 deviceId:4 isScreenOn:true keyguardActive:false repeatCount:0

11-03 16:27:27.033 W/BaseMiuiPhoneWindowManager( 1866): keyCode:4 down:false eventTime:6235968 downTime:6235812 policyFlags:22000002 flags:48 deviceId:4 isScreenOn:true keyguardActive:false repeatCount:0

11-03 16:27:30.185 W/BaseMiuiPhoneWindowManager( 1866): keyCode:4 down:true eventTime:6239120 downTime:6239120 policyFlags:22000002 flags:48 deviceId:4 isScreenOn:true keyguardActive:false repeatCount:0

11-03 16:27:30.308 W/BaseMiuiPhoneWindowManager( 1866): keyCode:4 down:false eventTime:6239243 downTime:6239120 policyFlags:22000002 flags:48 deviceId:4 isScreenOn:true keyguardActive:false repeatCount:0

11-03 16:27:43.207 E/storaged(  935): getDiskStats failed with result NOT_SUPPORTED and size 0

11-03 16:28:43.210 E/storaged(  935): getDiskStats failed with result NOT_SUPPORTED and size 0

11-03 16:28:53.359 V/SettingsProvider( 1866): Notifying for 0: content://settings/secure/com.miui.hybrid.accessory.NEXT_SCAN_TIME

11-03 16:28:53.408 D/Boost   ( 1866): hostingType=broadcast, hostingName=com.miui.hybrid.accessory/.o2o.WakeupReceiver, callerPackage=com.miui.wmsvc, isSystem=true, isBoostNeeded=false.

11-03 16:28:53.413 I/ActivityManager( 1866): Start proc 17344:com.miui.hybrid.accessory/u0a98 for broadcast com.miui.hybrid.accessory/.o2o.WakeupReceiver caller=com.miui.wmsvc

11-03 16:28:53.744 I/NotificationService( 1866): Cannot find enqueued record for key: 0|com.miui.hybrid.accessory|2|null|10098

11-03 16:28:53.747 I/NotificationService( 1866): Cannot find enqueued record for key: 0|com.miui.hybrid.accessory|2|null|10098

11-03 16:28:54.707 I/ActivityManager( 1866): Killing 11755:com.android.camera/u0a48 (adj 906): empty for 4431s

11-03 16:28:56.773 D/Boost   ( 1866): hostingType=FastRestart, hostingName=null, callerPackage=system, isSystem=true, isBoostNeeded=false.

11-03 16:28:56.778 I/ActivityManager( 1866): Start proc 17381:com.android.camera/u0a48 for FastRestart caller=system

11-03 16:28:56.808 I/ActivityManager( 1866): Killing 12765:com.android.browser/u0a52 (adj 906): empty for 3706s

11-03 16:29:43.212 E/storaged(  935): getDiskStats failed with result NOT_SUPPORTED and size 0

11-03 16:30:43.214 E/storaged(  935): getDiskStats failed with result NOT_SUPPORTED and size 0

11-03 16:30:53.742 D/ActivityManager( 1866): Raise procstate to external provider: ProcessRecord{329313c 6879:com.guokr.mentor:pushcore/u0a339}

11-03 16:30:53.747 D/ActivityManager( 1866): Raise procstate to external provider: ProcessRecord{329313c 6879:com.guokr.mentor:pushcore/u0a339}

11-03 16:31:43.219 E/storaged(  935): getDiskStats failed with result NOT_SUPPORTED and size 0

11-03 16:32:43.224 E/storaged(  935): getDiskStats failed with result NOT_SUPPORTED and size 0

11-03 16:32:59.379 D/AutomaticBrightnessControllerInjector( 1866): drop the lightsensor event! lux=316.9372

11-03 16:33:05.882 D/AutomaticBrightnessControllerInjector( 1866): drop the lightsensor event! lux=70.96175

11-03 16:33:06.379 D/AutomaticBrightnessControllerInjector( 1866): AmbientLux=341.07352, mDarkeningLuxThreshold=170.53676, mBrighteningLuxThreshold=511.6103, angle_xy2horizon=0.4224687

11-03 16:33:06.379 D/AutomaticBrightnessController( 1866): updateAutoBrightness: mScreenAutoBrightness=1163, newScreenAutoBrightness=688

11-03 16:33:06.386 V/SettingsProvider( 1866): Notifying for 0: content://settings/system/screen_brightness

11-03 16:33:07.882 D/AutomaticBrightnessControllerInjector( 1866): AmbientLux=645.33246, mDarkeningLuxThreshold=322.66623, mBrighteningLuxThreshold=967.99866, angle_xy2horizon=0.39574644

11-03 16:33:07.882 D/AutomaticBrightnessController( 1866): updateAutoBrightness: mScreenAutoBrightness=688, newScreenAutoBrightness=1172

11-03 16:33:07.888 V/SettingsProvider( 1866): Notifying for 0: content://settings/system/screen_brightness

11-03 16:33:43.228 E/storaged(  935): getDiskStats failed with result NOT_SUPPORTED and size 0

11-03 16:34:37.422 D/PowerManagerServiceInjector( 1866): wakeLock:[PARTIAL_WAKE_LOCK              '*alarm*' (uid=1000 pid=1866 ws=WorkSource{10174 com.qihoo.appstore})] is disabled by policy

11-03 16:34:37.460 D/PowerManagerServiceInjector( 1866): wakeLock:[PARTIAL_WAKE_LOCK              '*job*/com.qihoo.appstore/.keepalive.scheduler.CoreJobService' (uid=1000 pid=1866 ws=WorkSource{10174})] is disabled by policy

11-03 16:34:43.230 E/storaged(  935): getDiskStats failed with result NOT_SUPPORTED and size 0

11-03 16:35:19.648 D/PowerManagerServiceInjector( 1866): wakeLock:[PARTIAL_WAKE_LOCK              '*alarm*' (uid=1000 pid=1866 ws=WorkSource{10174 com.qihoo.appstore})] is disabled by policy

11-03 16:35:24.651 D/PowerManagerServiceInjector( 1866): wakeLock:[PARTIAL_WAKE_LOCK              '*alarm*' (uid=1000 pid=1866 ws=WorkSource{10174 com.qihoo.appstore})] is disabled by policy

11-03 16:35:24.679 D/PowerManagerServiceInjector( 1866): wakeLock:[PARTIAL_WAKE_LOCK              '*job*/com.qihoo.appstore/.keepalive.scheduler.CoreJobService' (uid=1000 pid=1866 ws=WorkSource{10174})] is disabled by policy

11-03 16:35:30.429 D/ConnectivityService( 1866): NetworkAgentInfo [WIFI () - 100] EVENT_NETWORK_INFO_CHANGED, going from CONNECTED to DISCONNECTED

11-03 16:35:30.430 D/ConnectivityService( 1866): NetworkAgentInfo [WIFI () - 100] got DISCONNECTED, was satisfying 14

11-03 16:35:30.438 W/BroadcastQueue( 1866): Background execution not allowed: receiving Intent { act=android.net.wifi.STATE_CHANGE flg=0x4000010 (has extras) } to com.android.settings/.MiuiSettingsReceiver

11-03 16:35:30.445 W/BroadcastQueue( 1866): Background execution not allowed: receiving Intent { act=android.net.wifi.STATE_CHANGE flg=0x4000010 (has extras) } to com.android.settings/.MiuiSettingsReceiver

11-03 16:35:30.466 D/ConnectivityService( 1866): Sending DISCONNECTED broadcast for type 1 NetworkAgentInfo [WIFI () - 100] isDefaultNetwork=true

11-03 16:35:30.497 E/ActivityThread( 3387): Failed to find provider info for com.miui.whetstone

11-03 16:35:31.336 W/wificond(  936): Scan is not started. Ignore abort request

11-03 16:35:31.374 W/BroadcastQueue( 1866): Background execution not allowed: receiving Intent { act=android.net.wifi.STATE_CHANGE flg=0x4000010 (has extras) } to com.android.settings/.MiuiSettingsReceiver

11-03 16:35:34.946 W/BroadcastQueue( 1866): Background execution not allowed: receiving Intent { act=android.net.wifi.STATE_CHANGE flg=0x4000010 (has extras) } to com.android.settings/.MiuiSettingsReceiver

11-03 16:35:35.113 W/BroadcastQueue( 1866): Background execution not allowed: receiving Intent { act=android.net.wifi.STATE_CHANGE flg=0x4000010 (has extras) } to com.android.settings/.MiuiSettingsReceiver

11-03 16:35:35.120 W/BroadcastQueue( 1866): Background execution not allowed: receiving Intent { act=android.net.wifi.STATE_CHANGE flg=0x4000010 (has extras) } to com.android.settings/.MiuiSettingsReceiver

11-03 16:35:35.125 D/ConnectivityService( 1866): registerNetworkAgent NetworkAgentInfo{ ni{[type: WIFI[], state: CONNECTING/CONNECTING, reason: (unspecified), extra: (none), failover: false, available: true, roaming: false]}  network{101}  nethandle{437197393933}  lp{{LinkAddresses: []  Routes: [] DnsAddresses: [] UsePrivateDns: false PrivateDnsServerName: null Domains: null MTU: 0}}  nc{[ Transports: WIFI Capabilities: NOT_METERED&INTERNET&NOT_RESTRICTED&TRUSTED&NOT_VPN&NOT_ROAMING&FOREGROUND&NOT_CONGESTED&NOT_SUSPENDED Unwanted:  LinkUpBandwidth>=1048576Kbps LinkDnBandwidth>=1048576Kbps SSID: "flashapp_wifi"]}  Score{60}  everValidated{false}  lastValidated{false}  created{false} lingering{false} explicitlySelected{false} acceptUnvalidated{false} everCaptivePortalDetected{false} lastCaptivePortalDetected{false} clat{null} }

11-03 16:35:35.125 D/ConnectivityService( 1866): NetworkAgentInfo [WIFI () - 101] EVENT_NETWORK_INFO_CHANGED, going from null to CONNECTING

11-03 16:35:35.133 W/BroadcastQueue( 1866): Background execution not allowed: receiving Intent { act=android.net.wifi.STATE_CHANGE flg=0x4000010 (has extras) } to com.android.settings/.MiuiSettingsReceiver

11-03 16:35:35.152 D/ConnectivityService( 1866): NetworkAgentInfo [WIFI () - 101] EVENT_NETWORK_INFO_CHANGED, going from CONNECTING to CONNECTING

11-03 16:35:35.892 D/ConnectivityService( 1866): NetworkAgentInfo [WIFI () - 101] EVENT_NETWORK_INFO_CHANGED, going from CONNECTING to CONNECTED

11-03 16:35:35.894 W/DnsManager( 1866): updatePrivateDns(101, PrivateDnsConfig{false:/[]})

11-03 16:35:35.894 D/ConnectivityService( 1866): Setting DNS servers for network 101 to [/192.168.255.10, /180.76.76.76, /223.5.5.5]

11-03 16:35:35.894 D/DnsManager( 1866): setDnsConfigurationForNetwork(101, [192.168.255.10, 180.76.76.76, 223.5.5.5], [], [1800, 25, 8, 64], , [])

11-03 16:35:35.900 D/ConnectivityService( 1866): Adding iface wlan0 to network 101

11-03 16:35:35.908 W/BroadcastQueue( 1866): Background execution not allowed: receiving Intent { act=android.net.wifi.STATE_CHANGE flg=0x4000010 (has extras) } to com.android.settings/.MiuiSettingsReceiver

11-03 16:35:35.916 I/chatty  ( 1866): uid=1000(system) Binder:1866_7 identical 1 line

11-03 16:35:35.920 W/BroadcastQueue( 1866): Background execution not allowed: receiving Intent { act=android.net.wifi.STATE_CHANGE flg=0x4000010 (has extras) } to com.android.settings/.MiuiSettingsReceiver

11-03 16:35:35.921 W/BroadcastQueue( 1866): Background execution not allowed: receiving Intent { act=android.net.wifi.CONFIGURED_NETWORKS_CHANGE flg=0x4000010 (has extras) } to com.android.settings/.MiuiSettingsReceiver

11-03 16:35:35.938 E/NetlinkEvent(  636): NetlinkEvent::FindParam(): Parameter 'INTERFACE' not found

11-03 16:35:35.938 E/NetlinkEvent(  636): NetlinkEvent::FindParam(): Parameter 'STATE' not found

11-03 16:35:35.938 E/NetlinkEvent(  636): NetlinkEvent::FindParam(): Parameter 'TIME_NS' not found

11-03 16:35:35.938 E/NetlinkEvent(  636): NetlinkEvent::FindParam(): Parameter 'UID' not found

11-03 16:35:36.001 D/ConnectivityService( 1866): Setting DNS servers for network 101 to [/192.168.255.10, /180.76.76.76, /223.5.5.5]

11-03 16:35:36.001 D/DnsManager( 1866): setDnsConfigurationForNetwork(101, [192.168.255.10, 180.76.76.76, 223.5.5.5], [], [1800, 25, 8, 64], , [])

11-03 16:35:36.004 I/Nat464Xlat( 1866): Android Xlat is disabled

11-03 16:35:36.032 D/ConnectivityService( 1866): Switching to new default network: NetworkAgentInfo{ ni{[type: WIFI[], state: CONNECTED/CONNECTED, reason: (unspecified), extra: (none), failover: false, available: true, roaming: false]}  network{101}  nethandle{437197393933}  lp{{InterfaceName: wlan0 LinkAddresses: [fe80::da63:75ff:febd:cda5/64,192.168.12.236/24,]  Routes: [fe80::/64 -> :: wlan0,192.168.12.0/24 -> 0.0.0.0 wlan0,0.0.0.0/0 -> 192.168.12.1 wlan0,] DnsAddresses: [192.168.255.10,180.76.76.76,223.5.5.5,] UsePrivateDns: false PrivateDnsServerName: null Domains: null MTU: 0 TcpBufferSizes: 524288,1048576,5505024,262144,524288,4194304}}  nc{[ Transports: WIFI Capabilities: NOT_METERED&INTERNET&NOT_RESTRICTED&TRUSTED&NOT_VPN&NOT_ROAMING&FOREGROUND&NOT_CONGESTED&NOT_SUSPENDED Unwanted:  LinkUpBandwidth>=1048576Kbps LinkDnBandwidth>=1048576Kbps SignalStrength: -65 SSID: "flashapp_wifi"]}  Score{60}  everValidated{false}  lastValidated{false}  created{true} lingering{false} explicitlySelected{false} acceptUnvalidated{false} everCaptivePortalDetected{false} lastCaptivePortalDetected{false} clat{null} }

11-03 16:35:36.033 E/NetlinkEvent(  636): NetlinkEvent::FindParam(): Parameter 'INTERFACE' not found

11-03 16:35:36.033 E/NetlinkEvent(  636): NetlinkEvent::FindParam(): Parameter 'STATE' not found

11-03 16:35:36.033 E/NetlinkEvent(  636): NetlinkEvent::FindParam(): Parameter 'TIME_NS' not found

11-03 16:35:36.033 E/NetlinkEvent(  636): NetlinkEvent::FindParam(): Parameter 'UID' not found

11-03 16:35:36.047 D/ConnectivityService( 1866): Sending CONNECTED broadcast for type 1 NetworkAgentInfo [WIFI () - 101] isDefaultNetwork=true

11-03 16:35:36.067 D/ConnectivityService( 1866): Returning UNBLOCKED NetworkInfo to uid=10147

11-03 16:35:37.105 D/ConnectivityService( 1866): NetworkAgentInfo [WIFI () - 101] EVENT_NETWORK_INFO_CHANGED, going from CONNECTED to DISCONNECTED

11-03 16:35:37.105 D/ConnectivityService( 1866): NetworkAgentInfo [WIFI () - 101] got DISCONNECTED, was satisfying 13

11-03 16:35:37.111 W/BroadcastQueue( 1866): Background execution not allowed: receiving Intent { act=android.net.wifi.STATE_CHANGE flg=0x4000010 (has extras) } to com.android.settings/.MiuiSettingsReceiver

11-03 16:35:37.114 W/BroadcastQueue( 1866): Background execution not allowed: receiving Intent { act=android.net.wifi.STATE_CHANGE flg=0x4000010 (has extras) } to com.android.settings/.MiuiSettingsReceiver

11-03 16:35:37.115 W/BroadcastQueue( 1866): Background execution not allowed: receiving Intent { act=android.net.wifi.CONFIGURED_NETWORKS_CHANGE flg=0x4000010 (has extras) } to com.android.settings/.MiuiSettingsReceiver

11-03 16:35:37.143 D/ConnectivityService( 1866): Sending DISCONNECTED broadcast for type 1 NetworkAgentInfo [WIFI () - 101] isDefaultNetwork=true

11-03 16:35:38.517 W/wificond(  936): Scan is not started. Ignore abort request

11-03 16:35:38.529 W/BroadcastQueue( 1866): Background execution not allowed: receiving Intent { act=android.net.wifi.STATE_CHANGE flg=0x4000010 (has extras) } to com.android.settings/.MiuiSettingsReceiver

11-03 16:35:39.638 W/BroadcastQueue( 1866): Background execution not allowed: receiving Intent { act=android.net.wifi.STATE_CHANGE flg=0x4000010 (has extras) } to com.android.settings/.MiuiSettingsReceiver

11-03 16:35:39.674 W/BroadcastQueue( 1866): Background execution not allowed: receiving Intent { act=android.net.wifi.STATE_CHANGE flg=0x4000010 (has extras) } to com.android.settings/.MiuiSettingsReceiver

11-03 16:35:39.679 W/BroadcastQueue( 1866): Background execution not allowed: receiving Intent { act=android.net.wifi.STATE_CHANGE flg=0x4000010 (has extras) } to com.android.settings/.MiuiSettingsReceiver

11-03 16:35:39.680 D/ConnectivityService( 1866): registerNetworkAgent NetworkAgentInfo{ ni{[type: WIFI[], state: CONNECTING/CONNECTING, reason: (unspecified), extra: (none), failover: false, available: true, roaming: false]}  network{102}  nethandle{441492361229}  lp{{LinkAddresses: []  Routes: [] DnsAddresses: [] UsePrivateDns: false PrivateDnsServerName: null Domains: null MTU: 0}}  nc{[ Transports: WIFI Capabilities: NOT_METERED&INTERNET&NOT_RESTRICTED&TRUSTED&NOT_VPN&NOT_ROAMING&FOREGROUND&NOT_CONGESTED&NOT_SUSPENDED Unwanted:  LinkUpBandwidth>=1048576Kbps LinkDnBandwidth>=1048576Kbps SSID: "flashapp_wifi"]}  Score{60}  everValidated{false}  lastValidated{false}  created{false} lingering{false} explicitlySelected{false} acceptUnvalidated{false} everCaptivePortalDetected{false} lastCaptivePortalDetected{false} clat{null} }

11-03 16:35:39.680 D/ConnectivityService( 1866): NetworkAgentInfo [WIFI () - 102] EVENT_NETWORK_INFO_CHANGED, going from null to CONNECTING

11-03 16:35:39.686 W/BroadcastQueue( 1866): Background execution not allowed: receiving Intent { act=android.net.wifi.STATE_CHANGE flg=0x4000010 (has extras) } to com.android.settings/.MiuiSettingsReceiver

11-03 16:35:39.699 D/ConnectivityService( 1866): NetworkAgentInfo [WIFI () - 102] EVENT_NETWORK_INFO_CHANGED, going from CONNECTING to CONNECTING

11-03 16:35:39.773 W/BroadcastQueue( 1866): Background execution not allowed: receiving Intent { act=android.net.wifi.STATE_CHANGE flg=0x4000010 (has extras) } to com.android.settings/.MiuiSettingsReceiver

11-03 16:35:39.778 D/ConnectivityService( 1866): NetworkAgentInfo [WIFI () - 102] EVENT_NETWORK_INFO_CHANGED, going from CONNECTING to CONNECTED

11-03 16:35:39.779 W/DnsManager( 1866): updatePrivateDns(102, PrivateDnsConfig{false:/[]})

11-03 16:35:39.779 D/ConnectivityService( 1866): Setting DNS servers for network 102 to [/192.168.255.10, /180.76.76.76, /223.5.5.5]

11-03 16:35:39.779 D/DnsManager( 1866): setDnsConfigurationForNetwork(102, [192.168.255.10, 180.76.76.76, 223.5.5.5], [], [1800, 25, 8, 64], , [])

11-03 16:35:39.786 D/ConnectivityService( 1866): Adding iface wlan0 to network 102

11-03 16:35:39.790 W/BroadcastQueue( 1866): Background execution not allowed: receiving Intent { act=android.net.wifi.STATE_CHANGE flg=0x4000010 (has extras) } to com.android.settings/.MiuiSettingsReceiver

11-03 16:35:39.798 W/BroadcastQueue( 1866): Background execution not allowed: receiving Intent { act=android.net.wifi.STATE_CHANGE flg=0x4000010 (has extras) } to com.android.settings/.MiuiSettingsReceiver

11-03 16:35:39.805 W/BroadcastQueue( 1866): Background execution not allowed: receiving Intent { act=android.net.wifi.CONFIGURED_NETWORKS_CHANGE flg=0x4000010 (has extras) } to com.android.settings/.MiuiSettingsReceiver

11-03 16:35:39.812 E/NetlinkEvent(  636): NetlinkEvent::FindParam(): Parameter 'INTERFACE' not found

11-03 16:35:39.812 E/NetlinkEvent(  636): NetlinkEvent::FindParam(): Parameter 'STATE' not found

11-03 16:35:39.812 E/NetlinkEvent(  636): NetlinkEvent::FindParam(): Parameter 'TIME_NS' not found

11-03 16:35:39.812 E/NetlinkEvent(  636): NetlinkEvent::FindParam(): Parameter 'UID' not found

11-03 16:35:39.876 D/ConnectivityService( 1866): Setting DNS servers for network 102 to [/192.168.255.10, /180.76.76.76, /223.5.5.5]

11-03 16:35:39.877 D/DnsManager( 1866): setDnsConfigurationForNetwork(102, [192.168.255.10, 180.76.76.76, 223.5.5.5], [], [1800, 25, 8, 64], , [])

11-03 16:35:39.879 I/Nat464Xlat( 1866): Android Xlat is disabled

11-03 16:35:39.916 D/ConnectivityService( 1866): Switching to new default network: NetworkAgentInfo{ ni{[type: WIFI[], state: CONNECTED/CONNECTED, reason: (unspecified), extra: (none), failover: false, available: true, roaming: false]}  network{102}  nethandle{441492361229}  lp{{InterfaceName: wlan0 LinkAddresses: [fe80::da63:75ff:febd:cda5/64,192.168.12.236/24,]  Routes: [fe80::/64 -> :: wlan0,192.168.12.0/24 -> 0.0.0.0 wlan0,0.0.0.0/0 -> 192.168.12.1 wlan0,] DnsAddresses: [192.168.255.10,180.76.76.76,223.5.5.5,] UsePrivateDns: false PrivateDnsServerName: null Domains: null MTU: 0 TcpBufferSizes: 524288,1048576,5505024,262144,524288,4194304}}  nc{[ Transports: WIFI Capabilities: NOT_METERED&INTERNET&NOT_RESTRICTED&TRUSTED&NOT_VPN&NOT_ROAMING&FOREGROUND&NOT_CONGESTED&NOT_SUSPENDED Unwanted:  LinkUpBandwidth>=1048576Kbps LinkDnBandwidth>=1048576Kbps SignalStrength: -48 SSID: "flashapp_wifi"]}  Score{60}  everValidated{false}  lastValidated{false}  created{true} lingering{false} explicitlySelected{false} acceptUnvalidated{false} everCaptivePortalDetected{false} lastCaptivePortalDetected{false} clat{null} }

11-03 16:35:39.918 E/NetlinkEvent(  636): NetlinkEvent::FindParam(): Parameter 'INTERFACE' not found

11-03 16:35:39.918 E/NetlinkEvent(  636): NetlinkEvent::FindParam(): Parameter 'STATE' not found

11-03 16:35:39.918 E/NetlinkEvent(  636): NetlinkEvent::FindParam(): Parameter 'TIME_NS' not found

11-03 16:35:39.918 E/NetlinkEvent(  636): NetlinkEvent::FindParam(): Parameter 'UID' not found

11-03 16:35:39.948 D/ConnectivityService( 1866): Sending CONNECTED broadcast for type 1 NetworkAgentInfo [WIFI () - 102] isDefaultNetwork=true

11-03 16:35:40.196 D/ActivityManager( 1866): Raise procstate to external provider: ProcessRecord{329313c 6879:com.guokr.mentor:pushcore/u0a339}

11-03 16:35:40.200 I/chatty  ( 1866): uid=1000(system) Binder:1866_E identical 2 lines

11-03 16:35:40.202 D/ActivityManager( 1866): Raise procstate to external provider: ProcessRecord{329313c 6879:com.guokr.mentor:pushcore/u0a339}

11-03 16:35:40.204 D/ActivityManager( 1866): Raise procstate to external provider: ProcessRecord{329313c 6879:com.guokr.mentor:pushcore/u0a339}

11-03 16:35:40.911 D/ConnectivityService( 1866): NetworkAgentInfo [WIFI () - 102] validation passed

11-03 16:35:40.920 W/BroadcastQueue( 1866): Background execution not allowed: receiving Intent { act=android.net.wifi.CONFIGURED_NETWORKS_CHANGE flg=0x4000010 (has extras) } to com.android.settings/.MiuiSettingsReceiver

11-03 16:35:42.150 I/NotificationService( 1866): Cannot find enqueued record for key: 0|com.xiaomi.market|203349566|null|10122

11-03 16:35:42.156 I/NotificationService( 1866): Cannot find enqueued record for key: 0|com.xiaomi.market|139645365|null|10122

11-03 16:35:43.232 E/storaged(  935): getDiskStats failed with result NOT_SUPPORTED and size 0

11-03 16:35:45.488 I/ActivityManager( 1866): Waited long enough for: ServiceRecord{cbad2a1 u0 com.android.providers.downloads/.service.DownloadService}

11-03 16:36:43.234 E/storaged(  935): getDiskStats failed with result NOT_SUPPORTED and size 0

11-03 16:37:14.166 D/AutomaticBrightnessController( 1866): updateAutoBrightness: mScreenAutoBrightness=1172, newScreenAutoBrightness=1179

11-03 16:37:14.169 V/SettingsProvider( 1866): Notifying for 0: content://settings/system/screen_brightness

11-03 16:37:32.165 I/PowerManagerService( 1866): Going to sleep due to screen timeout (uid 1000)...

11-03 16:37:32.166 W/UsageStatsService( 1866): Event reported without a package name

11-03 16:37:32.191 I/WindowManager( 1866): Started going to sleep... (why=3)

11-03 16:37:32.511 I/DisplayPowerController( 1866): Blocking screen off

11-03 16:37:32.513 I/DisplayPowerController( 1866): Unblocked screen off after 2 ms

11-03 16:37:32.527 I/WindowManager( 1866): Screen turned off...

11-03 16:37:32.552 I/set_top_app( 1866): success /proc/6801/task/6801/top_app:0

11-03 16:37:32.553 I/set_top_app( 1866): success /proc/6801/task/8733/top_app:0

11-03 16:37:32.555 I/set_top_app( 1866): success /proc/8247/task/8247/top_app:0

11-03 16:37:32.560 D/ActivityManager( 1866): Raise procstate to external provider: ProcessRecord{329313c 6879:com.guokr.mentor:pushcore/u0a339}

11-03 16:37:32.567 D/ActivityManager( 1866): Raise procstate to external provider: ProcessRecord{329313c 6879:com.guokr.mentor:pushcore/u0a339}

11-03 16:37:32.576 D/ActivityManager( 1866): Raise procstate to external provider: ProcessRecord{329313c 6879:com.guokr.mentor:pushcore/u0a339}

11-03 16:37:32.577 W/ActivityManager( 1866): Background start not allowed: service Intent { act=miui.action.CAMERA_EMPTY_SERVICE pkg=com.android.camera } to com.android.camera/.EmptyService from pid=1866 uid=1000 pkg=android startFg?=false

11-03 16:37:32.577 E/WindowManager( 1866): IllegalAccessException

11-03 16:37:32.577 E/WindowManager( 1866): java.lang.IllegalStateException: Not allowed to start service Intent { act=miui.action.CAMERA_EMPTY_SERVICE pkg=com.android.camera }: app is in background uid UidRecord{26dab8c u0a48 CEM  idle change:idle|cached procs:1 seq(0,0,0)}

11-03 16:37:32.577 E/WindowManager( 1866): 	at android.app.ContextImpl.startServiceCommon(ContextImpl.java:1587)

11-03 16:37:32.577 E/WindowManager( 1866): 	at android.app.ContextImpl.startServiceAsUser(ContextImpl.java:1559)

11-03 16:37:32.577 E/WindowManager( 1866): 	at com.android.server.policy.BaseMiuiPhoneWindowManager.startCameraProcess(BaseMiuiPhoneWindowManager.java:546)

11-03 16:37:32.577 E/WindowManager( 1866): 	at com.android.server.policy.BaseMiuiPhoneWindowManager.screenTurnedOff(BaseMiuiPhoneWindowManager.java:538)

11-03 16:37:32.577 E/WindowManager( 1866): 	at com.android.server.display.DisplayPowerController.setScreenState(DisplayPowerController.java:1196)

11-03 16:37:32.577 E/WindowManager( 1866): 	at com.android.server.display.DisplayPowerController.setScreenState(DisplayPowerController.java:1153)

11-03 16:37:32.577 E/WindowManager( 1866): 	at com.android.server.display.DisplayPowerController.animateScreenStateChange(DisplayPowerController.java:1415)

11-03 16:37:32.577 E/WindowManager( 1866): 	at com.android.server.display.DisplayPowerController.updatePowerState(DisplayPowerController.java:796)

11-03 16:37:32.577 E/WindowManager( 1866): 	at com.android.server.display.DisplayPowerController.access$500(DisplayPowerController.java:81)

11-03 16:37:32.577 E/WindowManager( 1866): 	at com.android.server.display.DisplayPowerController$DisplayControllerHandler.handleMessage(DisplayPowerController.java:1843)

11-03 16:37:32.577 E/WindowManager( 1866): 	at android.os.Handler.dispatchMessage(Handler.java:106)

11-03 16:37:32.577 E/WindowManager( 1866): 	at android.os.Looper.loop(Looper.java:207)

11-03 16:37:32.577 E/WindowManager( 1866): 	at android.os.HandlerThread.run(HandlerThread.java:65)

11-03 16:37:32.577 E/WindowManager( 1866): 	at com.android.server.ServiceThread.run(ServiceThread.java:44)

11-03 16:37:32.590 D/ActivityManager( 1866): Raise procstate to external provider: ProcessRecord{329313c 6879:com.guokr.mentor:pushcore/u0a339}

11-03 16:37:32.591 D/AutomaticBrightnessControllerInjector( 1866): setProximitySensorEnabled disable

11-03 16:37:32.591 D/ActivityManager( 1866): Raise procstate to external provider: ProcessRecord{329313c 6879:com.guokr.mentor:pushcore/u0a339}

11-03 16:37:32.597 D/AutomaticBrightnessControllerInjector( 1866): setAccSensorEnabled disable

11-03 16:37:32.602 I/LocalDisplayAdapter( 1866): setDisplayState(id=0, state=OFF)

11-03 16:37:32.602 I/DisplayManagerService( 1866): Display device changed state: "内置屏幕", OFF

11-03 16:37:32.795 W/DreamManagerService( 1866): Dream ComponentInfo{com.miui.aod/com.miui.aod.doze.DozeService} does not exist

11-03 16:37:32.795 I/PowerManagerService( 1866): Sleeping (uid 1000)...

11-03 16:37:32.798 I/WindowManager( 1866): Finished going to sleep... (why=3)

11-03 16:37:32.805 W/KeyguardViewMediator( 2280): doKeyguard: showing the lock screen

11-03 16:37:32.829 W/UsageStatsService( 1866): Event reported without a package name

11-03 16:37:32.894 V/LocationPolicy( 1866): Screen state changed

11-03 16:37:32.969 V/KeyguardDisplayManager( 2280): show

11-03 16:37:33.148 D/Boost   ( 1866): hostingType=service, hostingName=com.miui.systemAdSolution/com.miui.zeus.msa.app.splashad.SplashUIService, callerPackage=com.miui.systemAdSolution, isSystem=true, isBoostNeeded=false.

11-03 16:37:33.151 I/ActivityManager( 1866): Start proc 18166:com.miui.systemAdSolution:ui/u0a86 for service com.miui.systemAdSolution/com.miui.zeus.msa.app.splashad.SplashUIService caller=com.miui.systemAdSolution

11-03 16:37:33.493 E/BatteryExternalStatsWorker( 1866): no controller energy info supplied for bluetooth

11-03 16:37:36.171 I/WakePathChecker( 1866): MIUILOG-WAKEPATH pushWakePathWhiteList: userId=0 size=5

11-03 16:37:42.974 D/PowerKeeper.AppStandby( 3465): enable standby chain

11-03 16:37:43.239 E/storaged(  935): getDiskStats failed with result NOT_SUPPORTED and size 0

11-03 16:38:31.623 E/BatteryExternalStatsWorker( 1866): no controller energy info supplied for bluetooth

11-03 16:38:33.016 V/LocationPolicy( 1866): writePolicyLocked()

11-03 16:38:43.243 E/storaged(  935): getDiskStats failed with result NOT_SUPPORTED and size 0

11-03 16:38:50.161 W/ActivityManager( 1866): Stopping service due to app idle: u0a339 -12m37s888ms com.guokr.mentor/com.hyphenate.chat.EMChatService

11-03 16:38:50.161 W/ActivityManager( 1866): Stopping service due to app idle: u0a339 -12m37s885ms com.guokr.mentor/com.hyphenate.chat.EMJobService

11-03 16:38:50.169 W/ActivityManager( 1866): Background start not allowed: service Intent { cmp=com.guokr.mentor/com.hyphenate.chat.EMChatService } to com.guokr.mentor/com.hyphenate.chat.EMChatService from pid=6801 uid=10339 pkg=com.guokr.mentor startFg?=false

11-03 16:39:35.068 W/ActivityManager( 1866): Background start not allowed: service Intent { cmp=com.guokr.mentor/com.hyphenate.chat.EMChatService } to com.guokr.mentor/com.hyphenate.chat.EMChatService from pid=18311 uid=10339 pkg=com.android.shell startFg?=false

11-03 16:39:43.248 E/storaged(  935): getDiskStats failed with result NOT_SUPPORTED and size 0

11-03 16:40:20.242 E/BatteryExternalStatsWorker( 1866): no controller energy info supplied for bluetooth

11-03 16:40:26.214 D/ConnectivityService( 1866): Returning BLOCKED NetworkInfo to uid=10339

11-03 16:40:30.230 D/ActivityManager( 1866): Raise procstate to external provider: ProcessRecord{329313c 6879:com.guokr.mentor:pushcore/u0a339}

11-03 16:40:30.242 D/ConnectivityService( 1866): Returning UNBLOCKED NetworkInfo to uid=10339

11-03 16:40:30.245 D/ActivityManager( 1866): Raise procstate to external provider: ProcessRecord{329313c 6879:com.guokr.mentor:pushcore/u0a339}

11-03 16:40:30.280 I/LocationManagerInjector( 1866): com.guokr.mentor(10339) Request[POWER_LOW network requested=+2s0ms fastest=+2s0ms lowPowerMode=false] is blocked by policy

11-03 16:40:33.049 D/PowerManagerServiceInjector( 1866): wakeLock:[PARTIAL_WAKE_LOCK              '*alarm*' (uid=1000 pid=1866 ws=WorkSource{10174})] is disabled by policy

11-03 16:40:33.087 D/PowerManagerServiceInjector( 1866): wakeLock:[PARTIAL_WAKE_LOCK              '*job*/com.qihoo.appstore.data.sync.provider/com.qihoo.appstore/手机助手:android' (uid=1000 pid=1866 ws=WorkSource{10174})] is disabled by policy

11-03 16:40:33.088 D/PowerManagerServiceInjector( 1866): wakeLock:[PARTIAL_WAKE_LOCK              '*job*/com.qihoo.appstore.data.sync.provider/com.qihoo.appstore/手机助手:android' (uid=1000 pid=1866 ws=WorkSource{10174})] is disabled by policy

11-03 16:40:33.091 D/PowerManagerServiceInjector( 1866): wakeLock:[PARTIAL_WAKE_LOCK              '*sync*/com.qihoo.appstore.data.sync.provider/com.qihoo.appstore/手机助手' (uid=1000 pid=1866 ws=WorkSource{10174})] is disabled by policy

11-03 16:40:33.111 D/PowerManagerServiceInjector( 1866): wakeLock:[PARTIAL_WAKE_LOCK              '*job*/com.qihoo.appstore/.keepalive.scheduler.CoreJobService' (uid=1000 pid=1866 ws=WorkSource{10174})] is disabled by policy

11-03 16:40:33.138 D/PowerManagerServiceInjector( 1866): wakeLock:[PARTIAL_WAKE_LOCK              '*job*/com.qihoo.appstore.data.sync.provider/com.qihoo.appstore/手机助手:android' (uid=1000 pid=1866 ws=WorkSource{10174})] is disabled by policy

11-03 16:40:33.140 D/PowerManagerServiceInjector( 1866): wakeLock:[PARTIAL_WAKE_LOCK              '*sync*/com.qihoo.appstore.data.sync.provider/com.qihoo.appstore/手机助手' (uid=1000 pid=1866 ws=WorkSource{10174})] is disabled by policy

11-03 16:40:33.171 D/PowerManagerServiceInjector( 1866): wakeLock:[PARTIAL_WAKE_LOCK              '*job*/com.qihoo.appstore.data.sync.provider/com.qihoo.appstore/手机助手:android' (uid=1000 pid=1866 ws=WorkSource{10174})] is disabled by policy

11-03 16:40:33.173 D/PowerManagerServiceInjector( 1866): wakeLock:[PARTIAL_WAKE_LOCK              '*sync*/com.qihoo.appstore.data.sync.provider/com.qihoo.appstore/手机助手' (uid=1000 pid=1866 ws=WorkSource{10174})] is disabled by policy

11-03 16:40:40.287 E/ActivityThread( 3387): Failed to find provider info for com.miui.whetstone

11-03 16:40:40.293 I/ActivityManager( 1866): Killing 13986:com.miui.weather2/u0a56 (adj 906): empty for 3413s

11-03 16:40:43.250 E/storaged(  935): getDiskStats failed with result NOT_SUPPORTED and size 0

11-03 16:40:47.403 D/ConnectivityService( 1866): NetworkAgentInfo [WIFI () - 102] EVENT_NETWORK_INFO_CHANGED, going from CONNECTED to DISCONNECTED

11-03 16:40:47.403 D/ConnectivityService( 1866): NetworkAgentInfo [WIFI () - 102] got DISCONNECTED, was satisfying 14

11-03 16:40:47.413 W/BroadcastQueue( 1866): Background execution not allowed: receiving Intent { act=android.net.wifi.STATE_CHANGE flg=0x4000010 (has extras) } to com.android.settings/.MiuiSettingsReceiver

11-03 16:40:47.416 W/BroadcastQueue( 1866): Background execution not allowed: receiving Intent { act=android.net.wifi.STATE_CHANGE flg=0x4000010 (has extras) } to com.android.settings/.MiuiSettingsReceiver

11-03 16:40:47.436 I/wificond(  936): Pno scan started

11-03 16:40:47.436 D/ConnectivityService( 1866): Sending DISCONNECTED broadcast for type 1 NetworkAgentInfo [WIFI () - 102] isDefaultNetwork=true

11-03 16:40:47.471 E/ActivityThread( 3387): Failed to find provider info for com.miui.whetstone

11-03 16:40:48.244 I/wificond(  936): Pno scan result ready event

11-03 16:40:48.272 W/wificond(  936): Scan is not started. Ignore abort request

11-03 16:40:48.314 W/BroadcastQueue( 1866): Background execution not allowed: receiving Intent { act=android.net.wifi.STATE_CHANGE flg=0x4000010 (has extras) } to com.android.settings/.MiuiSettingsReceiver

11-03 16:40:48.406 W/BroadcastQueue( 1866): Background execution not allowed: receiving Intent { act=android.net.wifi.STATE_CHANGE flg=0x4000010 (has extras) } to com.android.settings/.MiuiSettingsReceiver

11-03 16:40:48.433 I/wificond(  936): Pno scan stopped

11-03 16:40:48.441 W/BroadcastQueue( 1866): Background execution not allowed: receiving Intent { act=android.net.wifi.STATE_CHANGE flg=0x4000010 (has extras) } to com.android.settings/.MiuiSettingsReceiver

11-03 16:40:48.446 W/BroadcastQueue( 1866): Background execution not allowed: receiving Intent { act=android.net.wifi.STATE_CHANGE flg=0x4000010 (has extras) } to com.android.settings/.MiuiSettingsReceiver

11-03 16:40:48.447 D/ConnectivityService( 1866): registerNetworkAgent NetworkAgentInfo{ ni{[type: WIFI[], state: CONNECTING/CONNECTING, reason: (unspecified), extra: (none), failover: false, available: true, roaming: false]}  network{103}  nethandle{445787328525}  lp{{LinkAddresses: []  Routes: [] DnsAddresses: [] UsePrivateDns: false PrivateDnsServerName: null Domains: null MTU: 0}}  nc{[ Transports: WIFI Capabilities: NOT_METERED&INTERNET&NOT_RESTRICTED&TRUSTED&NOT_VPN&NOT_ROAMING&FOREGROUND&NOT_CONGESTED&NOT_SUSPENDED Unwanted:  LinkUpBandwidth>=1048576Kbps LinkDnBandwidth>=1048576Kbps SSID: "RTC-test"]}  Score{60}  everValidated{false}  lastValidated{false}  created{false} lingering{false} explicitlySelected{false} acceptUnvalidated{false} everCaptivePortalDetected{false} lastCaptivePortalDetected{false} clat{null} }

11-03 16:40:48.447 D/ConnectivityService( 1866): NetworkAgentInfo [WIFI () - 103] EVENT_NETWORK_INFO_CHANGED, going from null to CONNECTING

11-03 16:40:48.455 W/BroadcastQueue( 1866): Background execution not allowed: receiving Intent { act=android.net.wifi.STATE_CHANGE flg=0x4000010 (has extras) } to com.android.settings/.MiuiSettingsReceiver

11-03 16:40:48.467 D/ConnectivityService( 1866): NetworkAgentInfo [WIFI () - 103] EVENT_NETWORK_INFO_CHANGED, going from CONNECTING to CONNECTING

11-03 16:40:48.511 W/BroadcastQueue( 1866): Background execution not allowed: receiving Intent { act=android.net.wifi.STATE_CHANGE flg=0x4000010 (has extras) } to com.android.settings/.MiuiSettingsReceiver

11-03 16:40:48.516 D/ConnectivityService( 1866): NetworkAgentInfo [WIFI () - 103] EVENT_NETWORK_INFO_CHANGED, going from CONNECTING to CONNECTED

11-03 16:40:48.521 W/DnsManager( 1866): updatePrivateDns(103, PrivateDnsConfig{false:/[]})

11-03 16:40:48.521 D/ConnectivityService( 1866): Setting DNS servers for network 103 to [/192.168.255.10, /180.76.76.76, /223.5.5.5]

11-03 16:40:48.521 D/DnsManager( 1866): setDnsConfigurationForNetwork(103, [192.168.255.10, 180.76.76.76, 223.5.5.5], [], [1800, 25, 8, 64], , [])

11-03 16:40:48.523 W/BroadcastQueue( 1866): Background execution not allowed: receiving Intent { act=android.net.wifi.STATE_CHANGE flg=0x4000010 (has extras) } to com.android.settings/.MiuiSettingsReceiver

11-03 16:40:48.525 D/ConnectivityService( 1866): Adding iface wlan0 to network 103

11-03 16:40:48.533 W/BroadcastQueue( 1866): Background execution not allowed: receiving Intent { act=android.net.wifi.STATE_CHANGE flg=0x4000010 (has extras) } to com.android.settings/.MiuiSettingsReceiver

11-03 16:40:48.534 W/BroadcastQueue( 1866): Background execution not allowed: receiving Intent { act=android.net.wifi.CONFIGURED_NETWORKS_CHANGE flg=0x4000010 (has extras) } to com.android.settings/.MiuiSettingsReceiver

11-03 16:40:48.556 E/NetlinkEvent(  636): NetlinkEvent::FindParam(): Parameter 'INTERFACE' not found

11-03 16:40:48.556 E/NetlinkEvent(  636): NetlinkEvent::FindParam(): Parameter 'STATE' not found

11-03 16:40:48.556 E/NetlinkEvent(  636): NetlinkEvent::FindParam(): Parameter 'TIME_NS' not found

11-03 16:40:48.556 E/NetlinkEvent(  636): NetlinkEvent::FindParam(): Parameter 'UID' not found

11-03 16:40:48.612 D/ConnectivityService( 1866): Setting DNS servers for network 103 to [/192.168.255.10, /180.76.76.76, /223.5.5.5]

11-03 16:40:48.612 D/DnsManager( 1866): setDnsConfigurationForNetwork(103, [192.168.255.10, 180.76.76.76, 223.5.5.5], [], [1800, 25, 8, 64], , [])

11-03 16:40:48.614 I/Nat464Xlat( 1866): Android Xlat is disabled

11-03 16:40:48.639 D/ConnectivityService( 1866): Switching to new default network: NetworkAgentInfo{ ni{[type: WIFI[], state: CONNECTED/CONNECTED, reason: (unspecified), extra: (none), failover: false, available: true, roaming: false]}  network{103}  nethandle{445787328525}  lp{{InterfaceName: wlan0 LinkAddresses: [fe80::da63:75ff:febd:cda5/64,192.168.21.81/24,]  Routes: [fe80::/64 -> :: wlan0,192.168.21.0/24 -> 0.0.0.0 wlan0,0.0.0.0/0 -> 192.168.21.1 wlan0,] DnsAddresses: [192.168.255.10,180.76.76.76,223.5.5.5,] UsePrivateDns: false PrivateDnsServerName: null Domains: null MTU: 0 TcpBufferSizes: 524288,1048576,5505024,262144,524288,4194304}}  nc{[ Transports: WIFI Capabilities: NOT_METERED&INTERNET&NOT_RESTRICTED&TRUSTED&NOT_VPN&NOT_ROAMING&FOREGROUND&NOT_CONGESTED&NOT_SUSPENDED Unwanted:  LinkUpBandwidth>=1048576Kbps LinkDnBandwidth>=1048576Kbps SSID: "RTC-test"]}  Score{60}  everValidated{false}  lastValidated{false}  created{true} lingering{false} explicitlySelected{false} acceptUnvalidated{false} everCaptivePortalDetected{false} lastCaptivePortalDetected{false} clat{null} }

11-03 16:40:48.641 E/NetlinkEvent(  636): NetlinkEvent::FindParam(): Parameter 'INTERFACE' not found

11-03 16:40:48.641 E/NetlinkEvent(  636): NetlinkEvent::FindParam(): Parameter 'STATE' not found

11-03 16:40:48.641 E/NetlinkEvent(  636): NetlinkEvent::FindParam(): Parameter 'TIME_NS' not found

11-03 16:40:48.641 E/NetlinkEvent(  636): NetlinkEvent::FindParam(): Parameter 'UID' not found

11-03 16:40:48.660 D/ConnectivityService( 1866): Sending CONNECTED broadcast for type 1 NetworkAgentInfo [WIFI () - 103] isDefaultNetwork=true

11-03 16:40:48.671 D/ConnectivityService( 1866): Returning BLOCKED NetworkInfo to uid=10075

11-03 16:40:48.706 D/ConnectivityService( 1866): NetworkAgentInfo [WIFI () - 103] validation passed

11-03 16:40:48.731 W/BroadcastQueue( 1866): Background execution not allowed: receiving Intent { act=android.net.wifi.CONFIGURED_NETWORKS_CHANGE flg=0x4000010 (has extras) } to com.android.settings/.MiuiSettingsReceiver

11-03 16:40:48.909 D/ActivityManager( 1866): Raise procstate to external provider: ProcessRecord{329313c 6879:com.guokr.mentor:pushcore/u0a339}

11-03 16:40:48.912 D/ActivityManager( 1866): Raise procstate to external provider: ProcessRecord{329313c 6879:com.guokr.mentor:pushcore/u0a339}

11-03 16:40:48.913 D/ActivityManager( 1866): Raise procstate to external provider: ProcessRecord{329313c 6879:com.guokr.mentor:pushcore/u0a339}

11-03 16:40:48.919 D/ActivityManager( 1866): Raise procstate to external provider: ProcessRecord{329313c 6879:com.guokr.mentor:pushcore/u0a339}

11-03 16:40:48.933 I/chatty  ( 1866): uid=1000(system) Binder:1866_15 identical 2 lines

11-03 16:40:48.940 D/ActivityManager( 1866): Raise procstate to external provider: ProcessRecord{329313c 6879:com.guokr.mentor:pushcore/u0a339}

11-03 16:40:50.293 I/LocationManagerInjector( 1866): com.guokr.mentor(10339) Request[ACCURACY_FINE gps requested=+2s0ms fastest=+2s0ms lowPowerMode=false] is blocked by policy

11-03 16:40:50.851 I/NotificationService( 1866): Cannot find enqueued record for key: 0|com.xiaomi.market|11986129|null|10122

11-03 16:41:02.464 I/ActivityManager( 1866): Waited long enough for: ServiceRecord{4b42505 u0 com.android.providers.downloads/.service.DownloadService}

11-03 16:41:43.255 E/storaged(  935): getDiskStats failed with result NOT_SUPPORTED and size 0

11-03 16:42:43.260 E/storaged(  935): getDiskStats failed with result NOT_SUPPORTED and size 0

11-03 16:42:48.901 I/WakePathChecker( 1866): MIUILOG-WAKEPATH pushWakePathWhiteList: userId=0 size=5

11-03 16:42:49.387 E/BatteryExternalStatsWorker( 1866): no controller energy info supplied for bluetooth

11-03 16:43:31.201 I/chatty  ( 1866): uid=1000(system) batterystats-wo identical 1 line

11-03 16:43:31.621 E/BatteryExternalStatsWorker( 1866): no controller energy info supplied for bluetooth

11-03 16:43:43.264 E/storaged(  935): getDiskStats failed with result NOT_SUPPORTED and size 0

11-03 16:44:09.772 I/ActivityManager( 1866): Idle maintenance over +2h0m29s76ms low RAM for +23s142ms

11-03 16:44:09.796 D/Boost   ( 1866): hostingType=service, hostingName=com.miui.weather2/.service.job.ScheduleCheckService, callerPackage=android, isSystem=true, isBoostNeeded=false.

11-03 16:44:09.798 D/vold    (  618): idle maintenance started

11-03 16:44:09.802 I/ActivityManager( 1866): Start proc 18674:com.miui.weather2/u0a56 for service com.miui.weather2/.service.job.ScheduleCheckService caller=android

11-03 16:44:09.808 E/vold    (  618): [libfs_mgr]Warning: unknown flag forceformat

11-03 16:44:09.811 D/vold    (  618): current trim thread id is 530309993712

11-03 16:44:09.811 E/vold    (  618): [libfs_mgr]Warning: unknown flag forceformat

11-03 16:44:09.812 D/vold    (  618): Starting trim of /data

11-03 16:44:10.296 E/BatteryExternalStatsWorker( 1866): no controller energy info supplied for bluetooth

11-03 16:44:12.866 I/vold    (  618): Trimmed 39242280960 bytes on /data in 3049ms

11-03 16:44:12.867 D/vold    (  618): Starting trim of /mnt/vendor/persist

11-03 16:44:12.867 W/vold    (  618): Failed to open /mnt/vendor/persist: Permission denied

11-03 16:44:12.867 D/vold    (  618): Starting trim of /cache

11-03 16:44:12.887 I/vold    (  618): Trimmed 232644608 bytes on /cache in 20ms

11-03 16:44:12.888 E/vold    (  618): [libfs_mgr]Warning: unknown flag forceformat

11-03 16:44:12.889 D/vold    (  618): idle maintenance completed

11-03 16:44:12.889 I/MountServiceIdler( 1866): Got mount service completion callback

11-03 16:44:12.889 I/MountServiceIdlerInjector( 1866): sNextTrimDuration :  7200000

11-03 16:44:35.174 W/ActivityManager( 1866): Background start not allowed: service Intent { cmp=com.guokr.mentor/com.hyphenate.chat.EMChatService } to com.guokr.mentor/com.hyphenate.chat.EMChatService from pid=18731 uid=10339 pkg=com.android.shell startFg?=false

11-03 16:44:44.028 E/storaged(  935): getDiskStats failed with result NOT_SUPPORTED and size 0

11-03 16:45:24.727 D/PowerManagerServiceInjector( 1866): wakeLock:[PARTIAL_WAKE_LOCK              '*job*/com.qihoo.appstore/.keepalive.scheduler.CoreJobService' (uid=1000 pid=1866 ws=WorkSource{10174})] is disabled by policy

11-03 16:45:25.247 E/BatteryExternalStatsWorker( 1866): no controller energy info supplied for bluetooth

11-03 16:45:37.346 I/UsageStatsService( 1866): User[0] Flushing usage stats to disk

11-03 16:45:38.986 D/ActivityManager( 1866): Raise procstate to external provider: ProcessRecord{329313c 6879:com.guokr.mentor:pushcore/u0a339}

11-03 16:45:38.991 D/ActivityManager( 1866): Raise procstate to external provider: ProcessRecord{329313c 6879:com.guokr.mentor:pushcore/u0a339}

11-03 16:45:38.993 I/chatty  ( 1866): uid=1000(system) Binder:1866_1 identical 1 line

11-03 16:45:39.000 D/ActivityManager( 1866): Raise procstate to external provider: ProcessRecord{329313c 6879:com.guokr.mentor:pushcore/u0a339}

11-03 16:45:44.033 E/storaged(  935): getDiskStats failed with result NOT_SUPPORTED and size 0

11-03 16:45:48.986 E/ActivityThread( 3387): Failed to find provider info for com.miui.whetstone

11-03 16:45:48.993 I/ActivityManager( 1866): Killing 14079:com.qualcomm.qti.qms.service.connectionsecurity/u0a142 (adj 906): empty for 3661s

11-03 16:46:44.037 E/storaged(  935): getDiskStats failed with result NOT_SUPPORTED and size 0

11-03 16:47:44.041 E/storaged(  935): getDiskStats failed with result NOT_SUPPORTED and size 0

11-03 16:48:31.609 E/BatteryExternalStatsWorker( 1866): no controller energy info supplied for bluetooth

11-03 16:48:44.046 E/storaged(  935): getDiskStats failed with result NOT_SUPPORTED and size 0

11-03 16:49:06.631 E/BatteryExternalStatsWorker( 1866): no controller energy info supplied for bluetooth

11-03 16:49:13.773 D/PowerManagerServiceInjector( 1866): wakeLock:[PARTIAL_WAKE_LOCK              '*alarm*' (uid=1000 pid=1866 ws=WorkSource{10174 com.qihoo.appstore})] is disabled by policy

11-03 16:49:13.808 D/PowerManagerServiceInjector( 1866): wakeLock:[PARTIAL_WAKE_LOCK              '*job*/com.qihoo.appstore/.keepalive.scheduler.CoreJobService' (uid=1000 pid=1866 ws=WorkSource{10174})] is disabled by policy

11-03 16:49:44.048 E/storaged(  935): getDiskStats failed with result NOT_SUPPORTED and size 0

11-03 16:50:16.112 W/ActivityManager( 1866): Stopping service due to app idle: u0a339 -11m25s944ms com.guokr.mentor/com.hyphenate.chat.EMChatService

11-03 16:50:16.126 W/ActivityManager( 1866): Background start not allowed: service Intent { cmp=com.guokr.mentor/com.hyphenate.chat.EMChatService } to com.guokr.mentor/com.hyphenate.chat.EMChatService from pid=6801 uid=10339 pkg=com.guokr.mentor startFg?=false

11-03 16:50:29.092 D/ActivityManager( 1866): Raise procstate to external provider: ProcessRecord{329313c 6879:com.guokr.mentor:pushcore/u0a339}

11-03 16:50:29.103 W/WakePathChecker( 1866): MIUILOG-WAKEPATH: call was rejected by wakepath. userId= 0 caller= com.guokr.mentor callee= com.xiaohe.ixiaostar classname=cn.jpush.android.service.DaemonService action=null wakeType=8

11-03 16:50:29.110 D/ActivityManager( 1866): Raise procstate to external provider: ProcessRecord{329313c 6879:com.guokr.mentor:pushcore/u0a339}

11-03 16:50:33.686 E/BatteryExternalStatsWorker( 1866): no controller energy info supplied for bluetooth

