11-03 16:09:29.356 D/PowerManagerServiceInjector( 1866): wakeLock:[PARTIAL_WAKE_LOCK              '*job*/com.qihoo.appstore.data.sync.provider/com.qihoo.appstore/手机助手:android' (uid=1000 pid=1866 ws=WorkSource{10174})] is disabled by policy

11-03 16:09:29.359 D/PowerManagerServiceInjector( 1866): wakeLock:[PARTIAL_WAKE_LOCK              '*sync*/com.qihoo.appstore.data.sync.provider/com.qihoo.appstore/手机助手' (uid=1000 pid=1866 ws=WorkSource{10174})] is disabled by policy

11-03 16:09:43.142 E/storaged(  935): getDiskStats failed with result NOT_SUPPORTED and size 0

11-03 16:10:01.099 D/PowerManagerServiceInjector( 1866): wakeLock:[PARTIAL_WAKE_LOCK              '*alarm*' (uid=1000 pid=1866 ws=WorkSource{10174 com.qihoo.appstore})] is disabled by policy

11-03 16:10:01.113 D/PowerManagerServiceInjector( 1866): wakeLock:[PARTIAL_WAKE_LOCK              '*job*/com.qihoo.appstore.data.sync.provider/com.qihoo.appstore/手机助手:android' (uid=1000 pid=1866 ws=WorkSource{10174})] is disabled by policy

11-03 16:10:01.119 D/PowerManagerServiceInjector( 1866): wakeLock:[PARTIAL_WAKE_LOCK              '*sync*/com.qihoo.appstore.data.sync.provider/com.qihoo.appstore/手机助手' (uid=1000 pid=1866 ws=WorkSource{10174})] is disabled by policy

11-03 16:10:01.189 D/PowerManagerServiceInjector( 1866): wakeLock:[PARTIAL_WAKE_LOCK              '*job*/com.qihoo.appstore.data.sync.provider/com.qihoo.appstore/手机助手:android' (uid=1000 pid=1866 ws=WorkSource{10174})] is disabled by policy

11-03 16:10:01.193 D/PowerManagerServiceInjector( 1866): wakeLock:[PARTIAL_WAKE_LOCK              '*sync*/com.qihoo.appstore.data.sync.provider/com.qihoo.appstore/手机助手' (uid=1000 pid=1866 ws=WorkSource{10174})] is disabled by policy

11-03 16:10:31.280 D/PowerManagerServiceInjector( 1866): wakeLock:[PARTIAL_WAKE_LOCK              '*alarm*' (uid=1000 pid=1866 ws=WorkSource{10174 com.qihoo.appstore})] is disabled by policy

11-03 16:10:31.289 D/PowerManagerServiceInjector( 1866): wakeLock:[PARTIAL_WAKE_LOCK              '*job*/com.qihoo.appstore.data.sync.provider/com.qihoo.appstore/手机助手:android' (uid=1000 pid=1866 ws=WorkSource{10174})] is disabled by policy

11-03 16:10:31.298 D/PowerManagerServiceInjector( 1866): wakeLock:[PARTIAL_WAKE_LOCK              '*sync*/com.qihoo.appstore.data.sync.provider/com.qihoo.appstore/手机助手' (uid=1000 pid=1866 ws=WorkSource{10174})] is disabled by policy

11-03 16:10:31.373 D/PowerManagerServiceInjector( 1866): wakeLock:[PARTIAL_WAKE_LOCK              '*job*/com.qihoo.appstore.data.sync.provider/com.qihoo.appstore/手机助手:android' (uid=1000 pid=1866 ws=WorkSource{10174})] is disabled by policy

11-03 16:10:31.377 D/PowerManagerServiceInjector( 1866): wakeLock:[PARTIAL_WAKE_LOCK              '*sync*/com.qihoo.appstore.data.sync.provider/com.qihoo.appstore/手机助手' (uid=1000 pid=1866 ws=WorkSource{10174})] is disabled by policy

11-03 16:10:43.145 E/storaged(  935): getDiskStats failed with result NOT_SUPPORTED and size 0

11-03 16:11:02.413 D/PowerManagerServiceInjector( 1866): wakeLock:[PARTIAL_WAKE_LOCK              '*alarm*' (uid=1000 pid=1866 ws=WorkSource{10174 com.qihoo.appstore})] is disabled by policy

11-03 16:11:02.421 D/PowerManagerServiceInjector( 1866): wakeLock:[PARTIAL_WAKE_LOCK              '*job*/com.qihoo.appstore.data.sync.provider/com.qihoo.appstore/手机助手:android' (uid=1000 pid=1866 ws=WorkSource{10174})] is disabled by policy

11-03 16:11:02.427 D/PowerManagerServiceInjector( 1866): wakeLock:[PARTIAL_WAKE_LOCK              '*sync*/com.qihoo.appstore.data.sync.provider/com.qihoo.appstore/手机助手' (uid=1000 pid=1866 ws=WorkSource{10174})] is disabled by policy

11-03 16:11:02.501 D/PowerManagerServiceInjector( 1866): wakeLock:[PARTIAL_WAKE_LOCK              '*job*/com.qihoo.appstore.data.sync.provider/com.qihoo.appstore/手机助手:android' (uid=1000 pid=1866 ws=WorkSource{10174})] is disabled by policy

11-03 16:11:02.505 D/PowerManagerServiceInjector( 1866): wakeLock:[PARTIAL_WAKE_LOCK              '*sync*/com.qihoo.appstore.data.sync.provider/com.qihoo.appstore/手机助手' (uid=1000 pid=1866 ws=WorkSource{10174})] is disabled by policy

11-03 16:11:33.301 D/ActivityManager( 1866): Raise procstate to external provider: ProcessRecord{329313c 6879:com.guokr.mentor:pushcore/u0a339}

11-03 16:11:33.310 D/ActivityManager( 1866): Raise procstate to external provider: ProcessRecord{329313c 6879:com.guokr.mentor:pushcore/u0a339}

11-03 16:11:34.098 D/PowerManagerServiceInjector( 1866): wakeLock:[PARTIAL_WAKE_LOCK              '*alarm*' (uid=1000 pid=1866 ws=WorkSource{10174 com.qihoo.appstore})] is disabled by policy

11-03 16:11:34.105 D/PowerManagerServiceInjector( 1866): wakeLock:[PARTIAL_WAKE_LOCK              '*job*/com.qihoo.appstore.data.sync.provider/com.qihoo.appstore/手机助手:android' (uid=1000 pid=1866 ws=WorkSource{10174})] is disabled by policy

11-03 16:11:34.111 D/PowerManagerServiceInjector( 1866): wakeLock:[PARTIAL_WAKE_LOCK              '*sync*/com.qihoo.appstore.data.sync.provider/com.qihoo.appstore/手机助手' (uid=1000 pid=1866 ws=WorkSource{10174})] is disabled by policy

11-03 16:11:34.185 D/PowerManagerServiceInjector( 1866): wakeLock:[PARTIAL_WAKE_LOCK              '*job*/com.qihoo.appstore.data.sync.provider/com.qihoo.appstore/手机助手:android' (uid=1000 pid=1866 ws=WorkSource{10174})] is disabled by policy

11-03 16:11:34.188 D/PowerManagerServiceInjector( 1866): wakeLock:[PARTIAL_WAKE_LOCK              '*sync*/com.qihoo.appstore.data.sync.provider/com.qihoo.appstore/手机助手' (uid=1000 pid=1866 ws=WorkSource{10174})] is disabled by policy

11-03 16:11:43.147 E/storaged(  935): getDiskStats failed with result NOT_SUPPORTED and size 0

11-03 16:12:04.963 D/PowerManagerServiceInjector( 1866): wakeLock:[PARTIAL_WAKE_LOCK              '*alarm*' (uid=1000 pid=1866 ws=WorkSource{10174 com.qihoo.appstore})] is disabled by policy

11-03 16:12:04.972 D/PowerManagerServiceInjector( 1866): wakeLock:[PARTIAL_WAKE_LOCK              '*job*/com.qihoo.appstore.data.sync.provider/com.qihoo.appstore/手机助手:android' (uid=1000 pid=1866 ws=WorkSource{10174})] is disabled by policy

11-03 16:12:04.978 D/PowerManagerServiceInjector( 1866): wakeLock:[PARTIAL_WAKE_LOCK              '*sync*/com.qihoo.appstore.data.sync.provider/com.qihoo.appstore/手机助手' (uid=1000 pid=1866 ws=WorkSource{10174})] is disabled by policy

11-03 16:12:05.055 D/PowerManagerServiceInjector( 1866): wakeLock:[PARTIAL_WAKE_LOCK              '*job*/com.qihoo.appstore.data.sync.provider/com.qihoo.appstore/手机助手:android' (uid=1000 pid=1866 ws=WorkSource{10174})] is disabled by policy

11-03 16:12:05.058 D/PowerManagerServiceInjector( 1866): wakeLock:[PARTIAL_WAKE_LOCK              '*sync*/com.qihoo.appstore.data.sync.provider/com.qihoo.appstore/手机助手' (uid=1000 pid=1866 ws=WorkSource{10174})] is disabled by policy

11-03 16:12:08.345 D/AutomaticBrightnessController( 1866): updateAutoBrightness: mScreenAutoBrightness=1172, newScreenAutoBrightness=1159

11-03 16:12:08.350 V/SettingsProvider( 1866): Notifying for 0: content://settings/system/screen_brightness

11-03 16:12:26.342 I/PowerManagerService( 1866): Going to sleep due to screen timeout (uid 1000)...

11-03 16:12:26.346 W/UsageStatsService( 1866): Event reported without a package name

11-03 16:12:26.371 I/WindowManager( 1866): Started going to sleep... (why=3)

11-03 16:12:26.395 D/AutomaticBrightnessController( 1866): updateAutoBrightness: mScreenAutoBrightness=1159, newScreenAutoBrightness=1160

11-03 16:12:26.397 V/SettingsProvider( 1866): Notifying for 0: content://settings/system/screen_brightness

11-03 16:12:26.683 I/DisplayPowerController( 1866): Blocking screen off

11-03 16:12:26.684 I/DisplayPowerController( 1866): Unblocked screen off after 1 ms

11-03 16:12:26.684 I/WindowManager( 1866): Screen turned off...

11-03 16:12:26.726 I/set_top_app( 1866): success /proc/6801/task/6801/top_app:0

11-03 16:12:26.726 I/set_top_app( 1866): success /proc/6801/task/8733/top_app:0

11-03 16:12:26.728 I/set_top_app( 1866): success /proc/8247/task/8247/top_app:0

11-03 16:12:26.732 D/ActivityManager( 1866): Raise procstate to external provider: ProcessRecord{329313c 6879:com.guokr.mentor:pushcore/u0a339}

11-03 16:12:26.740 D/ActivityManager( 1866): Raise procstate to external provider: ProcessRecord{329313c 6879:com.guokr.mentor:pushcore/u0a339}

11-03 16:12:26.765 D/ActivityManager( 1866): Raise procstate to external provider: ProcessRecord{329313c 6879:com.guokr.mentor:pushcore/u0a339}

11-03 16:12:26.782 D/ActivityManager( 1866): Raise procstate to external provider: ProcessRecord{329313c 6879:com.guokr.mentor:pushcore/u0a339}

11-03 16:12:26.785 W/ActivityManager( 1866): Background start not allowed: service Intent { act=miui.action.CAMERA_EMPTY_SERVICE pkg=com.android.camera } to com.android.camera/.EmptyService from pid=1866 uid=1000 pkg=android startFg?=false

11-03 16:12:26.785 E/WindowManager( 1866): IllegalAccessException

11-03 16:12:26.785 E/WindowManager( 1866): java.lang.IllegalStateException: Not allowed to start service Intent { act=miui.action.CAMERA_EMPTY_SERVICE pkg=com.android.camera }: app is in background uid UidRecord{ec3e037 u0a48 CEM  idle change:idle|cached procs:1 seq(0,0,0)}

11-03 16:12:26.785 E/WindowManager( 1866): 	at android.app.ContextImpl.startServiceCommon(ContextImpl.java:1587)

11-03 16:12:26.785 E/WindowManager( 1866): 	at android.app.ContextImpl.startServiceAsUser(ContextImpl.java:1559)

11-03 16:12:26.785 E/WindowManager( 1866): 	at com.android.server.policy.BaseMiuiPhoneWindowManager.startCameraProcess(BaseMiuiPhoneWindowManager.java:546)

11-03 16:12:26.785 E/WindowManager( 1866): 	at com.android.server.policy.BaseMiuiPhoneWindowManager.screenTurnedOff(BaseMiuiPhoneWindowManager.java:538)

11-03 16:12:26.785 E/WindowManager( 1866): 	at com.android.server.display.DisplayPowerController.setScreenState(DisplayPowerController.java:1196)

11-03 16:12:26.785 E/WindowManager( 1866): 	at com.android.server.display.DisplayPowerController.setScreenState(DisplayPowerController.java:1153)

11-03 16:12:26.785 E/WindowManager( 1866): 	at com.android.server.display.DisplayPowerController.animateScreenStateChange(DisplayPowerController.java:1415)

11-03 16:12:26.785 E/WindowManager( 1866): 	at com.android.server.display.DisplayPowerController.updatePowerState(DisplayPowerController.java:796)

11-03 16:12:26.785 E/WindowManager( 1866): 	at com.android.server.display.DisplayPowerController.access$500(DisplayPowerController.java:81)

11-03 16:12:26.785 E/WindowManager( 1866): 	at com.android.server.display.DisplayPowerController$DisplayControllerHandler.handleMessage(DisplayPowerController.java:1843)

11-03 16:12:26.785 E/WindowManager( 1866): 	at android.os.Handler.dispatchMessage(Handler.java:106)

11-03 16:12:26.785 E/WindowManager( 1866): 	at android.os.Looper.loop(Looper.java:207)

11-03 16:12:26.785 E/WindowManager( 1866): 	at android.os.HandlerThread.run(HandlerThread.java:65)

11-03 16:12:26.785 E/WindowManager( 1866): 	at com.android.server.ServiceThread.run(ServiceThread.java:44)

11-03 16:12:26.790 D/AutomaticBrightnessControllerInjector( 1866): setProximitySensorEnabled disable

11-03 16:12:26.792 D/AutomaticBrightnessControllerInjector( 1866): setAccSensorEnabled disable

11-03 16:12:26.794 I/LocalDisplayAdapter( 1866): setDisplayState(id=0, state=OFF)

11-03 16:12:26.794 I/DisplayManagerService( 1866): Display device changed state: "内置屏幕", OFF

11-03 16:12:26.982 W/DreamManagerService( 1866): Dream ComponentInfo{com.miui.aod/com.miui.aod.doze.DozeService} does not exist

11-03 16:12:26.982 I/PowerManagerService( 1866): Sleeping (uid 1000)...

11-03 16:12:26.983 I/WindowManager( 1866): Finished going to sleep... (why=3)

11-03 16:12:26.990 W/KeyguardViewMediator( 2280): doKeyguard: showing the lock screen

11-03 16:12:27.020 W/UsageStatsService( 1866): Event reported without a package name

11-03 16:12:27.074 V/LocationPolicy( 1866): Screen state changed

11-03 16:12:27.171 V/KeyguardDisplayManager( 2280): show

11-03 16:12:27.172 D/ConnectivityService( 1866): Returning UNBLOCKED NetworkInfo to uid=10174

11-03 16:12:27.687 E/BatteryExternalStatsWorker( 1866): no controller energy info supplied for bluetooth

11-03 16:12:37.135 D/PowerKeeper.AppStandby( 3465): enable standby chain

11-03 16:12:41.762 D/PowerManagerServiceInjector( 1866): wakeLock:[PARTIAL_WAKE_LOCK              '*job*/com.qihoo.appstore.data.sync.provider/com.qihoo.appstore/手机助手:android' (uid=1000 pid=1866 ws=WorkSource{10174})] is disabled by policy

11-03 16:12:41.767 D/PowerManagerServiceInjector( 1866): wakeLock:[PARTIAL_WAKE_LOCK              '*sync*/com.qihoo.appstore.data.sync.provider/com.qihoo.appstore/手机助手' (uid=1000 pid=1866 ws=WorkSource{10174})] is disabled by policy

11-03 16:12:41.829 D/PowerManagerServiceInjector( 1866): wakeLock:[PARTIAL_WAKE_LOCK              '*job*/com.qihoo.appstore.data.sync.provider/com.qihoo.appstore/手机助手:android' (uid=1000 pid=1866 ws=WorkSource{10174})] is disabled by policy

11-03 16:12:41.832 D/PowerManagerServiceInjector( 1866): wakeLock:[PARTIAL_WAKE_LOCK              '*sync*/com.qihoo.appstore.data.sync.provider/com.qihoo.appstore/手机助手' (uid=1000 pid=1866 ws=WorkSource{10174})] is disabled by policy

11-03 16:12:43.152 E/storaged(  935): getDiskStats failed with result NOT_SUPPORTED and size 0

11-03 16:13:14.623 D/PowerManagerServiceInjector( 1866): wakeLock:[PARTIAL_WAKE_LOCK              '*job*/com.qihoo.appstore.data.sync.provider/com.qihoo.appstore/手机助手:android' (uid=1000 pid=1866 ws=WorkSource{10174})] is disabled by policy

11-03 16:13:14.635 D/PowerManagerServiceInjector( 1866): wakeLock:[PARTIAL_WAKE_LOCK              '*sync*/com.qihoo.appstore.data.sync.provider/com.qihoo.appstore/手机助手' (uid=1000 pid=1866 ws=WorkSource{10174})] is disabled by policy

11-03 16:13:14.735 D/PowerManagerServiceInjector( 1866): wakeLock:[PARTIAL_WAKE_LOCK              '*job*/com.qihoo.appstore.data.sync.provider/com.qihoo.appstore/手机助手:android' (uid=1000 pid=1866 ws=WorkSource{10174})] is disabled by policy

11-03 16:13:14.738 D/PowerManagerServiceInjector( 1866): wakeLock:[PARTIAL_WAKE_LOCK              '*sync*/com.qihoo.appstore.data.sync.provider/com.qihoo.appstore/手机助手' (uid=1000 pid=1866 ws=WorkSource{10174})] is disabled by policy

11-03 16:13:15.157 E/BatteryExternalStatsWorker( 1866): no controller energy info supplied for bluetooth

11-03 16:13:27.193 V/LocationPolicy( 1866): writePolicyLocked()

11-03 16:13:31.153 E/BatteryExternalStatsWorker( 1866): no controller energy info supplied for bluetooth

11-03 16:13:43.155 E/storaged(  935): getDiskStats failed with result NOT_SUPPORTED and size 0

11-03 16:14:09.767 D/PowerManagerServiceInjector( 1866): wakeLock:[PARTIAL_WAKE_LOCK              '*job*/com.qihoo.appstore.data.sync.provider/com.qihoo.appstore/手机助手:android' (uid=1000 pid=1866 ws=WorkSource{10174})] is disabled by policy

11-03 16:14:09.774 D/PowerManagerServiceInjector( 1866): wakeLock:[PARTIAL_WAKE_LOCK              '*sync*/com.qihoo.appstore.data.sync.provider/com.qihoo.appstore/手机助手' (uid=1000 pid=1866 ws=WorkSource{10174})] is disabled by policy

11-03 16:14:09.861 D/PowerManagerServiceInjector( 1866): wakeLock:[PARTIAL_WAKE_LOCK              '*job*/com.qihoo.appstore.data.sync.provider/com.qihoo.appstore/手机助手:android' (uid=1000 pid=1866 ws=WorkSource{10174})] is disabled by policy

11-03 16:14:09.863 D/PowerManagerServiceInjector( 1866): wakeLock:[PARTIAL_WAKE_LOCK              '*sync*/com.qihoo.appstore.data.sync.provider/com.qihoo.appstore/手机助手' (uid=1000 pid=1866 ws=WorkSource{10174})] is disabled by policy

11-03 16:14:10.307 E/BatteryExternalStatsWorker( 1866): no controller energy info supplied for bluetooth

11-03 16:14:30.336 I/ActivityManager( 1866): Waited long enough for: ServiceRecord{fa78e35 u0 com.qihoo.appstore/com.qihoo.sdk.report.network.NetworkService}

11-03 16:14:36.373 W/ActivityManager( 1866): Stopping service due to app idle: u0a339 -31m31s792ms com.guokr.mentor/com.hyphenate.chat.EMChatService

11-03 16:14:36.387 W/ActivityManager( 1866): Background start not allowed: service Intent { cmp=com.guokr.mentor/com.hyphenate.chat.EMChatService } to com.guokr.mentor/com.hyphenate.chat.EMChatService from pid=6801 uid=10339 pkg=com.guokr.mentor startFg?=false

11-03 16:14:40.720 D/PowerManagerServiceInjector( 1866): wakeLock:[PARTIAL_WAKE_LOCK              '*alarm*' (uid=1000 pid=1866 ws=WorkSource{10174 com.qihoo.appstore})] is disabled by policy

11-03 16:14:40.729 D/PowerManagerServiceInjector( 1866): wakeLock:[PARTIAL_WAKE_LOCK              '*job*/com.qihoo.appstore.data.sync.provider/com.qihoo.appstore/手机助手:android' (uid=1000 pid=1866 ws=WorkSource{10174})] is disabled by policy

11-03 16:14:40.737 D/PowerManagerServiceInjector( 1866): wakeLock:[PARTIAL_WAKE_LOCK              '*sync*/com.qihoo.appstore.data.sync.provider/com.qihoo.appstore/手机助手' (uid=1000 pid=1866 ws=WorkSource{10174})] is disabled by policy

11-03 16:14:40.805 D/PowerManagerServiceInjector( 1866): wakeLock:[PARTIAL_WAKE_LOCK              '*job*/com.qihoo.appstore.data.sync.provider/com.qihoo.appstore/手机助手:android' (uid=1000 pid=1866 ws=WorkSource{10174})] is disabled by policy

11-03 16:14:40.807 D/PowerManagerServiceInjector( 1866): wakeLock:[PARTIAL_WAKE_LOCK              '*sync*/com.qihoo.appstore.data.sync.provider/com.qihoo.appstore/手机助手' (uid=1000 pid=1866 ws=WorkSource{10174})] is disabled by policy

11-03 16:14:43.158 E/storaged(  935): getDiskStats failed with result NOT_SUPPORTED and size 0

11-03 16:15:04.056 E/BatteryExternalStatsWorker( 1866): no controller energy info supplied for bluetooth

11-03 16:15:13.322 D/PowerManagerServiceInjector( 1866): wakeLock:[PARTIAL_WAKE_LOCK              '*alarm*' (uid=1000 pid=1866 ws=WorkSource{10174 com.qihoo.appstore})] is disabled by policy

11-03 16:15:13.330 D/PowerManagerServiceInjector( 1866): wakeLock:[PARTIAL_WAKE_LOCK              '*job*/com.qihoo.appstore.data.sync.provider/com.qihoo.appstore/手机助手:android' (uid=1000 pid=1866 ws=WorkSource{10174})] is disabled by policy

11-03 16:15:13.337 D/PowerManagerServiceInjector( 1866): wakeLock:[PARTIAL_WAKE_LOCK              '*sync*/com.qihoo.appstore.data.sync.provider/com.qihoo.appstore/手机助手' (uid=1000 pid=1866 ws=WorkSource{10174})] is disabled by policy

11-03 16:15:13.405 D/PowerManagerServiceInjector( 1866): wakeLock:[PARTIAL_WAKE_LOCK              '*job*/com.qihoo.appstore.data.sync.provider/com.qihoo.appstore/手机助手:android' (uid=1000 pid=1866 ws=WorkSource{10174})] is disabled by policy

11-03 16:15:13.408 D/PowerManagerServiceInjector( 1866): wakeLock:[PARTIAL_WAKE_LOCK              '*sync*/com.qihoo.appstore.data.sync.provider/com.qihoo.appstore/手机助手' (uid=1000 pid=1866 ws=WorkSource{10174})] is disabled by policy

11-03 16:15:18.692 I/PowerManagerService( 1866): Waking up from sleep (uid=1000 reason=android.server.power:POWER)...

11-03 16:15:18.692 I/PowerManagerService( 1866): waking up from opPackageName = android opUid = 1000

11-03 16:15:18.693 W/BroadcastQueue( 1866): Background execution not allowed: receiving Intent { act=android.intent.action.ACTION_POWER_DISCONNECTED flg=0x4000010 (has extras) } to com.lbe.security.miui/xm.dt.rs.PowerChangeReceiver

11-03 16:15:18.693 W/BroadcastQueue( 1866): Background execution not allowed: receiving Intent { act=android.intent.action.ACTION_POWER_DISCONNECTED flg=0x4000010 (has extras) } to com.miui.systemAdSolution/com.xiaomi.ad.server.AdReceiver

11-03 16:15:18.694 I/MiuiChargeManager( 2280): notifyBatteryStatusChanged:  status: 3 isPlugged: 0 level: 100 wireState: -1 chargeSpeed: 0 chargeDeviceType: -1

11-03 16:15:18.697 I/DisplayPowerController( 1866): Blocking screen on until initial contents have been drawn.

11-03 16:15:18.697 I/WindowManager( 1866): Screen turning on...

11-03 16:15:18.698 W/BroadcastQueue( 1866): Background execution not allowed: receiving Intent { act=android.intent.action.ACTION_POWER_DISCONNECTED flg=0x4000010 (has extras) } to com.miui.video/.schedule.UsbChargingReceiver

11-03 16:15:18.699 W/BroadcastQueue( 1866): Background execution not allowed: receiving Intent { act=android.intent.action.ACTION_POWER_DISCONNECTED flg=0x4000010 (has extras) } to io.appium.uiautomator2.server/.ServerInstrumentation$PowerConnectionReceiver

11-03 16:15:18.703 W/UsageStatsService( 1866): Event reported without a package name

11-03 16:15:18.708 W/KeyguardViewMediator( 2280): notifyScreenOn

11-03 16:15:18.708 W/KeyguardViewMediator( 2280): handleNotifyScreenTurningOn

11-03 16:15:18.708 W/KeyguardViewMediator( 2280): notifyDrawn

11-03 16:15:18.709 I/WindowManager( 1866): mKeyguardDelegate.ShowListener.onDrawn.

11-03 16:15:18.709 W/WindowManager( 1866): Setting mKeyguardDrawComplete

11-03 16:15:18.710 I/WindowManager( 1866): All windows ready for display!

11-03 16:15:18.710 W/WindowManager( 1866): Setting mWindowManagerDrawComplete

11-03 16:15:18.710 I/WindowManager( 1866): finishScreenTurningOn: mAwake=false, mScreenOnEarly=true, mScreenOnFully=false, mKeyguardDrawComplete=true, mWindowManagerDrawComplete=true

11-03 16:15:18.710 I/WindowManager( 1866): Finished screen turning on...

11-03 16:15:18.714 D/AutomaticBrightnessControllerInjector( 1866): setProximitySensorEnabled enable

11-03 16:15:18.720 D/AutomaticBrightnessControllerInjector( 1866): setAccSensorEnabled enable

11-03 16:15:18.721 E/BatteryExternalStatsWorker( 1866): no controller energy info supplied for bluetooth

11-03 16:15:18.725 I/DisplayPowerController( 1866): Unblocked screen on after 28 ms

11-03 16:15:18.731 I/LocalDisplayAdapter( 1866): setDisplayState(id=0, state=ON)

11-03 16:15:18.731 I/DisplayManagerService( 1866): Display device changed state: "内置屏幕", ON

11-03 16:15:18.739 I/WindowManager( 1866): Started waking up...

11-03 16:15:18.740 I/BatteryStatsImpl( 1866): Resetting battery stats: level=100 status=5 dischargeLevel=100 lowAmount=0 highAmount=0

11-03 16:15:18.776 I/BinderCallsStatsService( 1866): Resetting stats

11-03 16:15:18.812 D/StorageManagerService( 1866): Get the action of screen on

11-03 16:15:18.812 D/vold    (  618): The trim thread is not running

11-03 16:15:18.814 D/ConnectivityService( 1866): Returning BLOCKED NetworkInfo to uid=10339

11-03 16:15:18.831 V/LocationPolicy( 1866): Screen state changed

11-03 16:15:18.856 D/ConnectivityService( 1866): Returning BLOCKED NetworkInfo to uid=10174

11-03 16:15:18.865 V/LocationPolicy( 1866): writePolicyLocked()

11-03 16:15:18.892 D/AutomaticBrightnessControllerInjector( 1866): sProximity=0, lux=760.38336

11-03 16:15:18.892 D/AutomaticBrightnessControllerInjector( 1866): AmbientLux=760.38336, mDarkeningLuxThreshold=380.19168, mBrighteningLuxThreshold=1140.5751, angle_xy2horizon=0.5834971

11-03 16:15:18.892 D/AutomaticBrightnessController( 1866): updateAutoBrightness: mScreenAutoBrightness=-1, newScreenAutoBrightness=1097

11-03 16:15:18.892 D/AutomaticBrightnessControllerInjector( 1866): skip debounce!

11-03 16:15:18.892 D/AutomaticBrightnessControllerInjector( 1866): AmbientLux=760.38336, mDarkeningLuxThreshold=380.19168, mBrighteningLuxThreshold=1140.5751, angle_xy2horizon=0.5834971

11-03 16:15:18.904 V/SettingsProvider( 1866): Notifying for 0: content://settings/system/screen_brightness

11-03 16:15:18.931 D/DisplayFeatureManager( 1866): setScreenEffect mode=3 value=20

11-03 16:15:18.932 W/PowerManagerService( 1866): Screen on took 240 ms

11-03 16:15:18.932 I/WindowManager( 1866): Finished waking up...

11-03 16:15:19.068 E/BatteryExternalStatsWorker( 1866): no controller energy info supplied for bluetooth

11-03 16:15:19.069 I/EntropyMixer( 1866): Writing entropy...

11-03 16:15:19.069 W/BroadcastQueue( 1866): Background execution not allowed: receiving Intent { act=android.intent.action.ACTION_POWER_CONNECTED flg=0x4000010 (has extras) } to com.lbe.security.miui/xm.dt.rs.PowerChangeReceiver

11-03 16:15:19.072 W/BroadcastQueue( 1866): Background execution not allowed: receiving Intent { act=android.intent.action.ACTION_POWER_CONNECTED flg=0x4000010 (has extras) } to com.miui.systemAdSolution/com.xiaomi.ad.server.AdReceiver

11-03 16:15:19.072 W/BroadcastQueue( 1866): Background execution not allowed: receiving Intent { act=android.intent.action.ACTION_POWER_CONNECTED flg=0x4000010 (has extras) } to com.miui.video/.schedule.UsbChargingReceiver

11-03 16:15:19.100 I/MiuiChargeManager( 2280): notifyBatteryStatusChanged:  status: 4 isPlugged: 2 level: 100 wireState: 11 chargeSpeed: 0 chargeDeviceType: -1

11-03 16:15:19.134 W/ActivityManager( 1866): Unable to start service Intent { cmp=com.qihoo360.mobilesafe.chargescreen/com.qihoo360.service.PreloadService } U=0: not found

11-03 16:15:19.433 I/MiuiChargeManager( 2280): notifyBatteryStatusChanged:  status: 2 isPlugged: 2 level: 100 wireState: 11 chargeSpeed: 0 chargeDeviceType: -1

11-03 16:15:19.850 D/PerfShielderService( 1866): com.android.systemui|StatusBar|353|5508104263522|141|5|14

11-03 16:15:19.851 W/MiuiPerfServiceClient( 3234): interceptAndQueuing:2280|com.android.systemui|353|141|unknown|null|StatusBar|5508104263522|Slow issue draw commands|14

11-03 16:15:19.985 E/BatteryExternalStatsWorker( 1866): no controller energy info supplied for bluetooth

11-03 16:15:22.666 D/PowerManagerServiceInjector( 1866): wakeLock:[PARTIAL_WAKE_LOCK              '*alarm*' (uid=1000 pid=1866 ws=WorkSource{10174 com.qihoo.appstore})] is disabled by policy

11-03 16:15:22.703 D/PowerManagerServiceInjector( 1866): wakeLock:[PARTIAL_WAKE_LOCK              '*job*/com.qihoo.appstore/.keepalive.scheduler.CoreJobService' (uid=1000 pid=1866 ws=WorkSource{10174})] is disabled by policy

11-03 16:15:24.305 E/BatteryExternalStatsWorker( 1866): no controller energy info supplied for bluetooth

11-03 16:15:25.476 I/MiuiChargeManager( 2280): notifyBatteryStatusChanged:  status: 5 isPlugged: 2 level: 100 wireState: 11 chargeSpeed: 0 chargeDeviceType: -1

11-03 16:15:25.960 D/PowerManagerServiceInjector( 1866): wakeLock:[PARTIAL_WAKE_LOCK              '*alarm*' (uid=1000 pid=1866 ws=WorkSource{10174 com.qihoo.appstore})] is disabled by policy

11-03 16:15:26.001 E/BatteryExternalStatsWorker( 1866): no controller energy info supplied for bluetooth

11-03 16:15:38.837 I/MiuiChargeController( 2280): keyguard_screen_off_reason:charge animation

11-03 16:15:38.837 I/PowerManagerService( 1866): Going to sleep by application request (uid 1000)...

11-03 16:15:38.838 W/UsageStatsService( 1866): Event reported without a package name

11-03 16:15:38.859 I/set_top_app( 1866): success /proc/2280/task/2280/top_app:0

11-03 16:15:38.859 I/set_top_app( 1866): success /proc/2280/task/2461/top_app:0

11-03 16:15:38.861 I/WindowManager( 1866): Started going to sleep... (why=2)

11-03 16:15:38.895 D/AutomaticBrightnessController( 1866): updateAutoBrightness: mScreenAutoBrightness=1097, newScreenAutoBrightness=1162

11-03 16:15:38.896 V/SettingsProvider( 1866): Notifying for 0: content://settings/system/screen_brightness

11-03 16:15:39.174 I/DisplayPowerController( 1866): Blocking screen off

11-03 16:15:39.175 I/DisplayPowerController( 1866): Unblocked screen off after 1 ms

11-03 16:15:39.175 I/WindowManager( 1866): Screen turned off...

11-03 16:15:39.192 W/ActivityManager( 1866): Background start not allowed: service Intent { act=miui.action.CAMERA_EMPTY_SERVICE pkg=com.android.camera } to com.android.camera/.EmptyService from pid=1866 uid=1000 pkg=android startFg?=false

11-03 16:15:39.193 E/WindowManager( 1866): IllegalAccessException

11-03 16:15:39.193 E/WindowManager( 1866): java.lang.IllegalStateException: Not allowed to start service Intent { act=miui.action.CAMERA_EMPTY_SERVICE pkg=com.android.camera }: app is in background uid UidRecord{ec3e037 u0a48 CEM  idle change:idle|cached procs:1 seq(0,0,0)}

11-03 16:15:39.193 E/WindowManager( 1866): 	at android.app.ContextImpl.startServiceCommon(ContextImpl.java:1587)

11-03 16:15:39.193 E/WindowManager( 1866): 	at android.app.ContextImpl.startServiceAsUser(ContextImpl.java:1559)

11-03 16:15:39.193 E/WindowManager( 1866): 	at com.android.server.policy.BaseMiuiPhoneWindowManager.startCameraProcess(BaseMiuiPhoneWindowManager.java:546)

11-03 16:15:39.193 E/WindowManager( 1866): 	at com.android.server.policy.BaseMiuiPhoneWindowManager.screenTurnedOff(BaseMiuiPhoneWindowManager.java:538)

11-03 16:15:39.193 E/WindowManager( 1866): 	at com.android.server.display.DisplayPowerController.setScreenState(DisplayPowerController.java:1196)

11-03 16:15:39.193 E/WindowManager( 1866): 	at com.android.server.display.DisplayPowerController.setScreenState(DisplayPowerController.java:1153)

11-03 16:15:39.193 E/WindowManager( 1866): 	at com.android.server.display.DisplayPowerController.animateScreenStateChange(DisplayPowerController.java:1415)

11-03 16:15:39.193 E/WindowManager( 1866): 	at com.android.server.display.DisplayPowerController.updatePowerState(DisplayPowerController.java:796)

11-03 16:15:39.193 E/WindowManager( 1866): 	at com.android.server.display.DisplayPowerController.access$500(DisplayPowerController.java:81)

11-03 16:15:39.193 E/WindowManager( 1866): 	at com.android.server.display.DisplayPowerController$DisplayControllerHandler.handleMessage(DisplayPowerController.java:1843)

11-03 16:15:39.193 E/WindowManager( 1866): 	at android.os.Handler.dispatchMessage(Handler.java:106)

11-03 16:15:39.193 E/WindowManager( 1866): 	at android.os.Looper.loop(Looper.java:207)

11-03 16:15:39.193 E/WindowManager( 1866): 	at android.os.HandlerThread.run(HandlerThread.java:65)

11-03 16:15:39.193 E/WindowManager( 1866): 	at com.android.server.ServiceThread.run(ServiceThread.java:44)

11-03 16:15:39.201 D/AutomaticBrightnessControllerInjector( 1866): setProximitySensorEnabled disable

11-03 16:15:39.202 D/AutomaticBrightnessControllerInjector( 1866): setAccSensorEnabled disable

11-03 16:15:39.205 I/LocalDisplayAdapter( 1866): setDisplayState(id=0, state=OFF)

11-03 16:15:39.205 I/DisplayManagerService( 1866): Display device changed state: "内置屏幕", OFF

11-03 16:15:39.412 W/DreamManagerService( 1866): Dream ComponentInfo{com.miui.aod/com.miui.aod.doze.DozeService} does not exist

11-03 16:15:39.412 I/PowerManagerService( 1866): Sleeping (uid 1000)...

11-03 16:15:39.413 E/BatteryExternalStatsWorker( 1866): no controller energy info supplied for bluetooth

11-03 16:15:39.414 I/WindowManager( 1866): Finished going to sleep... (why=2)

11-03 16:15:39.489 V/LocationPolicy( 1866): Screen state changed

11-03 16:15:39.983 E/BatteryExternalStatsWorker( 1866): no controller energy info supplied for bluetooth

11-03 16:15:43.163 E/storaged(  935): getDiskStats failed with result NOT_SUPPORTED and size 0

11-03 16:15:45.522 D/PowerManagerServiceInjector( 1866): wakeLock:[PARTIAL_WAKE_LOCK              '*alarm*' (uid=1000 pid=1866 ws=WorkSource{10174 com.qihoo.appstore})] is disabled by policy

11-03 16:16:01.136 D/LocationPolicy( 1866): [uid = 10174, op = 1] is blocked by location policy

11-03 16:16:23.387 D/ConnectivityService( 1866): Returning UNBLOCKED NetworkInfo to uid=10339

11-03 16:16:23.404 D/ActivityManager( 1866): Raise procstate to external provider: ProcessRecord{329313c 6879:com.guokr.mentor:pushcore/u0a339}

11-03 16:16:23.417 D/ActivityManager( 1866): Raise procstate to external provider: ProcessRecord{329313c 6879:com.guokr.mentor:pushcore/u0a339}

11-03 16:16:23.621 D/ActivityManager( 1866): Raise procstate to external provider: ProcessRecord{329313c 6879:com.guokr.mentor:pushcore/u0a339}

11-03 16:16:23.632 D/ActivityManager( 1866): Raise procstate to external provider: ProcessRecord{329313c 6879:com.guokr.mentor:pushcore/u0a339}

11-03 16:16:23.640 I/chatty  ( 1866): uid=1000(system) Binder:1866_6 identical 1 line

11-03 16:16:23.648 D/ActivityManager( 1866): Raise procstate to external provider: ProcessRecord{329313c 6879:com.guokr.mentor:pushcore/u0a339}

11-03 16:16:23.657 D/ActivityManager( 1866): Raise procstate to external provider: ProcessRecord{329313c 6879:com.guokr.mentor:pushcore/u0a339}

11-03 16:16:39.601 V/LocationPolicy( 1866): writePolicyLocked()

11-03 16:16:43.167 E/storaged(  935): getDiskStats failed with result NOT_SUPPORTED and size 0

11-03 16:17:43.170 E/storaged(  935): getDiskStats failed with result NOT_SUPPORTED and size 0

11-03 16:18:31.617 E/BatteryExternalStatsWorker( 1866): no controller energy info supplied for bluetooth

11-03 16:18:43.175 E/storaged(  935): getDiskStats failed with result NOT_SUPPORTED and size 0

11-03 16:19:34.637 W/ActivityManager( 1866): Background start not allowed: service Intent { cmp=com.guokr.mentor/com.hyphenate.chat.EMChatService } to com.guokr.mentor/com.hyphenate.chat.EMChatService from pid=16495 uid=10339 pkg=com.android.shell startFg?=false

11-03 16:19:43.180 E/storaged(  935): getDiskStats failed with result NOT_SUPPORTED and size 0

11-03 16:20:22.819 D/PowerManagerServiceInjector( 1866): wakeLock:[PARTIAL_WAKE_LOCK              '*job*/com.qihoo.appstore/.keepalive.scheduler.CoreJobService' (uid=1000 pid=1866 ws=WorkSource{10174})] is disabled by policy

11-03 16:20:23.298 E/BatteryExternalStatsWorker( 1866): no controller energy info supplied for bluetooth

11-03 16:20:43.185 E/storaged(  935): getDiskStats failed with result NOT_SUPPORTED and size 0

11-03 16:21:13.727 D/ActivityManager( 1866): Raise procstate to external provider: ProcessRecord{329313c 6879:com.guokr.mentor:pushcore/u0a339}

11-03 16:21:13.740 D/ActivityManager( 1866): Raise procstate to external provider: ProcessRecord{329313c 6879:com.guokr.mentor:pushcore/u0a339}

11-03 16:21:13.801 I/LocationManagerInjector( 1866): com.guokr.mentor(10339) Request[POWER_LOW network requested=+2s0ms fastest=+2s0ms lowPowerMode=false] is blocked by policy

11-03 16:21:14.287 E/BatteryExternalStatsWorker( 1866): no controller energy info supplied for bluetooth

11-03 16:21:33.852 I/LocationManagerInjector( 1866): com.guokr.mentor(10339) Request[ACCURACY_FINE gps requested=+2s0ms fastest=+2s0ms lowPowerMode=false] is blocked by policy

11-03 16:21:43.187 E/storaged(  935): getDiskStats failed with result NOT_SUPPORTED and size 0

11-03 16:22:21.021 I/UsageStatsService( 1866): User[0] Flushing usage stats to disk

11-03 16:22:43.193 E/storaged(  935): getDiskStats failed with result NOT_SUPPORTED and size 0

11-03 16:23:31.614 E/BatteryExternalStatsWorker( 1866): no controller energy info supplied for bluetooth

11-03 16:23:43.197 E/storaged(  935): getDiskStats failed with result NOT_SUPPORTED and size 0

11-03 16:24:34.747 W/ActivityManager( 1866): Background start not allowed: service Intent { cmp=com.guokr.mentor/com.hyphenate.chat.EMChatService } to com.guokr.mentor/com.hyphenate.chat.EMChatService from pid=16762 uid=10339 pkg=com.android.shell startFg?=false

11-03 16:24:43.201 E/storaged(  935): getDiskStats failed with result NOT_SUPPORTED and size 0

11-03 16:25:19.615 D/PowerManagerServiceInjector( 1866): wakeLock:[PARTIAL_WAKE_LOCK              '*job*/com.qihoo.appstore.data.sync.provider/com.qihoo.appstore/手机助手:android' (uid=1000 pid=1866 ws=WorkSource{10174})] is disabled by policy

11-03 16:25:19.616 D/PowerManagerServiceInjector( 1866): wakeLock:[PARTIAL_WAKE_LOCK              '*job*/com.qihoo.appstore.data.sync.provider/com.qihoo.appstore/手机助手:android' (uid=1000 pid=1866 ws=WorkSource{10174})] is disabled by policy

11-03 16:25:19.627 D/PowerManagerServiceInjector( 1866): wakeLock:[PARTIAL_WAKE_LOCK              '*sync*/com.qihoo.appstore.data.sync.provider/com.qihoo.appstore/手机助手' (uid=1000 pid=1866 ws=WorkSource{10174})] is disabled by policy

11-03 16:25:19.629 D/PowerManagerServiceInjector( 1866): wakeLock:[PARTIAL_WAKE_LOCK              '*job*/com.qihoo.appstore/.keepalive.scheduler.CoreJobService' (uid=1000 pid=1866 ws=WorkSource{10174})] is disabled by policy

11-03 16:25:19.688 D/PowerManagerServiceInjector( 1866): wakeLock:[PARTIAL_WAKE_LOCK              '*job*/com.qihoo.appstore.data.sync.provider/com.qihoo.appstore/手机助手:android' (uid=1000 pid=1866 ws=WorkSource{10174})] is disabled by policy

11-03 16:25:19.690 D/PowerManagerServiceInjector( 1866): wakeLock:[PARTIAL_WAKE_LOCK              '*sync*/com.qihoo.appstore.data.sync.provider/com.qihoo.appstore/手机助手' (uid=1000 pid=1866 ws=WorkSource{10174})] is disabled by policy

11-03 16:25:19.715 D/PowerManagerServiceInjector( 1866): wakeLock:[PARTIAL_WAKE_LOCK              '*job*/com.qihoo.appstore.data.sync.provider/com.qihoo.appstore/手机助手:android' (uid=1000 pid=1866 ws=WorkSource{10174})] is disabled by policy

11-03 16:25:19.716 D/PowerManagerServiceInjector( 1866): wakeLock:[PARTIAL_WAKE_LOCK              '*sync*/com.qihoo.appstore.data.sync.provider/com.qihoo.appstore/手机助手' (uid=1000 pid=1866 ws=WorkSource{10174})] is disabled by policy

11-03 16:25:20.080 E/BatteryExternalStatsWorker( 1866): no controller energy info supplied for bluetooth

11-03 16:25:22.717 D/PowerManagerServiceInjector( 1866): wakeLock:[PARTIAL_WAKE_LOCK              '*alarm*' (uid=1000 pid=1866 ws=WorkSource{10174 com.qihoo.appstore})] is disabled by policy

11-03 16:25:22.743 D/PowerManagerServiceInjector( 1866): wakeLock:[PARTIAL_WAKE_LOCK              '*job*/com.qihoo.appstore/.keepalive.scheduler.CoreJobService' (uid=1000 pid=1866 ws=WorkSource{10174})] is disabled by policy

11-03 16:25:37.320 W/BaseMiuiPhoneWindowManager( 1866): keyCode:26 down:true eventTime:6126255 downTime:6126255 policyFlags:2000000 flags:8 deviceId:5 isScreenOn:false keyguardActive:true repeatCount:0

11-03 16:25:37.322 E/systemui_boost( 1866): render-thread tid = 0, do not boost

11-03 16:25:37.331 I/PowerManagerService( 1866): Waking up from sleep (uid=1000 reason=android.policy:POWER)...

11-03 16:25:37.331 I/PowerManagerService( 1866): waking up from opPackageName = android opUid = 1000

11-03 16:25:37.332 W/UsageStatsService( 1866): Event reported without a package name

11-03 16:25:37.332 I/DisplayPowerController( 1866): Blocking screen on until initial contents have been drawn.

11-03 16:25:37.332 I/WindowManager( 1866): Screen turning on...

11-03 16:25:37.340 I/WindowManager( 1866): Started waking up...

11-03 16:25:37.340 W/KeyguardViewMediator( 2280): notifyScreenOn

11-03 16:25:37.340 W/KeyguardViewMediator( 2280): handleNotifyScreenTurningOn

11-03 16:25:37.340 W/KeyguardViewMediator( 2280): notifyDrawn

11-03 16:25:37.341 I/WindowManager( 1866): mKeyguardDelegate.ShowListener.onDrawn.

11-03 16:25:37.341 W/WindowManager( 1866): Setting mKeyguardDrawComplete

11-03 16:25:37.341 I/WindowManager( 1866): All windows ready for display!

11-03 16:25:37.341 W/WindowManager( 1866): Setting mWindowManagerDrawComplete

11-03 16:25:37.349 D/AutomaticBrightnessControllerInjector( 1866): setProximitySensorEnabled enable

11-03 16:25:37.354 I/WindowManager( 1866): finishScreenTurningOn: mAwake=true, mScreenOnEarly=true, mScreenOnFully=false, mKeyguardDrawComplete=true, mWindowManagerDrawComplete=true

11-03 16:25:37.354 I/WindowManager( 1866): Finished screen turning on...

11-03 16:25:37.358 D/AutomaticBrightnessControllerInjector( 1866): setAccSensorEnabled enable

11-03 16:25:37.358 I/DisplayPowerController( 1866): Unblocked screen on after 26 ms

11-03 16:25:37.359 I/LocalDisplayAdapter( 1866): setDisplayState(id=0, state=ON)

11-03 16:25:37.359 I/DisplayManagerService( 1866): Display device changed state: "内置屏幕", ON

11-03 16:25:37.378 D/StorageManagerService( 1866): Get the action of screen on

11-03 16:25:37.378 D/vold    (  618): The trim thread is not running

11-03 16:25:37.386 V/LocationPolicy( 1866): Screen state changed

11-03 16:25:37.394 W/BaseMiuiPhoneWindowManager( 1866): keyCode:26 down:false eventTime:6126330 downTime:6126255 policyFlags:22000000 flags:8 deviceId:5 isScreenOn:true keyguardActive:true repeatCount:0

11-03 16:25:37.409 V/LocationPolicy( 1866): writePolicyLocked()

11-03 16:25:37.527 D/AutomaticBrightnessControllerInjector( 1866): sProximity=0, lux=823.85425

11-03 16:25:37.527 D/AutomaticBrightnessControllerInjector( 1866): AmbientLux=823.8543, mDarkeningLuxThreshold=411.92715, mBrighteningLuxThreshold=1235.7815, angle_xy2horizon=2.3735385

11-03 16:25:37.527 D/AutomaticBrightnessController( 1866): updateAutoBrightness: mScreenAutoBrightness=-1, newScreenAutoBrightness=1163

11-03 16:25:37.527 D/AutomaticBrightnessControllerInjector( 1866): skip debounce!

11-03 16:25:37.527 D/AutomaticBrightnessControllerInjector( 1866): AmbientLux=823.8543, mDarkeningLuxThreshold=411.92715, mBrighteningLuxThreshold=1235.7815, angle_xy2horizon=2.3735385

11-03 16:25:37.543 D/DisplayFeatureManager( 1866): setScreenEffect mode=3 value=20

11-03 16:25:37.543 W/PowerManagerService( 1866): Screen on took 224 ms

11-03 16:25:37.552 V/SettingsProvider( 1866): Notifying for 0: content://settings/system/screen_brightness

11-03 16:25:37.553 I/WindowManager( 1866): Finished waking up...

11-03 16:25:37.887 E/BatteryExternalStatsWorker( 1866): no controller energy info supplied for bluetooth

11-03 16:25:38.767 E/BatteryExternalStatsWorker( 1866): no controller energy info supplied for bluetooth

11-03 16:25:43.202 E/storaged(  935): getDiskStats failed with result NOT_SUPPORTED and size 0

11-03 16:25:51.385 W/miui_keyguard( 2280): unlock keyguard by pw

11-03 16:25:51.482 I/LockSettingsService( 1866): Unlocking user 0 with secret only, length 64

11-03 16:25:51.482 I/LockSettingsService( 1866): Disabling escrow token on user 0

11-03 16:25:51.483 I/LockSettingsService( 1866): Caching SP for user 0

11-03 16:25:51.484 I/LockSettingsService( 1866): Removing SP from cache for user 0

11-03 16:25:51.713 I/set_top_app( 1866): success /proc/6801/task/6801/top_app:1

11-03 16:25:51.713 I/set_top_app( 1866): success /proc/6801/task/8733/top_app:2

11-03 16:25:51.718 I/Timeline( 1866): Timeline: App_transition_ready time:6140654

11-03 16:25:51.718 I/Timeline( 1866): Timeline: App_transition_stopped time:6140654

11-03 16:25:51.719 I/face_unlock( 2280): keyguard dismiss time=1635927951719

11-03 16:25:51.719 I/face_unlock( 2280): face unlock time=1635927951719

11-03 16:25:51.725 W/UsageStatsService( 1866): Event reported without a package name

11-03 16:25:51.736 V/KeyguardDisplayManager( 2280): hide

11-03 16:25:51.737 I/face_unlock( 2280): keyguard exit time=1635927951737

11-03 16:25:51.739 V/UiModeManager( 1866): switch night mode to 1

11-03 16:25:51.744 D/PowerKeeper.AppStandby( 3465): disable standby chain

11-03 16:25:51.748 D/miui.face.FaceService( 3374): lock screen passed

11-03 16:25:51.748 W/BroadcastQueue( 1866): Background execution not allowed: receiving Intent { act=android.intent.action.USER_PRESENT flg=0x24200010 } to com.guokr.mentor/com.hyphenate.chat.EMMonitorReceiver

11-03 16:25:51.750 I/Timeline( 1866): Timeline: Activity_windows_visible id: ActivityRecord{54a903 u0 com.guokr.mentor/.activity.MainActivity t1489} time:6140686

11-03 16:25:51.751 W/BroadcastQueue( 1866): Background execution not allowed: receiving Intent { act=android.intent.action.USER_PRESENT flg=0x24200010 } to com.guokr.mentor/cn.jpush.android.service.PushReceiver

11-03 16:25:51.763 D/LocationPolicy( 1866): [uid = 10174, op = 1] is blocked by location policy

11-03 16:25:51.764 D/ActivityManager( 1866): Raise procstate to external provider: ProcessRecord{329313c 6879:com.guokr.mentor:pushcore/u0a339}

11-03 16:25:51.773 D/ActivityManager( 1866): Raise procstate to external provider: ProcessRecord{329313c 6879:com.guokr.mentor:pushcore/u0a339}

11-03 16:25:51.781 D/ActivityManager( 1866): Raise procstate to external provider: ProcessRecord{329313c 6879:com.guokr.mentor:pushcore/u0a339}

11-03 16:25:51.781 D/LocationPolicy( 1866): [uid = 10174, op = 1] is blocked by location policy

11-03 16:25:51.787 D/ActivityManager( 1866): Raise procstate to external provider: ProcessRecord{329313c 6879:com.guokr.mentor:pushcore/u0a339}

11-03 16:25:51.788 D/ActivityManager( 1866): Raise procstate to external provider: ProcessRecord{329313c 6879:com.guokr.mentor:pushcore/u0a339}

11-03 16:25:51.789 D/ActivityManager( 1866): Raise procstate to external provider: ProcessRecord{329313c 6879:com.guokr.mentor:pushcore/u0a339}

11-03 16:25:51.789 D/ActivityManager( 1866): Raise procstate to external provider: ProcessRecord{329313c 6879:com.guokr.mentor:pushcore/u0a339}

11-03 16:25:51.790 D/ActivityManager( 1866): Raise procstate to external provider: ProcessRecord{329313c 6879:com.guokr.mentor:pushcore/u0a339}

11-03 16:25:51.793 D/ActivityManager( 1866): Raise procstate to external provider: ProcessRecord{329313c 6879:com.guokr.mentor:pushcore/u0a339}

11-03 16:25:51.797 I/chatty  ( 1866): uid=1000(system) Binder:1866_1 identical 1 line

11-03 16:25:51.804 D/ActivityManager( 1866): Raise procstate to external provider: ProcessRecord{329313c 6879:com.guokr.mentor:pushcore/u0a339}

11-03 16:25:51.807 D/ActivityManager( 1866): Raise procstate to external provider: ProcessRecord{329313c 6879:com.guokr.mentor:pushcore/u0a339}

11-03 16:25:51.813 D/ActivityManager( 1866): Raise procstate to external provider: ProcessRecord{329313c 6879:com.guokr.mentor:pushcore/u0a339}

11-03 16:25:51.815 D/ActivityManager( 1866): Raise procstate to external provider: ProcessRecord{329313c 6879:com.guokr.mentor:pushcore/u0a339}

11-03 16:25:51.816 D/ActivityManager( 1866): Raise procstate to external provider: ProcessRecord{329313c 6879:com.guokr.mentor:pushcore/u0a339}

11-03 16:25:51.846 I/set_top_app( 1866): success /proc/2280/task/2280/top_app:0

11-03 16:25:51.846 I/set_top_app( 1866): success /proc/2280/task/2461/top_app:0

11-03 16:25:52.256 E/BatteryExternalStatsWorker( 1866): no controller energy info supplied for bluetooth

11-03 16:25:55.249 I/set_top_app( 1866): success /proc/2280/task/2280/top_app:0

11-03 16:25:55.249 I/set_top_app( 1866): success /proc/2280/task/2461/top_app:0

11-03 16:25:57.396 D/PowerManagerServiceInjector( 1866): wakeLock:[PARTIAL_WAKE_LOCK              '*alarm*' (uid=1000 pid=1866 ws=WorkSource{10174 com.qihoo.appstore})] is disabled by policy

11-03 16:26:03.733 D/ActivityManager( 1866): Raise procstate to external provider: ProcessRecord{329313c 6879:com.guokr.mentor:pushcore/u0a339}

11-03 16:26:03.739 D/ActivityManager( 1866): Raise procstate to external provider: ProcessRecord{329313c 6879:com.guokr.mentor:pushcore/u0a339}

11-03 16:26:07.074 I/ActivityManager( 1866): Waited long enough for: ServiceRecord{c7ea312 u0 com.qihoo.appstore/com.qihoo.sdk.report.network.NetworkService}

11-03 16:26:09.513 W/BaseMiuiPhoneWindowManager( 1866): keyCode:4 down:true eventTime:6158449 downTime:6158449 policyFlags:22000002 flags:48 deviceId:4 isScreenOn:true keyguardActive:false repeatCount:0

11-03 16:26:09.607 W/BaseMiuiPhoneWindowManager( 1866): keyCode:4 down:false eventTime:6158542 downTime:6158449 policyFlags:22000002 flags:48 deviceId:4 isScreenOn:true keyguardActive:false repeatCount:0

11-03 16:26:10.059 W/BaseMiuiPhoneWindowManager( 1866): keyCode:4 down:true eventTime:6158994 downTime:6158994 policyFlags:22000002 flags:48 deviceId:4 isScreenOn:true keyguardActive:false repeatCount:0

11-03 16:26:10.133 W/BaseMiuiPhoneWindowManager( 1866): keyCode:4 down:false eventTime:6159068 downTime:6158994 policyFlags:22000002 flags:48 deviceId:4 isScreenOn:true keyguardActive:false repeatCount:0

11-03 16:26:14.537 D/LocationPolicy( 1866): [uid = 10174, op = 1] is blocked by location policy

11-03 16:26:15.079 W/BaseMiuiPhoneWindowManager( 1866): keyCode:4 down:true eventTime:6164015 downTime:6164015 policyFlags:22000002 flags:48 deviceId:4 isScreenOn:true keyguardActive:false repeatCount:0

11-03 16:26:15.189 W/BaseMiuiPhoneWindowManager( 1866): keyCode:4 down:false eventTime:6164124 downTime:6164015 policyFlags:22000002 flags:48 deviceId:4 isScreenOn:true keyguardActive:false repeatCount:0

11-03 16:26:15.661 D/Boost   ( 1866): hostingType=service, hostingName=com.miui.contentcatcher/.autofill.services.MiuiAutofillService, callerPackage=android, isSystem=true, isBoostNeeded=false.

11-03 16:26:15.663 I/ActivityManager( 1866): Start proc 17043:com.miui.contentcatcher:autofill/1000 for service com.miui.contentcatcher/.autofill.services.MiuiAutofillService caller=android

11-03 16:26:16.534 W/BaseMiuiPhoneWindowManager( 1866): keyCode:4 down:true eventTime:6165470 downTime:6165470 policyFlags:22000002 flags:48 deviceId:4 isScreenOn:true keyguardActive:false repeatCount:0

11-03 16:26:16.639 W/BaseMiuiPhoneWindowManager( 1866): keyCode:4 down:false eventTime:6165575 downTime:6165470 policyFlags:22000002 flags:48 deviceId:4 isScreenOn:true keyguardActive:false repeatCount:0

11-03 16:26:19.613 W/BaseMiuiPhoneWindowManager( 1866): keyCode:4 down:true eventTime:6168549 downTime:6168549 policyFlags:22000002 flags:48 deviceId:4 isScreenOn:true keyguardActive:false repeatCount:0

11-03 16:26:19.722 W/BaseMiuiPhoneWindowManager( 1866): keyCode:4 down:false eventTime:6168657 downTime:6168549 policyFlags:22000002 flags:48 deviceId:4 isScreenOn:true keyguardActive:false repeatCount:0

11-03 16:26:19.734 I/ActivityManager( 1866): moveTaskToBack: TaskRecord{f6c3694 #1489 A=com.guokr.mentor U=0 StackId=3 sz=1}

11-03 16:26:19.753 I/set_top_app( 1866): success /proc/2664/task/2664/top_app:1

11-03 16:26:19.753 I/set_top_app( 1866): success /proc/2664/task/2974/top_app:2

11-03 16:26:19.757 I/set_top_app( 1866): success /proc/6801/task/6801/top_app:0

11-03 16:26:19.757 I/set_top_app( 1866): success /proc/6801/task/8733/top_app:0

11-03 16:26:19.758 I/set_top_app( 1866): success /proc/8247/task/8247/top_app:0

11-03 16:26:19.765 I/Timeline( 1866): Timeline: App_transition_ready time:6168701

11-03 16:26:19.771 V/SettingsProvider( 1866): Notifying for 0: content://settings/secure/com.miui.newhome.preferences.key_tips_show_time

